###############################################################################
#
# IAR ELF Linker V7.50.3.10732/W32 for ARM                12/Jun/2020  18:26:09
# Copyright 2007-2016 IAR Systems AB.
#
#    Output file  =  
#        C:\Users\qilai\Desktop\Project\Project5-NewNet\Nrf51800_W5500网关\Nrf51800_W5500网关\Project\Debug\Exe\Project.out
#    Map file     =  
#        C:\Users\qilai\Desktop\Project\Project5-NewNet\Nrf51800_W5500网关\Nrf51800_W5500网关\Project\Debug\List\Project.map
#    Command line =  
#        C:\Users\qilai\Desktop\Project\Project5-NewNet\Nrf51800_W5500网关\Nrf51800_W5500网关\Project\Debug\Obj\app.o
#        C:\Users\qilai\Desktop\Project\Project5-NewNet\Nrf51800_W5500网关\Nrf51800_W5500网关\Project\Debug\Obj\app_error.o
#        C:\Users\qilai\Desktop\Project\Project5-NewNet\Nrf51800_W5500网关\Nrf51800_W5500网关\Project\Debug\Obj\AT_Proc.o
#        C:\Users\qilai\Desktop\Project\Project5-NewNet\Nrf51800_W5500网关\Nrf51800_W5500网关\Project\Debug\Obj\ble_flash.o
#        C:\Users\qilai\Desktop\Project\Project5-NewNet\Nrf51800_W5500网关\Nrf51800_W5500网关\Project\Debug\Obj\cJSON.o
#        C:\Users\qilai\Desktop\Project\Project5-NewNet\Nrf51800_W5500网关\Nrf51800_W5500网关\Project\Debug\Obj\dhcp.o
#        C:\Users\qilai\Desktop\Project\Project5-NewNet\Nrf51800_W5500网关\Nrf51800_W5500网关\Project\Debug\Obj\dns.o
#        C:\Users\qilai\Desktop\Project\Project5-NewNet\Nrf51800_W5500网关\Nrf51800_W5500网关\Project\Debug\Obj\hal.o
#        C:\Users\qilai\Desktop\Project\Project5-NewNet\Nrf51800_W5500网关\Nrf51800_W5500网关\Project\Debug\Obj\iar_startup_nrf51.o
#        C:\Users\qilai\Desktop\Project\Project5-NewNet\Nrf51800_W5500网关\Nrf51800_W5500网关\Project\Debug\Obj\main.o
#        C:\Users\qilai\Desktop\Project\Project5-NewNet\Nrf51800_W5500网关\Nrf51800_W5500网关\Project\Debug\Obj\mqtt_interface.o
#        C:\Users\qilai\Desktop\Project\Project5-NewNet\Nrf51800_W5500网关\Nrf51800_W5500网关\Project\Debug\Obj\MQTTClient.o
#        C:\Users\qilai\Desktop\Project\Project5-NewNet\Nrf51800_W5500网关\Nrf51800_W5500网关\Project\Debug\Obj\MQTTConnectClient.o
#        C:\Users\qilai\Desktop\Project\Project5-NewNet\Nrf51800_W5500网关\Nrf51800_W5500网关\Project\Debug\Obj\MQTTConnectServer.o
#        C:\Users\qilai\Desktop\Project\Project5-NewNet\Nrf51800_W5500网关\Nrf51800_W5500网关\Project\Debug\Obj\MQTTDeserializePublish.o
#        C:\Users\qilai\Desktop\Project\Project5-NewNet\Nrf51800_W5500网关\Nrf51800_W5500网关\Project\Debug\Obj\MQTTFormat.o
#        C:\Users\qilai\Desktop\Project\Project5-NewNet\Nrf51800_W5500网关\Nrf51800_W5500网关\Project\Debug\Obj\MQTTPacket.o
#        C:\Users\qilai\Desktop\Project\Project5-NewNet\Nrf51800_W5500网关\Nrf51800_W5500网关\Project\Debug\Obj\MQTTSerializePublish.o
#        C:\Users\qilai\Desktop\Project\Project5-NewNet\Nrf51800_W5500网关\Nrf51800_W5500网关\Project\Debug\Obj\MQTTSubscribeClient.o
#        C:\Users\qilai\Desktop\Project\Project5-NewNet\Nrf51800_W5500网关\Nrf51800_W5500网关\Project\Debug\Obj\MQTTSubscribeServer.o
#        C:\Users\qilai\Desktop\Project\Project5-NewNet\Nrf51800_W5500网关\Nrf51800_W5500网关\Project\Debug\Obj\MQTTUnsubscribeClient.o
#        C:\Users\qilai\Desktop\Project\Project5-NewNet\Nrf51800_W5500网关\Nrf51800_W5500网关\Project\Debug\Obj\MQTTUnsubscribeServer.o
#        C:\Users\qilai\Desktop\Project\Project5-NewNet\Nrf51800_W5500网关\Nrf51800_W5500网关\Project\Debug\Obj\mystring.o
#        C:\Users\qilai\Desktop\Project\Project5-NewNet\Nrf51800_W5500网关\Nrf51800_W5500网关\Project\Debug\Obj\NetHandler.o
#        C:\Users\qilai\Desktop\Project\Project5-NewNet\Nrf51800_W5500网关\Nrf51800_W5500网关\Project\Debug\Obj\nrf24l01+.o
#        C:\Users\qilai\Desktop\Project\Project5-NewNet\Nrf51800_W5500网关\Nrf51800_W5500网关\Project\Debug\Obj\nrf_assert.o
#        C:\Users\qilai\Desktop\Project\Project5-NewNet\Nrf51800_W5500网关\Nrf51800_W5500网关\Project\Debug\Obj\nrf_delay.o
#        C:\Users\qilai\Desktop\Project\Project5-NewNet\Nrf51800_W5500网关\Nrf51800_W5500网关\Project\Debug\Obj\nrf_drv_clock.o
#        C:\Users\qilai\Desktop\Project\Project5-NewNet\Nrf51800_W5500网关\Nrf51800_W5500网关\Project\Debug\Obj\nrf_drv_common.o
#        C:\Users\qilai\Desktop\Project\Project5-NewNet\Nrf51800_W5500网关\Nrf51800_W5500网关\Project\Debug\Obj\nrf_drv_spi.o
#        C:\Users\qilai\Desktop\Project\Project5-NewNet\Nrf51800_W5500网关\Nrf51800_W5500网关\Project\Debug\Obj\nrf_drv_wdt.o
#        C:\Users\qilai\Desktop\Project\Project5-NewNet\Nrf51800_W5500网关\Nrf51800_W5500网关\Project\Debug\Obj\nrf_it.o
#        C:\Users\qilai\Desktop\Project\Project5-NewNet\Nrf51800_W5500网关\Nrf51800_W5500网关\Project\Debug\Obj\nrf_nvmc.o
#        C:\Users\qilai\Desktop\Project\Project5-NewNet\Nrf51800_W5500网关\Nrf51800_W5500网关\Project\Debug\Obj\nrf_soc.o
#        C:\Users\qilai\Desktop\Project\Project5-NewNet\Nrf51800_W5500网关\Nrf51800_W5500网关\Project\Debug\Obj\protobuf-c.o
#        C:\Users\qilai\Desktop\Project\Project5-NewNet\Nrf51800_W5500网关\Nrf51800_W5500网关\Project\Debug\Obj\radio_config.o
#        C:\Users\qilai\Desktop\Project\Project5-NewNet\Nrf51800_W5500网关\Nrf51800_W5500网关\Project\Debug\Obj\socket.o
#        C:\Users\qilai\Desktop\Project\Project5-NewNet\Nrf51800_W5500网关\Nrf51800_W5500网关\Project\Debug\Obj\SPI1.o
#        C:\Users\qilai\Desktop\Project\Project5-NewNet\Nrf51800_W5500网关\Nrf51800_W5500网关\Project\Debug\Obj\system_nrf51.o
#        C:\Users\qilai\Desktop\Project\Project5-NewNet\Nrf51800_W5500网关\Nrf51800_W5500网关\Project\Debug\Obj\Uart.o
#        C:\Users\qilai\Desktop\Project\Project5-NewNet\Nrf51800_W5500网关\Nrf51800_W5500网关\Project\Debug\Obj\UserInformation.pb-c.o
#        C:\Users\qilai\Desktop\Project\Project5-NewNet\Nrf51800_W5500网关\Nrf51800_W5500网关\Project\Debug\Obj\w5500.o
#        C:\Users\qilai\Desktop\Project\Project5-NewNet\Nrf51800_W5500网关\Nrf51800_W5500网关\Project\Debug\Obj\wizchip_conf.o
#        C:\Users\qilai\Desktop\Project\Project5-NewNet\Nrf51800_W5500网关\Nrf51800_W5500网关\Project\Debug\Obj\xqueue.o
#        -o
#        C:\Users\qilai\Desktop\Project\Project5-NewNet\Nrf51800_W5500网关\Nrf51800_W5500网关\Project\Debug\Exe\Project.out
#        --map
#        C:\Users\qilai\Desktop\Project\Project5-NewNet\Nrf51800_W5500网关\Nrf51800_W5500网关\Project\Debug\List\Project.map
#        --config "C:\Program Files (x86)\IAR Systems\Embedded Workbench
#        7.3\arm\config\linker\NordicSemi\nRF51822_QFAB.icf" --semihosting
#        --entry __iar_program_start --vfe
#
###############################################################################

*******************************************************************************
*** RUNTIME MODEL ATTRIBUTES
***

CppFlavor                     = *
__Heap_Handler                = DLMalloc
__SystemLibrary               = DLib
__dlib_dynamic_initialization = normal


*******************************************************************************
*** PLACEMENT SUMMARY
***

"A1":  place at 0x00000000 { ro section .intvec };
"P1":  place in [from 0x00000000 to 0x0001ffff] { ro };
"P2":  place in [from 0x20000000 to 0x20003fff] { rw, block CSTACK, block HEAP };

  Section             Kind        Address    Size  Object
  -------             ----        -------    ----  ------
"A1":                                        0xc0
  .intvec             ro code  0x00000000    0xc0  iar_startup_nrf51.o [1]
                             - 0x000000c0    0xc0

"P1":                                      0xc9e9
  .text               ro code  0x000000c0  0x168c  dlmalloc.o [3]
  .text               ro code  0x0000174c     0xa  abort.o [3]
  .text               ro code  0x00001756     0xa  xsprout.o [3]
  .text               ro code  0x00001760    0x2c  xgetmemchunk.o [3]
  .text               ro code  0x0000178c    0x5c  ABImemcpy.o [5]
  .text               ro code  0x000017e8    0x14  exit.o [6]
  .text               ro code  0x000017fc  0x12f4  cJSON.o [1]
  .text               ro code  0x00002af0    0x10  strlen.o [5]
  .text               ro code  0x00002b00   0x184  DblMul.o [4]
  .text               ro code  0x00002c84    0x34  I32ToDbl.o [4]
  .text               ro code  0x00002cb8   0x1b4  DblAddSub.o [4]
  .text               ro code  0x00002e6c    0x7c  system_nrf51.o [1]
  .text               ro code  0x00002ee8   0x890  pow.o [4]
  .text               ro code  0x00003778    0x52  DblToI32.o [4]
  .text               ro code  0x000037ca    0x24  DblCmpEq.o [4]
  .text               ro code  0x000037ee    0x32  DblCmpLe.o [4]
  .text               ro code  0x00003820    0x32  DblCmpGe.o [4]
  .text               ro code  0x00003852     0x2  iar_startup_nrf51.o [1]
  .text               ro code  0x00003854    0x38  sprintf.o [3]
  .text               ro code  0x0000388c    0x58  floor.o [4]
  .text               ro code  0x000038e4    0x10  strcpy.o [5]
  .text               ro code  0x000038f4    0x14  strchr.o [5]
  .text               ro code  0x00003908    0x64  ABImemset.o [5]
  .text               ro code  0x0000396c    0x2c  strncmp.o [3]
  .text               ro code  0x00003998    0x12  tolower.o [3]
  .text               ro code  0x000039aa    0x44  xdnorm.o [4]
  .text               ro code  0x000039ee     0x2  iar_startup_nrf51.o [1]
  .text               ro code  0x000039f0    0x8c  xdint.o [4]
  .text               ro code  0x00003a7c    0x10  errno.o [3]
  .text               ro code  0x00003a8c    0xc2  DblDiv.o [4]
  .text               ro code  0x00003b4e     0x2  iar_startup_nrf51.o [1]
  .text               ro code  0x00003b50    0xa4  xlog.o [4]
  .text               ro code  0x00003bf4   0x2b8  xexp.o [4]
  .text               ro code  0x00003eac   0xef2  xprintffull_nomb.o [3]
  .text               ro code  0x00004d9e     0x2  iar_startup_nrf51.o [1]
  .text               ro code  0x00004da0    0x14  setlocale.o [3]
  .text               ro code  0x00004db4     0xc  xlocale_c.o [3]
  .text               ro code  0x00004dc0     0x2  xtls.o [3]
  .text               ro code  0x00004dc2     0x2  iar_startup_nrf51.o [1]
  .text               ro code  0x00004dc4    0x3c  xdtest.o [4]
  .text               ro code  0x00004e00   0x11c  xdscale.o [4]
  .text               ro code  0x00004f1c    0x18  memchr.o [5]
  .text               ro code  0x00004f34    0x6a  I64DivMod.o [5]
  .text               ro code  0x00004f9e    0xe0  I32DivModFast.o [5]
  .text               ro code  0x0000507e     0x2  iar_startup_nrf51.o [1]
  .text               ro code  0x00005080    0x68  localeconv.o [3]
  .text               ro code  0x000050e8    0x20  div.o [3]
  .text               ro code  0x00005108     0x2  I64DivZer.o [5]
  .text               ro code  0x0000510a     0x2  iar_startup_nrf51.o [1]
  .text               ro code  0x0000510c     0x2  IntDivZer.o [5]
  .text               ro code  0x0000510e     0x2  iar_startup_nrf51.o [1]
  .text               ro code  0x00005110  0x1030  NetHandler.o [1]
  .text               ro code  0x00006140    0x90  nrf_nvmc.o [1]
  .text               ro code  0x000061d0   0x354  hal.o [1]
  .text               ro code  0x00006524   0xc30  dhcp.o [1]
  .text               ro code  0x00007154   0x5a8  wizchip_conf.o [1]
  .text               ro code  0x000076fc   0x3a4  dns.o [1]
  .text               ro code  0x00007aa0   0x2c0  w5500.o [1]
  .text               ro code  0x00007d60    0x24  strncpy.o [5]
  .text               ro code  0x00007d84   0x100  mqtt_interface.o [1]
  .text               ro code  0x00007e84   0x63a  MQTTClient.o [1]
  .text               ro code  0x000084be    0x1c  strcat.o [3]
  .text               ro code  0x000084da     0x2  iar_startup_nrf51.o [1]
  .text               ro code  0x000084dc   0x898  nrf24l01+.o [1]
  .text               ro code  0x00008d74    0x40  nrf_delay.o [1]
  .text               ro code  0x00008db4   0x2bc  nrf_drv_spi.o [1]
  .text               ro code  0x00009070    0x18  app_error.o [1]
  .text               ro code  0x00009088    0x58  nrf_drv_wdt.o [1]
  .text               ro code  0x000090e0    0x3c  vsnprint.o [3]
  .text               ro code  0x0000911c   0x868  socket.o [1]
  .text               ro code  0x00009984   0x20e  MQTTPacket.o [1]
  .text               ro code  0x00009b92     0x2  iar_startup_nrf51.o [1]
  .text               ro code  0x00009b94   0x2ac  MQTTConnectClient.o [1]
  .text               ro code  0x00009e40    0xf8  MQTTDeserializePublish.o [1]
  .text               ro code  0x00009f38   0x13c  MQTTSerializePublish.o [1]
  .text               ro code  0x0000a074   0x138  MQTTSubscribeClient.o [1]
  .text               ro code  0x0000a1ac   0x2ea  SPI1.o [1]
  .text               ro code  0x0000a496     0x2  iar_startup_nrf51.o [1]
  .text               ro code  0x0000a498    0x58  nrf_drv_common.o [1]
  .text               ro code  0x0000a4f0   0x864  AT_Proc.o [1]
  .text               ro code  0x0000ad54    0x38  strstr.o [3]
  .text               ro code  0x0000ad8c    0x58  Uart.o [1]
  .text               ro code  0x0000ade4    0xc0  mystring.o [1]
  .rodata             const    0x0000aea4   0x79c  UserInformation.pb-c.o [1]
  .text               ro code  0x0000b640   0x794  app.o [1]
  .text               ro code  0x0000bdd4    0xd8  xqueue.o [1]
  .text               ro code  0x0000beac   0x24c  radio_config.o [1]
  .text               ro code  0x0000c0f8   0x1dc  main.o [1]
  .text               ro code  0x0000c2d4    0x28  memcmp.o [5]
  .rodata             const    0x0000c2fc   0x1a0  AT_Proc.o [1]
  .text               ro code  0x0000c49c   0x174  nrf_it.o [1]
  .text               ro code  0x0000c610   0x14c  UserInformation.pb-c.o [1]
  .text               ro code  0x0000c75c    0x7c  lz77_init_single.o [5]
  .text               ro code  0x0000c7d8    0x3c  zero_init3.o [5]
  .text               ro code  0x0000c814    0x2c  iar_startup_nrf51.o [1]
  .rodata             const    0x0000c840    0x28  app.o [1]
  .text               ro code  0x0000c868    0x28  data_init.o [5]
  .iar.init_table     const    0x0000c890    0x20  - Linker created -
  .text               ro code  0x0000c8b0    0x1c  xsnprout.o [3]
  .text               ro code  0x0000c8cc    0x1a  cmain.o [5]
  .text               ro code  0x0000c8e6     0x4  low_level_init.o [3]
  .text               ro code  0x0000c8ea     0x8  exit.o [3]
  .text               ro code  0x0000c8f2     0x2  iar_startup_nrf51.o [1]
  .text               ro code  0x0000c8f4     0xa  cexit.o [5]
  .text               ro code  0x0000c8fe     0x2  iar_startup_nrf51.o [1]
  .rodata             const    0x0000c900    0x18  xprintffull_nomb.o [3]
  .text               ro code  0x0000c918     0xc  cstartup_M.o [5]
  .text               ro code  0x0000c924     0x2  iar_startup_nrf51.o [1]
  .text               ro code  0x0000c926     0x2  iar_startup_nrf51.o [1]
  .text               ro code  0x0000c928     0x2  iar_startup_nrf51.o [1]
  .text               ro code  0x0000c92a     0x2  iar_startup_nrf51.o [1]
  .text               ro code  0x0000c92c     0x2  iar_startup_nrf51.o [1]
  .text               ro code  0x0000c92e     0x2  iar_startup_nrf51.o [1]
  .text               ro code  0x0000c930     0x2  iar_startup_nrf51.o [1]
  .text               ro code  0x0000c932     0x2  iar_startup_nrf51.o [1]
  .text               ro code  0x0000c934     0x2  iar_startup_nrf51.o [1]
  .rodata             const    0x0000c938     0x1  protobuf-c.o [1]
  .rodata             const    0x0000c939     0x0  zero_init3.o [5]
  .rodata             const    0x0000c939     0x0  lz77_init_single.o [5]
  Initializer bytes   const    0x0000c939   0x170  <for P2-1>
                             - 0x0000caa9  0xc9e9

"P2", part 1 of 3:                         0x1160
  P2-1                         0x20000000  0x1160  <Init block>
    .data             inited   0x20000000    0x30  app.o [1]
    .data             inited   0x20000030    0xe4  AT_Proc.o [1]
    .data             inited   0x20000114     0xc  cJSON.o [1]
    .data             inited   0x20000120    0x48  dhcp.o [1]
    .data             inited   0x20000168    0x30  main.o [1]
    .data             inited   0x20000198     0x8  main.o [1]
    .data             inited   0x200001a0   0x62c  NetHandler.o [1]
    .data             inited   0x200007cc   0x840  NetHandler.o [1]
    .data             inited   0x2000100c    0x20  socket.o [1]
    .data             inited   0x2000102c     0x4  system_nrf51.o [1]
    .data             inited   0x20001030    0x2c  wizchip_conf.o [1]
    __DLIB_PERTHREAD  inited   0x2000105c     0x4  errno.o [3]
    __DLIB_PERTHREAD  inited   0x20001060    0x74  setlocale.o [3]
    __DLIB_PERTHREAD  inited   0x200010d4    0x88  localeconv.o [3]
    .data             inited   0x2000115c     0x4  nrf24l01+.o [1]
                             - 0x20001160  0x1160

"P2", part 2 of 3:                         0x1000
  CSTACK                       0x20001160   0x800  <Block>
    CSTACK            uninit   0x20001160   0x800  <Block tail>
  HEAP                         0x20001960   0x800  <Block>
    HEAP              uninit   0x20001960   0x800  <Block tail>
                             - 0x20002160  0x1000

"P2", part 3 of 3:                         0x1ae8
  .bss                zero     0x20002160   0x960  nrf24l01+.o [1]
  .bss                zero     0x20002ac0   0x874  NetHandler.o [1]
  .bss                zero     0x20003334   0x20c  AT_Proc.o [1]
  .bss                zero     0x20003540   0x204  NetHandler.o [1]
  .bss                zero     0x20003744   0x1d8  dlmalloc.o [3]
  .bss                zero     0x2000391c   0x194  NetHandler.o [1]
  .bss                zero     0x20003ab0    0xb8  Uart.o [1]
  .bss                zero     0x20003b68    0x20  nrf24l01+.o [1]
  .bss                zero     0x20003b88    0x1c  xqueue.o [1]
  .bss                zero     0x20003ba4    0x18  nrf_drv_spi.o [1]
  .bss                zero     0x20003bbc    0x18  dlmalloc.o [3]
  .bss                zero     0x20003bd4    0x15  radio_config.o [1]
  .bss                zero     0x20003bea     0x2  hal.o [1]
  .bss                zero     0x20003bec    0x10  NetHandler.o [1]
  .bss                zero     0x20003bfc     0xc  dns.o [1]
  .bss                zero     0x20003c08     0x8  dhcp.o [1]
  .bss                zero     0x20003c10     0x8  nrf24l01+.o [1]
  .bss                zero     0x20003c18     0x8  nrf_drv_wdt.o [1]
  .bss                zero     0x20003c20     0x5  wizchip_conf.o [1]
  .bss                zero     0x20003c26     0x2  hal.o [1]
  .bss                zero     0x20003c28     0x4  hal.o [1]
  .bss                zero     0x20003c2c     0x4  hal.o [1]
  .bss                zero     0x20003c30     0x4  mqtt_interface.o [1]
  .bss                zero     0x20003c34     0x4  MQTTPacket.o [1]
  .bss                zero     0x20003c38     0x4  nrf_drv_wdt.o [1]
  .bss                zero     0x20003c3c     0x4  xgetmemchunk.o [3]
  .bss                zero     0x20003c40     0x2  nrf_it.o [1]
  .bss                zero     0x20003c42     0x1  nrf24l01+.o [1]
  .bss                zero     0x20003c43     0x1  radio_config.o [1]
  .bss                zero     0x20003c44     0x1  SPI1.o [1]
  .bss                zero     0x20003c45     0x1  SPI1.o [1]
  .bss                zero     0x20003c46     0x1  SPI1.o [1]
                             - 0x20003c47  0x1ae7


*******************************************************************************
*** INIT TABLE
***

          Address     Size
          -------     ----
Zero (__iar_zero_init3)
    1 destination range, total size 0x1ae7:
          0x20002160  0x1ae7

Copy/lz77 (__iar_lz77_init_single3)
    1 source range, total size 0x170 (8% of destination):
          0x0000c939   0x170
    1 destination range, total size 0x1160:
          0x20000000  0x1160



*******************************************************************************
*** MODULE SUMMARY
***

    Module                    ro code  ro data  rw data
    ------                    -------  -------  -------
C:\Users\qilai\Desktop\Project\Project5-NewNet\Nrf51800_W5500网关\Nrf51800_W5500网关\Project\Debug\Obj: [1]
    AT_Proc.o                   2 148      435      752
    MQTTClient.o                1 594
    MQTTConnectClient.o           684
    MQTTDeserializePublish.o      248
    MQTTPacket.o                  526                 4
    MQTTSerializePublish.o        316
    MQTTSubscribeClient.o         312
    NetHandler.o                4 144      305    6 792
    SPI1.o                        746                 3
    Uart.o                         88               184
    UserInformation.pb-c.o        332    1 948
    app.o                       1 940       43       48
    app_error.o                    24
    cJSON.o                     4 852        1       12
    dhcp.o                      3 120        6       80
    dns.o                         932                12
    hal.o                         852                12
    iar_startup_nrf51.o           280
    main.o                        476        5       56
    mqtt_interface.o              256                 4
    mystring.o                    192
    nrf24l01+.o                 2 200        1    2 445
    nrf_delay.o                    64
    nrf_drv_common.o               88
    nrf_drv_spi.o                 700                24
    nrf_drv_wdt.o                  88                12
    nrf_it.o                      372                 2
    nrf_nvmc.o                    144
    protobuf-c.o                             1
    radio_config.o                588                22
    socket.o                    2 152        3       32
    system_nrf51.o                124                 4
    w5500.o                       704
    wizchip_conf.o              1 448        4       49
    xqueue.o                      216                28
    ---------------------------------------------------
    Total:                     32 950    2 752   10 577

command line: [2]
    ---------------------------------------------------
    Total:

dl6M_tlf.a: [3]
    abort.o                        10
    div.o                          32
    dlmalloc.o                  5 772               496
    errno.o                        16                 4
    exit.o                          8
    localeconv.o                  104       11      136
    low_level_init.o                4
    setlocale.o                    20       10      116
    sprintf.o                      56
    strcat.o                       28
    strncmp.o                      44
    strstr.o                       56
    tolower.o                      18
    vsnprint.o                     60
    xgetmemchunk.o                 44                 4
    xlocale_c.o                    12
    xprintffull_nomb.o          3 826       24
    xsnprout.o                     28
    xsprout.o                      10
    xtls.o                          2
    ---------------------------------------------------
    Total:                     10 150       45      756

m6M_tl.a: [4]
    DblAddSub.o                   436
    DblCmpEq.o                     36
    DblCmpGe.o                     50
    DblCmpLe.o                     50
    DblDiv.o                      194
    DblMul.o                      388
    DblToI32.o                     82
    I32ToDbl.o                     52
    floor.o                        88
    pow.o                       2 192
    xdint.o                       140
    xdnorm.o                       68
    xdscale.o                     284
    xdtest.o                       60
    xexp.o                        696
    xlog.o                        164
    ---------------------------------------------------
    Total:                      4 980

rt6M_tl.a: [5]
    ABImemcpy.o                    92
    ABImemset.o                   100
    I32DivModFast.o               224
    I64DivMod.o                   106
    I64DivZer.o                     2
    IntDivZer.o                     2
    cexit.o                        10
    cmain.o                        26
    cstartup_M.o                   12
    data_init.o                    40
    lz77_init_single.o            124
    memchr.o                       24
    memcmp.o                       40
    strchr.o                       20
    strcpy.o                       16
    strlen.o                       16
    strncpy.o                      36
    zero_init3.o                   60
    ---------------------------------------------------
    Total:                        950

shb_l.a: [6]
    exit.o                         20
    ---------------------------------------------------
    Total:                         20

    Gaps                                     2        2
    Linker created                          32    4 096
-------------------------------------------------------
    Grand Total:               49 050    2 831   15 431


*******************************************************************************
*** ENTRY LIST
***

Entry                      Address   Size  Type      Object
-----                      -------   ----  ----      ------
.iar.init_table$$Base   0x0000c890          --   Gb  - Linker created -
.iar.init_table$$Limit  0x0000c8b0          --   Gb  - Linker created -
?main                   0x0000c8cd         Code  Gb  cmain.o [5]
ADC_val                 0x2000333c    0x2  Data  Gb  AT_Proc.o [1]
ADDR_Save_Data          0x2000115c    0x1  Data  Gb  nrf24l01+.o [1]
ATCmds                  0x20000030   0xe4  Data  Gb  AT_Proc.o [1]
ATCurrentCmdNum         0x20003338    0x1  Data  Gb  AT_Proc.o [1]
ATNextCmdNum            0x20003337    0x1  Data  Gb  AT_Proc.o [1]
ATRec                   0x0000a82d   0x3c  Code  Gb  AT_Proc.o [1]
ATRecCmdNum             0x20003335    0x1  Data  Lc  AT_Proc.o [1]
ATSend                  0x0000a5bd   0x76  Code  Gb  AT_Proc.o [1]
CSQ_buffer              0x2000353c    0x4  Data  Gb  AT_Proc.o [1]
CSTACK$$Base            0x20001160          --   Gb  - Linker created -
CSTACK$$Limit           0x20001960          --   Gb  - Linker created -
Clear_ALL_nrf24l01_TempData
                        0x000088e9   0x38  Code  Gb  nrf24l01+.o [1]
Clear_Buffer_TimeOutTask
                        0x00008921   0x64  Code  Gb  nrf24l01+.o [1]
Clear_Flag              0x20003c42    0x1  Data  Gb  nrf24l01+.o [1]
CompareTime             0x0000ad21   0x1e  Code  Gb  AT_Proc.o [1]
ConnectNetwork          0x00007e4b   0x24  Code  Gb  mqtt_interface.o [1]
Creat_json_MQTT_SendData
                        0x00005c25  0x1b4  Code  Gb  NetHandler.o [1]
CurrentRty              0x20003334    0x1  Data  Lc  AT_Proc.o [1]
DHCP_CHADDR             0x20000120    0x8  Data  Gb  dhcp.o [1]
DHCP_REAL_SIP           0x2000012c    0x4  Data  Gb  dhcp.o [1]
DHCP_SIP                0x20000128    0x4  Data  Gb  dhcp.o [1]
DHCP_SOCKET             0x2000013c    0x1  Data  Gb  dhcp.o [1]
DHCP_XID                0x20000154    0x4  Data  Gb  dhcp.o [1]
DHCP_allocated_dns      0x20003c0c    0x4  Data  Gb  dhcp.o [1]
DHCP_allocated_gw       0x20000138    0x4  Data  Gb  dhcp.o [1]
DHCP_allocated_ip       0x20000134    0x4  Data  Gb  dhcp.o [1]
DHCP_allocated_sn       0x20003c08    0x4  Data  Gb  dhcp.o [1]
DHCP_init               0x00007051   0x78  Code  Gb  dhcp.o [1]
DHCP_proc               0x00005345   0x6c  Code  Gb  NetHandler.o [1]
DHCP_run                0x00006e51  0x178  Code  Gb  dhcp.o [1]
DHCP_stop               0x00006fc9   0x10  Code  Gb  dhcp.o [1]
DHCP_time_handler       0x000070c9    0xa  Code  Gb  dhcp.o [1]
DNS_Analyse             0x000053c5   0x64  Code  Gb  NetHandler.o [1]
DNS_MSGID               0x20003bfe    0x2  Data  Gb  dns.o [1]
DNS_SOCKET              0x20003bfc    0x1  Data  Gb  dns.o [1]
DNS_init                0x000079eb    0xc  Code  Gb  dns.o [1]
DNS_run                 0x000079f7   0x96  Code  Gb  dns.o [1]
DNS_time_handler        0x00007a8d    0xa  Code  Gb  dns.o [1]
DataRiver               0x2000391c  0x194  Data  Gb  NetHandler.o [1]
DataToSendBuffer        0x20002160  0x960  Data  Gb  nrf24l01+.o [1]
Find_string             0x0000ae41   0x4a  Code  Gb  mystring.o [1]
First_Power_ON_Flag     0x20000001    0x1  Data  Gb  app.o [1]
GPIOTE_IRQHandler       0x0000c49d   0x52  Code  Gb  nrf_it.o [1]
GPIO_Spi_init           0x0000a1ad   0x72  Code  Gb  SPI1.o [1]
GPRS_InitOver_Flag      0x2000333a    0x1  Data  Gb  AT_Proc.o [1]
GetSystemNowtime        0x000063b5    0x6  Code  Gb  hal.o [1]
HEAP$$Base              0x20001960          --   Gb  - Linker created -
HEAP$$Limit             0x20002160          --   Gb  - Linker created -
HOST_NAME               0x20000140    0x8  Data  Gb  dhcp.o [1]
HeartBeat_lenght        0x2000020c    0x4  Data  Gb  NetHandler.o [1]
HexToStr                0x000088a9   0x3c  Code  Gb  nrf24l01+.o [1]
IRQ_Flag0               0x20003c44    0x1  Data  Gb  SPI1.o [1]
IRQ_Flag1               0x20003c45    0x1  Data  Gb  SPI1.o [1]
IRQ_Flag2               0x20003c46    0x1  Data  Gb  SPI1.o [1]
IR_SendByte             0x000063f5   0x34  Code  Gb  hal.o [1]
IR_SendData             0x0000649d   0x16  Code  Gb  hal.o [1]
LoadInt                 0x00004467   0x68  Code  Lc  xprintffull_nomb.o [3]
LongIntToStr            0x0000ade5   0x58  Code  Gb  mystring.o [1]
LoopEvents              0x20000002    0x2  Data  Gb  app.o [1]
LoopEventstmp           0x20000004    0x2  Data  Gb  app.o [1]
LoopTimeEvents          0x20000006    0x2  Data  Lc  app.o [1]
LoopTimeEventstmp       0x20000008    0x2  Data  Lc  app.o [1]
MQTTClientInit          0x00007ecf   0x32  Code  Gb  MQTTClient.o [1]
MQTTConnect             0x000081e5   0xa8  Code  Gb  MQTTClient.o [1]
MQTTDeserialize_ack     0x00009ed9   0x58  Code  Gb  MQTTDeserializePublish.o [1]
MQTTDeserialize_connack
                        0x00009d6d   0x6e  Code  Gb  MQTTConnectClient.o [1]
MQTTDeserialize_publish
                        0x00009e41   0x98  Code  Gb  MQTTDeserializePublish.o [1]
MQTTDeserialize_suback  0x0000a11d   0x86  Code  Gb  MQTTSubscribeClient.o [1]
MQTTPacket_decode       0x000099af   0x3a  Code  Gb  MQTTPacket.o [1]
MQTTPacket_decodeBuf    0x00009a2d    0xe  Code  Gb  MQTTPacket.o [1]
MQTTPacket_encode       0x00009985   0x2a  Code  Gb  MQTTPacket.o [1]
MQTTPacket_equals       0x00009b57   0x3a  Code  Gb  MQTTPacket.o [1]
MQTTPacket_len          0x000099e9   0x24  Code  Gb  MQTTPacket.o [1]
MQTTPublish             0x000083cf   0xf0  Code  Gb  MQTTClient.o [1]
MQTTSerialize_ack       0x00009ffd   0x6e  Code  Gb  MQTTSerializePublish.o [1]
MQTTSerialize_connect   0x00009c15  0x156  Code  Gb  MQTTConnectClient.o [1]
MQTTSerialize_connectLength
                        0x00009b95   0x7e  Code  Gb  MQTTConnectClient.o [1]
MQTTSerialize_pingreq   0x00009df5   0x28  Code  Gb  MQTTConnectClient.o [1]
MQTTSerialize_publish   0x00009f61   0x9a  Code  Gb  MQTTSerializePublish.o [1]
MQTTSerialize_publishLength
                        0x00009f39   0x26  Code  Gb  MQTTSerializePublish.o [1]
MQTTSerialize_subscribe
                        0x0000a095   0x88  Code  Gb  MQTTSubscribeClient.o [1]
MQTTSerialize_subscribeLength
                        0x0000a075   0x1e  Code  Gb  MQTTSubscribeClient.o [1]
MQTTSubscribe           0x000082e5   0xea  Code  Gb  MQTTClient.o [1]
MQTTYield               0x000081b9   0x2c  Code  Gb  MQTTClient.o [1]
MQTT_Count_SendTimes    0x2000000c    0x4  Data  Gb  app.o [1]
MQTT_GPRS_Heartbeat     0x0000a775   0x7a  Code  Gb  AT_Proc.o [1]
MQTT_GPRS_ResvData      0x0000a8e1  0x140  Code  Gb  AT_Proc.o [1]
MQTT_GPRS_SendData      0x0000a659   0xd2  Code  Gb  AT_Proc.o [1]
MQTT_GPRS_SendRscvDataCMD
                        0x0000a869   0x30  Code  Gb  AT_Proc.o [1]
MQTT_HeartBeat          0x00005ee1   0x7e  Code  Gb  NetHandler.o [1]
MQTT_Init               0x00005979  0x168  Code  Gb  NetHandler.o [1]
MQTT_Relay_AlarmCount   0x20000010    0x4  Data  Gb  app.o [1]
MQTT_Relay_AlarmCount_flag
                        0x20000000    0x1  Data  Gb  app.o [1]
MQTT_Resv_Alarm         0x200001ac    0x1  Data  Gb  NetHandler.o [1]
MQTT_Resv_AlarmData     0x20000208    0x4  Data  Gb  NetHandler.o [1]
MQTT_Resv_AlarmTime     0x200001af    0x1  Data  Gb  NetHandler.o [1]
MQTT_Resv_Channel       0x200001b0    0x1  Data  Gb  NetHandler.o [1]
MQTT_Resv_Cycle         0x200001ae    0x1  Data  Gb  NetHandler.o [1]
MQTT_Resv_Read_data     0x200001ad    0x1  Data  Gb  NetHandler.o [1]
MQTT_Resv_SensorCycle   0x200001b2    0x1  Data  Gb  NetHandler.o [1]
MQTT_Resv_SensorNum     0x200001b1    0x1  Data  Gb  NetHandler.o [1]
MQTT_Save_Data          0x200001a0    0x8  Data  Gb  NetHandler.o [1]
MQTT_SendData           0x00005f75   0xe2  Code  Gb  NetHandler.o [1]
MQTT_Working            0x00006057   0x18  Code  Gb  NetHandler.o [1]
MQTTstrlen              0x00009b47   0x10  Code  Gb  MQTTPacket.o [1]
MilliTimer              0x20003c30    0x4  Data  Gb  mqtt_interface.o [1]
MilliTimer_Handler      0x00007d85    0xa  Code  Gb  mqtt_interface.o [1]
NB_Init                 0x0000aa8d   0x3a  Code  Gb  AT_Proc.o [1]
NB_SendDataBuff         0x20003348  0x1f4  Data  Gb  AT_Proc.o [1]
NB_TaskStatus           0x20003336    0x1  Data  Gb  AT_Proc.o [1]
NB_Work                 0x0000aae1   0x1c  Code  Gb  AT_Proc.o [1]
NRF_ALLReflash_Channel  0x00008b7d   0x28  Code  Gb  nrf24l01+.o [1]
NRF_Data_Poll           0x00008985   0x6c  Code  Gb  nrf24l01+.o [1]
NRF_Data_Poll_1         0x20002ac0  0x874  Data  Gb  NetHandler.o [1]
NVIC_SetPriority        0x000061d1   0x34  Code  Lc  hal.o [1]
NetworkInitHandler      0x000054bd  0x11a  Code  Gb  NetHandler.o [1]
NewNetwork              0x00007dcb   0x10  Code  Gb  mqtt_interface.o [1]
NewTime                 0x2000016c    0x4  Data  Gb  main.o [1]
OLD_allocated_ip        0x20000130    0x4  Data  Gb  dhcp.o [1]
PHY_Status              0x20000198    0x8  Data  Gb  main.o [1]
Pack_Num_Last           0x200001b4    0x2  Data  Gb  NetHandler.o [1]
RADIO_DATA_LIST_HEAD    0x20003b88   0x1c  Data  Gb  xqueue.o [1]
RADIO_IRQHandler        0x0000c029   0x76  Code  Gb  radio_config.o [1]
Read_ID                 0x20000180   0x10  Data  Gb  main.o [1]
Rec_WaitAT              0x0000ab2d  0x12e  Code  Gb  AT_Proc.o [1]
RecivePkg               0x20003540  0x204  Data  Gb  NetHandler.o [1]
Region$$Table$$Base     0x0000c890          --   Gb  - Linker created -
Region$$Table$$Limit    0x0000c8b0          --   Gb  - Linker created -
SPI0_TWI0_IRQHandler    0x0000901d   0x2e  Code  Gb  nrf_drv_spi.o [1]
SPI_CS_Deselect         0x0000513b    0xa  Code  Gb  NetHandler.o [1]
SPI_CS_Select           0x00005131    0xa  Code  Gb  NetHandler.o [1]
SPI_CrisEnter           0x00005121    0x8  Code  Gb  NetHandler.o [1]
SPI_CrisExit            0x00005129    0x8  Code  Gb  NetHandler.o [1]
SPI_ReadByte            0x000064dd   0x2a  Code  Gb  hal.o [1]
SPI_WriteByte           0x000064b5   0x26  Code  Gb  hal.o [1]
Saved_Channel           0x2000115f    0x1  Data  Gb  nrf24l01+.o [1]
SendBuffer              0x20000248  0x4b0  Data  Gb  NetHandler.o [1]
SendData_lenght         0x20000210    0x4  Data  Gb  NetHandler.o [1]
SensorNum               0x200001b3    0x1  Data  Gb  NetHandler.o [1]
SoftTimeingLoopEvent    0x0000bc65   0x9c  Code  Gb  app.o [1]
SoftWareEventInLoop     0x0000b691  0x14c  Code  Gb  app.o [1]
SoftWareInit            0x0000b641   0x26  Code  Gb  app.o [1]
SoftWareTimeingEventInLoop
                        0x0000b8e9  0x1aa  Code  Gb  app.o [1]
SubTopic                0x2000072c   0x34  Data  Gb  NetHandler.o [1]
SystemCoreClock         0x2000102c    0x4  Data  Gb  system_nrf51.o [1]
SystemInit              0x00002e6d   0x66  Code  Gb  system_nrf51.o [1]
SystemNowtime           0x20003c28    0x4  Data  Gb  hal.o [1]
TIMER0_IRQHandler       0x0000c4ef   0x2a  Code  Gb  nrf_it.o [1]
TIMER1_IRQHandler       0x0000c519   0x3a  Code  Gb  nrf_it.o [1]
TIMER2_IRQHandler       0x0000c553   0x66  Code  Gb  nrf_it.o [1]
Temp_Data               0x20003c10    0x8  Data  Gb  nrf24l01+.o [1]
TimeNB                  0x20003340    0x8  Data  Lc  AT_Proc.o [1]
TimerCountdown          0x00007dab   0x10  Code  Gb  mqtt_interface.o [1]
TimerCountdownMS        0x00007da1    0xa  Code  Gb  mqtt_interface.o [1]
TimerInit               0x00007d8f    0x6  Code  Gb  mqtt_interface.o [1]
TimerIsExpired          0x00007d95    0xc  Code  Gb  mqtt_interface.o [1]
TimerLeftMS             0x00007dbb   0x10  Code  Gb  mqtt_interface.o [1]
Topic                   0x200006f8   0x34  Data  Gb  NetHandler.o [1]
UART0_IRQHandler        0x0000ada9   0x2e  Code  Gb  Uart.o [1]
UART_Printf             0x0000636d   0x28  Code  Gb  hal.o [1]
Uart_SendStr            0x00006395   0x20  Code  Gb  hal.o [1]
Unpack_json_MQTT_ResvData
                        0x00005679  0x180  Code  Gb  NetHandler.o [1]
W5500_Diver_Test        0x0000c1f3   0x46  Code  Gb  main.o [1]
W5500_NOPHY_TryGPRS_Flag
                        0x200007e4    0x1  Data  Gb  NetHandler.o [1]
WDT_IRQHandler          0x00009089   0x1a  Code  Gb  nrf_drv_wdt.o [1]
WIZCHIP                 0x20001030   0x2c  Data  Gb  wizchip_conf.o [1]
WIZCHIP_READ            0x00007aa1   0x54  Code  Gb  w5500.o [1]
WIZCHIP_READ_BUF        0x00007b49   0x68  Code  Gb  w5500.o [1]
WIZCHIP_WRITE           0x00007af5   0x54  Code  Gb  w5500.o [1]
WIZCHIP_WRITE_BUF       0x00007bb1   0x72  Code  Gb  w5500.o [1]
_DHCP_                  0x20003c24    0x1  Data  Lc  wizchip_conf.o [1]
_DNS_                   0x20003c20    0x4  Data  Lc  wizchip_conf.o [1]
_GenldFullNoMb          0x00004a99  0x2d2  Code  Lc  xprintffull_nomb.o [3]
_IsdstStr               0x20001064    0x4  Data  Gb  setlocale.o [3]
_LdtobFullNoMb          0x00004601  0x484  Code  Lc  xprintffull_nomb.o [3]
_LitobFullNoMb          0x000044cf  0x12e  Code  Lc  xprintffull_nomb.o [3]
_LocaleC_tolower        0x00004db5    0xc  Code  Gb  xlocale_c.o [3]
_LocaleForCat           0x00004da1   0x10  Code  Gb  setlocale.o [3]
_LocaleReturnString     0x20001084   0x50  Data  Lc  setlocale.o [3]
_Locale_Profile         0x20001068   0x1c  Data  Gb  setlocale.o [3]
_Locale_aeabi_lconv     0x20001124   0x38  Data  Gb  localeconv.o [3]
_Locale_lconv           0x200010d4   0x50  Data  Gb  localeconv.o [3]
_PrintfFullNoMb         0x00003ead  0x5ba  Code  Gb  xprintffull_nomb.o [3]
_PutcharsFullNoMb       0x00004d6f   0x30  Code  Lc  xprintffull_nomb.o [3]
_SNProut                0x0000c8b1   0x1c  Code  Gb  xsnprout.o [3]
_SProut                 0x00001757    0xa  Code  Gb  xsprout.o [3]
_TzoneStr               0x20001060    0x4  Data  Gb  setlocale.o [3]
__Vectors               0x00000000          --   Gb  iar_startup_nrf51.o [1]
__Vectors_End           0x000000c0         Data  Gb  iar_startup_nrf51.o [1]
__Vectors_Size {Abs}    0x000000c0          --   Gb  iar_startup_nrf51.o [1]
__aeabi_cdcmpeq         0x000037cb         Code  Gb  DblCmpEq.o [4]
__aeabi_cdcmple         0x000037ef         Code  Gb  DblCmpLe.o [4]
__aeabi_cdrcmple        0x00003821         Code  Gb  DblCmpGe.o [4]
__aeabi_d2iz            0x00003779         Code  Gb  DblToI32.o [4]
__aeabi_d2uiz           0x0000379d         Code  Gb  DblToI32.o [4]
__aeabi_dadd            0x00002cb9         Code  Gb  DblAddSub.o [4]
__aeabi_ddiv            0x00003a8d         Code  Gb  DblDiv.o [4]
__aeabi_dmul            0x00002b01         Code  Gb  DblMul.o [4]
__aeabi_dsub            0x00002d7f         Code  Gb  DblAddSub.o [4]
__aeabi_errno_addr      0x00003a7d    0xa  Code  Gb  errno.o [3]
__aeabi_i2d             0x00002c85         Code  Gb  I32ToDbl.o [4]
__aeabi_idiv            0x00004fcb         Code  Gb  I32DivModFast.o [5]
__aeabi_idiv0           0x0000510d         Code  Gb  IntDivZer.o [5]
__aeabi_idivmod         0x00004fcb         Code  Gb  I32DivModFast.o [5]
__aeabi_ldiv0           0x00005109         Code  Gb  I64DivZer.o [5]
__aeabi_memclr          0x00003965         Code  Gb  ABImemset.o [5]
__aeabi_memclr4         0x00003969         Code  Gb  ABImemset.o [5]
__aeabi_memclr8         0x00003969         Code  Gb  ABImemset.o [5]
__aeabi_memcpy          0x0000178d         Code  Gb  ABImemcpy.o [5]
__aeabi_memcpy4         0x000017b5         Code  Wk  ABImemcpy.o [5]
__aeabi_memset          0x00003909         Code  Gb  ABImemset.o [5]
__aeabi_memset4         0x00003929         Code  Gb  ABImemset.o [5]
__aeabi_memset8         0x00003929         Code  Gb  ABImemset.o [5]
__aeabi_ui2d            0x00002c99         Code  Gb  I32ToDbl.o [4]
__aeabi_uidiv           0x00004fd1         Code  Gb  I32DivModFast.o [5]
__aeabi_uidivmod        0x00004fd1         Code  Gb  I32DivModFast.o [5]
__aeabi_uldivmod        0x00004f35         Code  Gb  I64DivMod.o [5]
__cmain                 0x0000c8cd         Code  Gb  cmain.o [5]
__data_GetMemChunk      0x00001761   0x2c  Code  Gb  xgetmemchunk.o [3]
__exit                  0x000017e9   0x14  Code  Gb  exit.o [6]
__iar_Dint              0x000039f1   0x8c  Code  Gb  xdint.o [4]
__iar_Dnorm             0x000039ab   0x44  Code  Gb  xdnorm.o [4]
__iar_Dscale            0x00004e01  0x11c  Code  Gb  xdscale.o [4]
__iar_Dtest             0x00004dc5   0x3c  Code  Gb  xdtest.o [4]
__iar_Errno             0x2000105c    0x4  Data  Gb  errno.o [3]
__iar_Exp               0x00003bf5  0x2b8  Code  Gb  xexp.o [4]
__iar_Locale_lconv_init
                        0x00005081   0x32  Code  Gb  localeconv.o [3]
__iar_Logpoly           0x00003b51   0x6c  Code  Gb  xlog.o [4]
__iar_Memchr            0x00004f1d   0x18  Code  Gb  memchr.o [5]
__iar_Memset4_word      0x00003935         Code  Gb  ABImemset.o [5]
__iar_Memset_word       0x00003915         Code  Gb  ABImemset.o [5]
__iar_Strchr            0x000038f5   0x14  Code  Gb  strchr.o [5]
__iar_Strstr            0x0000ad55   0x38  Code  Gb  strstr.o [3]
__iar_d2uiz             0x000037a1         Code  Gb  DblToI32.o [4]
__iar_data_init3        0x0000c869   0x28  Code  Gb  data_init.o [5]
__iar_dlfree            0x000011c1  0x584  Code  Gb  dlmalloc.o [3]
__iar_dlib_perthread_access
                        0x00004dc1    0x2  Code  Gb  xtls.o [3]
__iar_dlmalloc          0x00000ec3  0x2f8  Code  Gb  dlmalloc.o [3]
__iar_floor             0x0000388d         Code  Gb  floor.o [4]
__iar_floorl            0x0000388d         Code  Gb  floor.o [4]
__iar_lz77_init_single3
                        0x0000c75d   0x7c  Code  Gb  lz77_init_single.o [5]
__iar_program_start     0x0000c919         Code  Gb  cstartup_M.o [5]
__iar_ui2d              0x00002c9d         Code  Gb  I32ToDbl.o [4]
__iar_zero_init3        0x0000c7d9   0x3c  Code  Gb  zero_init3.o [5]
__low_level_init        0x0000c8e7    0x4  Code  Gb  low_level_init.o [3]
__vector_table          0x00000000         Data  Gb  iar_startup_nrf51.o [1]
_call_main              0x0000c8d9         Code  Gb  cmain.o [5]
_exit                   0x0000c8f5         Code  Gb  cexit.o [5]
_gm_                    0x20003744  0x1d8  Data  Lc  dlmalloc.o [3]
_main                   0x0000c8e3         Code  Gb  cmain.o [5]
abort                   0x0000174d    0xa  Code  Gb  abort.o [3]
app_error_handler       0x00009071   0x18  Code  Wk  app_error.o [1]
bufchar                 0x00009a0d   0x20  Code  Gb  MQTTPacket.o [1]
bufptr                  0x20003c34    0x4  Data  Lc  MQTTPacket.o [1]
cJSON_AddItemToArray    0x00002a2f   0x1c  Code  Gb  cJSON.o [1]
cJSON_AddItemToObject   0x00002a4b   0x28  Code  Gb  cJSON.o [1]
cJSON_CreateNumber      0x00002a79   0x30  Code  Gb  cJSON.o [1]
cJSON_CreateObject      0x00002acf   0x1c  Code  Gb  cJSON.o [1]
cJSON_CreateString      0x00002aa9   0x26  Code  Gb  cJSON.o [1]
cJSON_Delete            0x00001829   0x52  Code  Gb  cJSON.o [1]
cJSON_GetErrorPtr       0x000017fd    0x6  Code  Gb  cJSON.o [1]
cJSON_GetObjectItem     0x000029e1   0x4e  Code  Gb  cJSON.o [1]
cJSON_Parse             0x00001f99    0xc  Code  Gb  cJSON.o [1]
cJSON_ParseWithOpts     0x00001f15   0x7e  Code  Gb  cJSON.o [1]
cJSON_PrintUnformatted  0x00001fa5    0xe  Code  Gb  cJSON.o [1]
cJSON_free              0x2000011c    0x4  Data  Lc  cJSON.o [1]
cJSON_malloc            0x20000118    0x4  Data  Lc  cJSON.o [1]
cJSON_strdup            0x00001803   0x26  Code  Lc  cJSON.o [1]
cardInfo_p              0x20000214   0x28  Data  Gb  NetHandler.o [1]
card__descriptor        0x0000c678   0x3c  Data  Gb  UserInformation.pb-c.o [1]
card__field_descriptors
                        0x0000b004  0x344  Data  Lc  UserInformation.pb-c.o [1]
card__field_indices_by_name
                        0x0000b348   0x4c  Data  Lc  UserInformation.pb-c.o [1]
card__init              0x0000c611    0xe  Code  Gb  UserInformation.pb-c.o [1]
card__number_ranges     0x0000b394   0x10  Data  Lc  UserInformation.pb-c.o [1]
check_DHCP_timeout      0x00006fd9   0x72  Code  Gb  dhcp.o [1]
clearUart               0x0000ad8d   0x1c  Code  Gb  Uart.o [1]
close                   0x0000922f   0x66  Code  Gb  socket.o [1]
closed_time             0x20003c40    0x2  Data  Gb  nrf_it.o [1]
comCRC8                 0x00006511   0x14  Code  Gb  hal.o [1]
comCalCRC               0x0000a481   0x16  Code  Gb  SPI1.o [1]
connect                 0x00009295  0x100  Code  Gb  socket.o [1]
count_number_in_double_link
                        0x0000be9b   0x12  Code  Gb  xqueue.o [1]
create_double_link_node
                        0x0000bde3   0x30  Code  Gb  xqueue.o [1]
create_list_head        0x0000bdd5    0xe  Code  Gb  xqueue.o [1]
ctlnetwork              0x00007315   0x7c  Code  Gb  wizchip_conf.o [1]
ctlwizchip              0x000071c5  0x132  Code  Gb  wizchip_conf.o [1]
cycle                   0x000080cb   0xee  Code  Gb  MQTTClient.o [1]
default_ip_assign       0x00006525   0x2c  Code  Gb  dhcp.o [1]
default_ip_conflict     0x00006597   0x1e  Code  Gb  dhcp.o [1]
default_ip_update       0x00006551   0x46  Code  Gb  dhcp.o [1]
delayTicks              0x20003bea    0x2  Data  Gb  hal.o [1]
delay_ms                0x0000634d   0x20  Code  Gb  hal.o [1]
delay_us_Ticks          0x20003c26    0x2  Data  Gb  hal.o [1]
deliverMessage          0x00007fb5   0xbc  Code  Gb  MQTTClient.o [1]
dhcp_ip_assign          0x2000015c    0x4  Data  Gb  dhcp.o [1]
dhcp_ip_conflict        0x20000164    0x4  Data  Gb  dhcp.o [1]
dhcp_ip_update          0x20000160    0x4  Data  Gb  dhcp.o [1]
dhcp_lease_time         0x20000148    0x4  Data  Gb  dhcp.o [1]
dhcp_retry_count        0x2000013e    0x1  Data  Gb  dhcp.o [1]
dhcp_state              0x2000013d    0x1  Data  Gb  dhcp.o [1]
dhcp_tick_1s            0x2000014c    0x4  Data  Gb  dhcp.o [1]
dhcp_tick_next          0x20000150    0x4  Data  Gb  dhcp.o [1]
disconnect              0x00009395   0x8a  Code  Gb  socket.o [1]
div                     0x000050e9   0x20  Code  Gb  div.o [3]
dns_1s_tick             0x20003c04    0x4  Data  Gb  dns.o [1]
dns_answer              0x00007777   0xc6  Code  Gb  dns.o [1]
dns_makequery           0x00007923   0xc8  Code  Gb  dns.o [1]
domain_ip               0x200001a8    0x4  Data  Gb  NetHandler.o [1]
domain_name             0x200007f8   0x14  Data  Gb  NetHandler.o [1]
dstAddr                 0x000088a0    0x8  Data  Gb  nrf24l01+.o [1]
ensure                  0x000019bb   0x6a  Code  Lc  cJSON.o [1]
ep                      0x20000114    0x4  Data  Lc  cJSON.o [1]
exit                    0x0000c8eb    0x8  Code  Gb  exit.o [3]
find_data_in_double_link
                        0x0000be13   0x32  Code  Gb  xqueue.o [1]
find_string_flag        0x20003339    0x1  Data  Gb  AT_Proc.o [1]
firstByteMark           0x00001d9c    0x8  Data  Lc  cJSON.o [1]
floor                   0x0000388d         Code  Gb  floor.o [4]
floorl                  0x0000388d         Code  Gb  floor.o [4]
gDATABUF                0x2000080c  0x800  Data  Gb  NetHandler.o [1]
gWIZNETINFO             0x200007cc   0x18  Data  Gb  NetHandler.o [1]
getDHCPLeasetime        0x00007129    0x6  Code  Gb  dhcp.o [1]
getDNSfromDHCP          0x00007115   0x14  Code  Gb  dhcp.o [1]
getGWfromDHCP           0x000070e7   0x14  Code  Gb  dhcp.o [1]
getIPfromDHCP           0x000070d3   0x14  Code  Gb  dhcp.o [1]
getSNfromDHCP           0x00007101   0x14  Code  Gb  dhcp.o [1]
getSn_RX_RSR            0x00007c31    0xc  Code  Gb  w5500.o [1]
getSn_TX_FSR            0x00007c23    0xe  Code  Gb  w5500.o [1]
halInit                 0x00006211  0x12a  Code  Gb  hal.o [1]
halSpiReadBuf           0x0000a283   0x74  Code  Gb  SPI1.o [1]
halSpiReadBuf_2         0x0000a411   0x34  Code  Gb  SPI1.o [1]
halSpiReadByte          0x0000a25b   0x28  Code  Gb  SPI1.o [1]
halSpiReadByte_2        0x0000a3df   0x32  Code  Gb  SPI1.o [1]
halSpiReadWriteByte     0x0000a21f   0x3c  Code  Gb  SPI1.o [1]
halSpiWriteBuf          0x0000a327   0x40  Code  Gb  SPI1.o [1]
halSpiWriteBuf_2        0x0000a3a5   0x3a  Code  Gb  SPI1.o [1]
halSpiWriteByte         0x0000a2f7   0x30  Code  Gb  SPI1.o [1]
halSpiWriteByte_2       0x0000a367   0x3e  Code  Gb  SPI1.o [1]
heartbeat               0x200001bc   0x34  Data  Gb  NetHandler.o [1]
heartbeat__descriptor   0x0000b604   0x3c  Data  Gb  UserInformation.pb-c.o [1]
heartbeat__field_descriptors
                        0x0000b414  0x1b8  Data  Lc  UserInformation.pb-c.o [1]
heartbeat__field_indices_by_name
                        0x0000b5cc   0x28  Data  Lc  UserInformation.pb-c.o [1]
heartbeat__init         0x0000c719    0xe  Code  Gb  UserInformation.pb-c.o [1]
heartbeat__number_ranges
                        0x0000b5f4   0x10  Data  Lc  UserInformation.pb-c.o [1]
id                      0x20000190    0x8  Data  Gb  main.o [1]
init_mparams            0x000000dd   0x2a  Code  Lc  dlmalloc.o [3]
init_top                0x00000107   0x3a  Code  Lc  dlmalloc.o [3]
insert_data_into_double_link
                        0x0000be45   0x56  Code  Gb  xqueue.o [1]
internal_Pow            0x00002ee9  0x434  Code  Lc  pow.o [4]
jsondata_change_toGPRS  0x0000a54d   0x3e  Code  Gb  AT_Proc.o [1]
keepalive               0x00008071   0x5a  Code  Gb  MQTTClient.o [1]
lnbias                  0x00003358  0x420  Data  Lc  pow.o [4]
localeconv              0x000050b3   0x18  Code  Gb  localeconv.o [3]
m_DEVICE_ID             0x20000168    0x2  Data  Gb  main.o [1]
m_alloc_index           0x20003c38    0x4  Data  Lc  nrf_drv_wdt.o [1]
m_cb                    0x20003ba4   0x18  Data  Lc  nrf_drv_spi.o [1]
m_default_config        0x00009060   0x10  Data  Lc  nrf_drv_spi.o [1]
m_radio_states          0x20003c43    0x1  Data  Gb  radio_config.o [1]
m_spi_master_0          0x00006508    0x8  Data  Lc  hal.o [1]
m_state                 0x20003c18    0x1  Data  Lc  nrf_drv_wdt.o [1]
m_wdt_event_handler     0x20003c1c    0x4  Data  Lc  nrf_drv_wdt.o [1]
main                    0x0000c0f9   0xfa  Code  Gb  main.o [1]
makeDHCPMSG             0x000065db  0x100  Code  Gb  dhcp.o [1]
memcmp                  0x0000c2d5   0x28  Code  Gb  memcmp.o [5]
memsize                 0x200007e8   0x10  Data  Gb  NetHandler.o [1]
messageArrived          0x00005915   0x50  Code  Gb  NetHandler.o [1]
mparams                 0x20003bbc   0x18  Data  Lc  dlmalloc.o [3]
mqtt_msg                0x20003bec   0x10  Data  Gb  NetHandler.o [1]
mqttclient              0x20000760   0x5c  Data  Gb  NetHandler.o [1]
my_ip_assign            0x0000516d   0x3c  Code  Lc  NetHandler.o [1]
my_ip_conflict          0x00005149    0xc  Code  Lc  NetHandler.o [1]
nRF24L01_2_Check        0x00008719   0x4a  Code  Gb  nrf24l01+.o [1]
nRF24L01_2_EnterRxMode  0x00008809   0x64  Code  Gb  nrf24l01+.o [1]
nRF24L01_2_IRQ          0x00008ab9   0xc4  Code  Gb  nrf24l01+.o [1]
nRF24L01_2_Init         0x000085e9   0xda  Code  Gb  nrf24l01+.o [1]
nRF24L01_Check          0x000086c5   0x4a  Code  Gb  nrf24l01+.o [1]
nRF24L01_EnterRxMode    0x0000876d   0x64  Code  Gb  nrf24l01+.o [1]
nRF24L01_IRQ            0x000089f9   0xc0  Code  Gb  nrf24l01+.o [1]
nRF24L01_Init           0x000084dd   0xe4  Code  Gb  nrf24l01+.o [1]
network                 0x200007bc   0x10  Data  Gb  NetHandler.o [1]
network_init            0x000051c9   0x9e  Code  Gb  NetHandler.o [1]
nrf_delay_ms            0x00008d93   0x1c  Code  Gb  nrf_delay.o [1]
nrf_delay_us            0x00008d75   0x1e  Code  Lc  nrf_delay.o [1]
nrf_drv_common_irq_enable
                        0x0000a499   0x58  Code  Gb  nrf_drv_common.o [1]
nrf_drv_spi_init        0x00008db5  0x124  Code  Gb  nrf_drv_spi.o [1]
nrf_drv_spi_transfer    0x00008f2f   0xee  Code  Gb  nrf_drv_spi.o [1]
nrf_drv_wdt_feed        0x000090a5   0x22  Code  Gb  nrf_drv_wdt.o [1]
nrf_gpio_cfg_output     0x00006205    0xa  Code  Lc  hal.o [1]
nrf_nvmc_page_erase     0x00006141   0x22  Code  Gb  nrf_nvmc.o [1]
nrf_nvmc_write_bytes    0x00006163   0x64  Code  Gb  nrf_nvmc.o [1]
nrf_timer_delay_ms      0x000063bb   0x32  Code  Gb  hal.o [1]
num                     0x20003be8    0x1  Data  Gb  radio_config.o [1]
pDHCPMSG                0x20000158    0x4  Data  Gb  dhcp.o [1]
pDNSMSG                 0x20003c00    0x4  Data  Gb  dns.o [1]
packet                  0x20003bd4   0x14  Data  Gb  radio_config.o [1]
para_store              0x00005111   0x10  Code  Gb  NetHandler.o [1]
parseDHCPMSG            0x00006cb9  0x192  Code  Gb  dhcp.o [1]
parseDNSMSG             0x0000783d   0xe6  Code  Gb  dns.o [1]
parse_hex4              0x00001b79   0xa8  Code  Lc  cJSON.o [1]
parse_name              0x000076fd   0x7a  Code  Gb  dns.o [1]
parse_number            0x0000187b  0x140  Code  Lc  cJSON.o [1]
parse_object            0x00002481  0x152  Code  Lc  cJSON.o [1]
parse_string            0x00001c21  0x15a  Code  Lc  cJSON.o [1]
parse_value             0x00001fbd  0x146  Code  Lc  cJSON.o [1]
pow                     0x00003349    0xe  Code  Gb  pow.o [4]
prepend_alloc           0x00000151  0x36a  Code  Lc  dlmalloc.o [3]
print_array             0x000021fd  0x27c  Code  Lc  cJSON.o [1]
print_number            0x00001a2d  0x11a  Code  Lc  cJSON.o [1]
print_object            0x000025d9  0x408  Code  Lc  cJSON.o [1]
print_string_ptr        0x00001da5  0x15c  Code  Lc  cJSON.o [1]
print_value             0x00002115   0xce  Code  Lc  cJSON.o [1]
protobuf_c_empty_string
                        0x0000c938    0x1  Data  Gb  protobuf-c.o [1]
radio_configure         0x0000bed3  0x11a  Code  Gb  radio_config.o [1]
readChar                0x00009a5b    0xc  Code  Gb  MQTTPacket.o [1]
readInt                 0x00009a49   0x12  Code  Gb  MQTTPacket.o [1]
readMQTTLenString       0x00009b13   0x34  Code  Gb  MQTTPacket.o [1]
readPacket              0x00007f01   0xae  Code  Lc  MQTTClient.o [1]
reader_Radio_Rx_Rdy     0x0000bfed   0x3a  Code  Gb  radio_config.o [1]
recv                    0x00009549   0xca  Code  Gb  socket.o [1]
recvfrom                0x0000977d  0x1ee  Code  Gb  socket.o [1]
reg_dhcp_cbfunc         0x000065b5   0x26  Code  Gb  dhcp.o [1]
reg_wizchip_cris_cbfunc
                        0x0000716b   0x1c  Code  Gb  wizchip_conf.o [1]
reg_wizchip_cs_cbfunc   0x00007187   0x1c  Code  Gb  wizchip_conf.o [1]
reg_wizchip_spi_cbfunc  0x000071a3   0x22  Code  Gb  wizchip_conf.o [1]
retry_count             0x20003bfd    0x1  Data  Lc  dns.o [1]
segment_holding         0x000000c1   0x1c  Code  Lc  dlmalloc.o [3]
send                    0x00009429  0x110  Code  Gb  socket.o [1]
sendPacket              0x00007e85   0x4a  Code  Lc  MQTTClient.o [1]
send_DHCP_DECLINE       0x00006baf  0x10a  Code  Gb  dhcp.o [1]
send_DHCP_DISCOVER      0x000066e5  0x1ec  Code  Gb  dhcp.o [1]
send_DHCP_REQUEST       0x000068e1  0x2b8  Code  Gb  dhcp.o [1]
sendto                  0x0000961d  0x158  Code  Gb  socket.o [1]
sock_any_port           0x20001014    0x2  Data  Lc  socket.o [1]
sock_io_mode            0x20001016    0x2  Data  Lc  socket.o [1]
sock_is_sending         0x20001018    0x2  Data  Lc  socket.o [1]
sock_pack_info          0x2000100c    0x8  Data  Gb  socket.o [1]
sock_remained_size      0x2000101c   0x10  Data  Lc  socket.o [1]
socket                  0x0000911d  0x112  Code  Gb  socket.o [1]
sprintf                 0x00003855   0x38  Code  Gb  sprintf.o [3]
stRf                    0x20003b68   0x20  Data  Gb  nrf24l01+.o [1]
stUart                  0x20003ab0   0xb8  Data  Gb  Uart.o [1]
stbuff                  0x20000170   0x10  Data  Gb  main.o [1]
str_replace             0x0000a4f1   0x5c  Code  Gb  AT_Proc.o [1]
strcat                  0x000084bf   0x1c  Code  Gb  strcat.o [3]
strcpy                  0x000038e5         Code  Gb  strcpy.o [5]
strlen                  0x00002af1   0x10  Code  Gb  strlen.o [5]
strncmp                 0x0000396d   0x2c  Code  Gb  strncmp.o [3]
strncpy                 0x00007d61   0x24  Code  Gb  strncpy.o [5]
swap_bits               0x0000bead   0x26  Code  Lc  radio_config.o [1]
sys_alloc               0x000004c5  0x3e2  Code  Lc  dlmalloc.o [3]
tempBuffer              0x2000023c    0xc  Data  Gb  NetHandler.o [1]
tmalloc_large           0x000008b5  0x3da  Code  Lc  dlmalloc.o [3]
tmalloc_small           0x00000c95  0x22e  Code  Lc  dlmalloc.o [3]
tolower                 0x00003999   0x12  Code  Gb  tolower.o [3]
transfer_byte           0x00008ed9   0x56  Code  Lc  nrf_drv_spi.o [1]
u8RF_2_Init_Num         0x2000115e    0x1  Data  Gb  nrf24l01+.o [1]
u8RF_Init_Num           0x2000115d    0x1  Data  Gb  nrf24l01+.o [1]
uip_timer               0x20003c2c    0x4  Data  Gb  hal.o [1]
userInfo                0x200001f0   0x18  Data  Gb  NetHandler.o [1]
user_information__descriptor
                        0x0000c6dc   0x3c  Data  Gb  UserInformation.pb-c.o [1]
user_information__field_descriptors
                        0x0000b3a4   0x58  Data  Lc  UserInformation.pb-c.o [1]
user_information__field_indices_by_name
                        0x0000b3fc    0x8  Data  Lc  UserInformation.pb-c.o [1]
user_information__init  0x0000c6b5    0xe  Code  Gb  UserInformation.pb-c.o [1]
user_information__number_ranges
                        0x0000b404   0x10  Data  Lc  UserInformation.pb-c.o [1]
vsnprintf               0x000090e1   0x3c  Code  Gb  vsnprint.o [3]
w5x00_disconnect        0x00007e3f    0xc  Code  Gb  mqtt_interface.o [1]
w5x00_read              0x00007ddb   0x38  Code  Gb  mqtt_interface.o [1]
w5x00_write             0x00007e13   0x2c  Code  Gb  mqtt_interface.o [1]
wiz_recv_data           0x00007cbb   0x4c  Code  Gb  w5500.o [1]
wiz_recv_ignore         0x00007d07   0x36  Code  Gb  w5500.o [1]
wiz_send_data           0x00007c6f   0x4c  Code  Gb  w5500.o [1]
wizchip_bus_readdata    0x0000715d    0x4  Code  Gb  wizchip_conf.o [1]
wizchip_bus_writedata   0x00007161    0x4  Code  Gb  wizchip_conf.o [1]
wizchip_cris_enter      0x00007155    0x2  Code  Gb  wizchip_conf.o [1]
wizchip_cris_exit       0x00007157    0x2  Code  Gb  wizchip_conf.o [1]
wizchip_cs_deselect     0x0000715b    0x2  Code  Gb  wizchip_conf.o [1]
wizchip_cs_select       0x00007159    0x2  Code  Gb  wizchip_conf.o [1]
wizchip_getnetinfo      0x00007659   0x4e  Code  Gb  wizchip_conf.o [1]
wizchip_init            0x00007407   0xe0  Code  Gb  wizchip_conf.o [1]
wizchip_setnetinfo      0x000075f3   0x4e  Code  Gb  wizchip_conf.o [1]
wizchip_settimeout      0x000076d5   0x28  Code  Gb  wizchip_conf.o [1]
wizchip_spi_readbyte    0x00007165    0x4  Code  Gb  wizchip_conf.o [1]
wizchip_spi_writebyte   0x00007169    0x2  Code  Gb  wizchip_conf.o [1]
wizchip_sw_reset        0x00007391   0x76  Code  Gb  wizchip_conf.o [1]
wizphy_getphyconf       0x00007559   0x4e  Code  Gb  wizchip_conf.o [1]
wizphy_reset            0x000074e9   0x28  Code  Gb  wizchip_conf.o [1]
wizphy_setphyconf       0x00007511   0x48  Code  Gb  wizchip_conf.o [1]
wizphy_setphypmode      0x000075a7   0x4c  Code  Gb  wizchip_conf.o [1]
writeCString            0x00009a87   0x38  Code  Gb  MQTTPacket.o [1]
writeChar               0x00009a67    0x4  Code  Gb  MQTTPacket.o [1]
writeInt                0x00009a6b   0x12  Code  Gb  MQTTPacket.o [1]
writeMQTTString         0x00009abf   0x54  Code  Gb  MQTTPacket.o [1]


[1] = C:\Users\qilai\Desktop\Project\Project5-NewNet\Nrf51800_W5500网关\Nrf51800_W5500网关\Project\Debug\Obj
[2] = command line
[3] = dl6M_tlf.a
[4] = m6M_tl.a
[5] = rt6M_tl.a
[6] = shb_l.a

  49 050 bytes of readonly  code memory
   2 831 bytes of readonly  data memory
  15 431 bytes of readwrite data memory

Errors: none
Warnings: none
