###############################################################################
#
# IAR ELF Linker V7.50.3.10732/W32 for ARM                03/Jun/2020  15:19:17
# Copyright 2007-2016 IAR Systems AB.
#
#    Output file  =  
#        C:\Users\qilai\Desktop\Project\Project5-NewNet\Nrf51800_W5500网关\Nrf51800_W5500网关\Project\Debug\Exe\Project.out
#    Map file     =  
#        C:\Users\qilai\Desktop\Project\Project5-NewNet\Nrf51800_W5500网关\Nrf51800_W5500网关\Project\Debug\List\Project.map
#    Command line =  
#        C:\Users\qilai\Desktop\Project\Project5-NewNet\Nrf51800_W5500网关\Nrf51800_W5500网关\Project\Debug\Obj\aes.o
#        C:\Users\qilai\Desktop\Project\Project5-NewNet\Nrf51800_W5500网关\Nrf51800_W5500网关\Project\Debug\Obj\app.o
#        C:\Users\qilai\Desktop\Project\Project5-NewNet\Nrf51800_W5500网关\Nrf51800_W5500网关\Project\Debug\Obj\app_error.o
#        C:\Users\qilai\Desktop\Project\Project5-NewNet\Nrf51800_W5500网关\Nrf51800_W5500网关\Project\Debug\Obj\AT_Proc.o
#        C:\Users\qilai\Desktop\Project\Project5-NewNet\Nrf51800_W5500网关\Nrf51800_W5500网关\Project\Debug\Obj\cJSON.o
#        C:\Users\qilai\Desktop\Project\Project5-NewNet\Nrf51800_W5500网关\Nrf51800_W5500网关\Project\Debug\Obj\dhcp.o
#        C:\Users\qilai\Desktop\Project\Project5-NewNet\Nrf51800_W5500网关\Nrf51800_W5500网关\Project\Debug\Obj\dns.o
#        C:\Users\qilai\Desktop\Project\Project5-NewNet\Nrf51800_W5500网关\Nrf51800_W5500网关\Project\Debug\Obj\hal.o
#        C:\Users\qilai\Desktop\Project\Project5-NewNet\Nrf51800_W5500网关\Nrf51800_W5500网关\Project\Debug\Obj\iar_startup_nrf51.o
#        C:\Users\qilai\Desktop\Project\Project5-NewNet\Nrf51800_W5500网关\Nrf51800_W5500网关\Project\Debug\Obj\main.o
#        C:\Users\qilai\Desktop\Project\Project5-NewNet\Nrf51800_W5500网关\Nrf51800_W5500网关\Project\Debug\Obj\mqtt_interface.o
#        C:\Users\qilai\Desktop\Project\Project5-NewNet\Nrf51800_W5500网关\Nrf51800_W5500网关\Project\Debug\Obj\MQTTClient.o
#        C:\Users\qilai\Desktop\Project\Project5-NewNet\Nrf51800_W5500网关\Nrf51800_W5500网关\Project\Debug\Obj\MQTTConnectClient.o
#        C:\Users\qilai\Desktop\Project\Project5-NewNet\Nrf51800_W5500网关\Nrf51800_W5500网关\Project\Debug\Obj\MQTTConnectServer.o
#        C:\Users\qilai\Desktop\Project\Project5-NewNet\Nrf51800_W5500网关\Nrf51800_W5500网关\Project\Debug\Obj\MQTTDeserializePublish.o
#        C:\Users\qilai\Desktop\Project\Project5-NewNet\Nrf51800_W5500网关\Nrf51800_W5500网关\Project\Debug\Obj\MQTTFormat.o
#        C:\Users\qilai\Desktop\Project\Project5-NewNet\Nrf51800_W5500网关\Nrf51800_W5500网关\Project\Debug\Obj\MQTTPacket.o
#        C:\Users\qilai\Desktop\Project\Project5-NewNet\Nrf51800_W5500网关\Nrf51800_W5500网关\Project\Debug\Obj\MQTTSerializePublish.o
#        C:\Users\qilai\Desktop\Project\Project5-NewNet\Nrf51800_W5500网关\Nrf51800_W5500网关\Project\Debug\Obj\MQTTSubscribeClient.o
#        C:\Users\qilai\Desktop\Project\Project5-NewNet\Nrf51800_W5500网关\Nrf51800_W5500网关\Project\Debug\Obj\MQTTSubscribeServer.o
#        C:\Users\qilai\Desktop\Project\Project5-NewNet\Nrf51800_W5500网关\Nrf51800_W5500网关\Project\Debug\Obj\MQTTUnsubscribeClient.o
#        C:\Users\qilai\Desktop\Project\Project5-NewNet\Nrf51800_W5500网关\Nrf51800_W5500网关\Project\Debug\Obj\MQTTUnsubscribeServer.o
#        C:\Users\qilai\Desktop\Project\Project5-NewNet\Nrf51800_W5500网关\Nrf51800_W5500网关\Project\Debug\Obj\mystring.o
#        C:\Users\qilai\Desktop\Project\Project5-NewNet\Nrf51800_W5500网关\Nrf51800_W5500网关\Project\Debug\Obj\NetHandler.o
#        C:\Users\qilai\Desktop\Project\Project5-NewNet\Nrf51800_W5500网关\Nrf51800_W5500网关\Project\Debug\Obj\nrf24l01+.o
#        C:\Users\qilai\Desktop\Project\Project5-NewNet\Nrf51800_W5500网关\Nrf51800_W5500网关\Project\Debug\Obj\nrf_assert.o
#        C:\Users\qilai\Desktop\Project\Project5-NewNet\Nrf51800_W5500网关\Nrf51800_W5500网关\Project\Debug\Obj\nrf_delay.o
#        C:\Users\qilai\Desktop\Project\Project5-NewNet\Nrf51800_W5500网关\Nrf51800_W5500网关\Project\Debug\Obj\nrf_drv_clock.o
#        C:\Users\qilai\Desktop\Project\Project5-NewNet\Nrf51800_W5500网关\Nrf51800_W5500网关\Project\Debug\Obj\nrf_drv_common.o
#        C:\Users\qilai\Desktop\Project\Project5-NewNet\Nrf51800_W5500网关\Nrf51800_W5500网关\Project\Debug\Obj\nrf_drv_spi.o
#        C:\Users\qilai\Desktop\Project\Project5-NewNet\Nrf51800_W5500网关\Nrf51800_W5500网关\Project\Debug\Obj\nrf_drv_wdt.o
#        C:\Users\qilai\Desktop\Project\Project5-NewNet\Nrf51800_W5500网关\Nrf51800_W5500网关\Project\Debug\Obj\nrf_it.o
#        C:\Users\qilai\Desktop\Project\Project5-NewNet\Nrf51800_W5500网关\Nrf51800_W5500网关\Project\Debug\Obj\nrf_nvmc.o
#        C:\Users\qilai\Desktop\Project\Project5-NewNet\Nrf51800_W5500网关\Nrf51800_W5500网关\Project\Debug\Obj\protobuf-c.o
#        C:\Users\qilai\Desktop\Project\Project5-NewNet\Nrf51800_W5500网关\Nrf51800_W5500网关\Project\Debug\Obj\radio_config.o
#        C:\Users\qilai\Desktop\Project\Project5-NewNet\Nrf51800_W5500网关\Nrf51800_W5500网关\Project\Debug\Obj\socket.o
#        C:\Users\qilai\Desktop\Project\Project5-NewNet\Nrf51800_W5500网关\Nrf51800_W5500网关\Project\Debug\Obj\SPI1.o
#        C:\Users\qilai\Desktop\Project\Project5-NewNet\Nrf51800_W5500网关\Nrf51800_W5500网关\Project\Debug\Obj\system_nrf51.o
#        C:\Users\qilai\Desktop\Project\Project5-NewNet\Nrf51800_W5500网关\Nrf51800_W5500网关\Project\Debug\Obj\Uart.o
#        C:\Users\qilai\Desktop\Project\Project5-NewNet\Nrf51800_W5500网关\Nrf51800_W5500网关\Project\Debug\Obj\UserInformation.pb-c.o
#        C:\Users\qilai\Desktop\Project\Project5-NewNet\Nrf51800_W5500网关\Nrf51800_W5500网关\Project\Debug\Obj\w5500.o
#        C:\Users\qilai\Desktop\Project\Project5-NewNet\Nrf51800_W5500网关\Nrf51800_W5500网关\Project\Debug\Obj\wizchip_conf.o
#        C:\Users\qilai\Desktop\Project\Project5-NewNet\Nrf51800_W5500网关\Nrf51800_W5500网关\Project\Debug\Obj\xqueue.o
#        -o
#        C:\Users\qilai\Desktop\Project\Project5-NewNet\Nrf51800_W5500网关\Nrf51800_W5500网关\Project\Debug\Exe\Project.out
#        --map
#        C:\Users\qilai\Desktop\Project\Project5-NewNet\Nrf51800_W5500网关\Nrf51800_W5500网关\Project\Debug\List\Project.map
#        --config "C:\Program Files (x86)\IAR Systems\Embedded Workbench
#        7.3\arm\config\linker\NordicSemi\nRF51822_QFAB.icf" --semihosting
#        --entry __iar_program_start --vfe
#
###############################################################################

*******************************************************************************
*** RUNTIME MODEL ATTRIBUTES
***

CppFlavor                     = *
__Heap_Handler                = DLMalloc
__SystemLibrary               = DLib
__dlib_dynamic_initialization = normal


*******************************************************************************
*** PLACEMENT SUMMARY
***

"A1":  place at 0x00000000 { ro section .intvec };
"P1":  place in [from 0x00000000 to 0x0001ffff] { ro };
"P2":  place in [from 0x20000000 to 0x20003fff] { rw, block CSTACK, block HEAP };

  Section             Kind        Address    Size  Object
  -------             ----        -------    ----  ------
"A1":                                        0xc0
  .intvec             ro code  0x00000000    0xc0  iar_startup_nrf51.o [1]
                             - 0x000000c0    0xc0

"P1":                                      0xdc2f
  .text               ro code  0x000000c0  0x168c  dlmalloc.o [3]
  .text               ro code  0x0000174c     0xa  abort.o [3]
  .text               ro code  0x00001756     0xa  xsprout.o [3]
  .text               ro code  0x00001760    0x2c  xgetmemchunk.o [3]
  .text               ro code  0x0000178c    0x5c  ABImemcpy.o [5]
  .text               ro code  0x000017e8    0x14  exit.o [6]
  .text               ro code  0x000017fc  0x1500  cJSON.o [1]
  .text               ro code  0x00002cfc    0x12  tolower.o [3]
  .text               ro code  0x00002d0e    0x10  strlen.o [5]
  .rodata             const    0x00002d1e     0x2  AT_Proc.o [1]
  .text               ro code  0x00002d20    0x58  ABImemset.o [5]
  .text               ro code  0x00002d78   0x184  DblMul.o [4]
  .text               ro code  0x00002efc    0x34  I32ToDbl.o [4]
  .text               ro code  0x00002f30   0x1b4  DblAddSub.o [4]
  .text               ro code  0x000030e4    0x7c  lz77_init_single.o [5]
  .text               ro code  0x00003160   0x890  pow.o [4]
  .text               ro code  0x000039f0    0x52  DblToI32.o [4]
  .text               ro code  0x00003a42    0x24  DblCmpEq.o [4]
  .text               ro code  0x00003a66     0x2  iar_startup_nrf51.o [1]
  .text               ro code  0x00003a68    0x10  strcpy.o [5]
  .text               ro code  0x00003a78    0x32  DblCmpLe.o [4]
  .text               ro code  0x00003aaa    0x32  DblCmpGe.o [4]
  .text               ro code  0x00003adc    0x38  sprintf.o [3]
  .text               ro code  0x00003b14    0x58  floor.o [4]
  .text               ro code  0x00003b6c     0x8  NetHandler.o [1]
  .text               ro code  0x00003b74    0x2c  strncmp.o [3]
  .text               ro code  0x00003ba0    0x14  setlocale.o [3]
  .text               ro code  0x00003bb4     0xc  xlocale_c.o [3]
  .text               ro code  0x00003bc0    0x44  xdnorm.o [4]
  .text               ro code  0x00003c04    0x8c  xdint.o [4]
  .text               ro code  0x00003c90    0x10  errno.o [3]
  .text               ro code  0x00003ca0    0xc2  DblDiv.o [4]
  .text               ro code  0x00003d62     0x2  iar_startup_nrf51.o [1]
  .text               ro code  0x00003d64    0xa4  xlog.o [4]
  .text               ro code  0x00003e08   0x2b8  xexp.o [4]
  .text               ro code  0x000040c0   0xef2  xprintffull_nomb.o [3]
  .text               ro code  0x00004fb2    0x14  strchr.o [5]
  .text               ro code  0x00004fc6     0x2  xtls.o [3]
  .text               ro code  0x00004fc8    0x3c  xdtest.o [4]
  .text               ro code  0x00005004   0x11c  xdscale.o [4]
  .text               ro code  0x00005120    0x18  memchr.o [5]
  .text               ro code  0x00005138    0x6a  I64DivMod.o [5]
  .text               ro code  0x000051a2    0xe0  I32DivModFast.o [5]
  .text               ro code  0x00005282     0x2  iar_startup_nrf51.o [1]
  .text               ro code  0x00005284    0x68  localeconv.o [3]
  .text               ro code  0x000052ec    0x20  div.o [3]
  .text               ro code  0x0000530c     0x2  I64DivZer.o [5]
  .text               ro code  0x0000530e     0x2  iar_startup_nrf51.o [1]
  .text               ro code  0x00005310     0x2  IntDivZer.o [5]
  .text               ro code  0x00005312     0x2  iar_startup_nrf51.o [1]
  .text               ro code  0x00005314  0x12ac  dhcp.o [1]
  .text               ro code  0x000065c0   0x478  w5500.o [1]
  .text               ro code  0x00006a38   0xce0  socket.o [1]
  .text               ro code  0x00007718   0xa64  NetHandler.o [1]
  .text               ro code  0x0000817c   0x500  hal.o [1]
  .text               ro code  0x0000867c   0x6e2  wizchip_conf.o [1]
  .text               ro code  0x00008d5e     0x2  iar_startup_nrf51.o [1]
  .text               ro code  0x00008d60   0x4ec  dns.o [1]
  .text               ro code  0x0000924c    0x24  strncpy.o [5]
  .text               ro code  0x00009270   0x120  mqtt_interface.o [1]
  .text               ro code  0x00009390   0x70a  MQTTClient.o [1]
  .text               ro code  0x00009a9a    0x1c  strcat.o [3]
  .text               ro code  0x00009ab6   0x134  xqueue.o [1]
  .text               ro code  0x00009bea     0x2  iar_startup_nrf51.o [1]
  .text               ro code  0x00009bec    0x7c  nrf_drv_wdt.o [1]
  .text               ro code  0x00009c68    0x3c  vsnprint.o [3]
  .text               ro code  0x00009ca4   0x3e4  nrf_drv_spi.o [1]
  .text               ro code  0x0000a088    0x24  app_error.o [1]
  .text               ro code  0x0000a0ac   0x240  MQTTPacket.o [1]
  .text               ro code  0x0000a2ec   0x2fe  MQTTConnectClient.o [1]
  .text               ro code  0x0000a5ea     0x2  iar_startup_nrf51.o [1]
  .text               ro code  0x0000a5ec   0x110  MQTTDeserializePublish.o [1]
  .text               ro code  0x0000a6fc   0x174  MQTTSerializePublish.o [1]
  .text               ro code  0x0000a870   0x178  MQTTSubscribeClient.o [1]
  .text               ro code  0x0000a9e8    0xd0  nrf_drv_common.o [1]
  .text               ro code  0x0000aab8   0x470  nrf24l01+.o [1]
  .text               ro code  0x0000af28    0x3c  nrf_delay.o [1]
  .text               ro code  0x0000af64   0x438  SPI1.o [1]
  .text               ro code  0x0000b39c   0x44c  app.o [1]
  .text               ro code  0x0000b7e8   0x3b0  AT_Proc.o [1]
  .text               ro code  0x0000bb98    0xc4  mystring.o [1]
  .text               ro code  0x0000bc5c    0xb4  Uart.o [1]
  .text               ro code  0x0000bd10     0x8  mystring.o [1]
  .text               ro code  0x0000bd18    0x38  strstr.o [3]
  .rodata             const    0x0000bd50   0x344  UserInformation.pb-c.o [1]
  .text               ro code  0x0000c094   0x2b4  radio_config.o [1]
  .text               ro code  0x0000c348   0x1f8  nrf_it.o [1]
  .rodata             const    0x0000c540   0x1b8  UserInformation.pb-c.o [1]
  .text               ro code  0x0000c6f8   0x134  main.o [1]
  .text               ro code  0x0000c82c    0x28  memcmp.o [5]
  .text               ro code  0x0000c854    0xf0  system_nrf51.o [1]
  .rodata             const    0x0000c944    0x58  MQTTClient.o [1]
  .rodata             const    0x0000c99c    0x58  NetHandler.o [1]
  .rodata             const    0x0000c9f4    0x58  UserInformation.pb-c.o [1]
  .rodata             const    0x0000ca4c    0x58  UserInformation.pb-c.o [1]
  .rodata             const    0x0000caa4    0x4c  UserInformation.pb-c.o [1]
  .rodata             const    0x0000caf0    0x44  app.o [1]
  .rodata             const    0x0000cb34    0x44  app.o [1]
  .rodata             const    0x0000cb78    0x44  AT_Proc.o [1]
  .rodata             const    0x0000cbbc    0x3c  NetHandler.o [1]
  .rodata             const    0x0000cbf8    0x3c  UserInformation.pb-c.o [1]
  .rodata             const    0x0000cc34    0x3c  UserInformation.pb-c.o [1]
  .rodata             const    0x0000cc70    0x3c  UserInformation.pb-c.o [1]
  .text               ro code  0x0000ccac    0x3c  zero_init3.o [5]
  .rodata             const    0x0000cce8    0x38  app.o [1]
  .rodata             const    0x0000cd20    0x34  app.o [1]
  .rodata             const    0x0000cd54    0x34  nrf24l01+.o [1]
  .rodata             const    0x0000cd88    0x34  nrf24l01+.o [1]
  .rodata             const    0x0000cdbc    0x34  nrf24l01+.o [1]
  .rodata             const    0x0000cdf0    0x34  nrf24l01+.o [1]
  .rodata             const    0x0000ce24    0x34  UserInformation.pb-c.o [1]
  .text               ro code  0x0000ce58    0x30  UserInformation.pb-c.o [1]
  .rodata             const    0x0000ce88    0x2c  app.o [1]
  .rodata             const    0x0000ceb4    0x2c  app.o [1]
  .rodata             const    0x0000cee0    0x2c  AT_Proc.o [1]
  .rodata             const    0x0000cf0c    0x2c  nrf24l01+.o [1]
  .rodata             const    0x0000cf38    0x2c  nrf24l01+.o [1]
  .text               ro code  0x0000cf64    0x2c  iar_startup_nrf51.o [1]
  .rodata             const    0x0000cf90    0x28  app.o [1]
  .rodata             const    0x0000cfb8    0x28  app.o [1]
  .rodata             const    0x0000cfe0    0x28  app.o [1]
  .rodata             const    0x0000d008    0x28  app.o [1]
  .rodata             const    0x0000d030    0x28  NetHandler.o [1]
  .rodata             const    0x0000d058    0x28  NetHandler.o [1]
  .rodata             const    0x0000d080    0x28  nrf24l01+.o [1]
  .rodata             const    0x0000d0a8    0x28  UserInformation.pb-c.o [1]
  .text               ro code  0x0000d0d0    0x28  data_init.o [5]
  .rodata             const    0x0000d0f8    0x24  NetHandler.o [1]
  .rodata             const    0x0000d11c    0x24  NetHandler.o [1]
  .iar.init_table     const    0x0000d140    0x20  - Linker created -
  .rodata             const    0x0000d160    0x20  app.o [1]
  .rodata             const    0x0000d180    0x20  app.o [1]
  .rodata             const    0x0000d1a0    0x20  app.o [1]
  .rodata             const    0x0000d1c0    0x20  app.o [1]
  .rodata             const    0x0000d1e0    0x20  app.o [1]
  .rodata             const    0x0000d200    0x20  app.o [1]
  .rodata             const    0x0000d220    0x20  NetHandler.o [1]
  .rodata             const    0x0000d240    0x20  NetHandler.o [1]
  .rodata             const    0x0000d260    0x20  NetHandler.o [1]
  .rodata             const    0x0000d280    0x1c  app.o [1]
  .rodata             const    0x0000d29c    0x1c  app.o [1]
  .rodata             const    0x0000d2b8    0x1c  NetHandler.o [1]
  .rodata             const    0x0000d2d4    0x1c  NetHandler.o [1]
  .rodata             const    0x0000d2f0    0x1c  NetHandler.o [1]
  .rodata             const    0x0000d30c    0x1c  NetHandler.o [1]
  .rodata             const    0x0000d328    0x1c  NetHandler.o [1]
  .rodata             const    0x0000d344    0x1c  NetHandler.o [1]
  .rodata             const    0x0000d360    0x1c  NetHandler.o [1]
  .text               ro code  0x0000d37c    0x1c  xsnprout.o [3]
  .text               ro code  0x0000d398    0x1a  cmain.o [5]
  .text               ro code  0x0000d3b2     0x4  low_level_init.o [3]
  .text               ro code  0x0000d3b6     0x8  exit.o [3]
  .text               ro code  0x0000d3be     0x2  iar_startup_nrf51.o [1]
  .text               ro code  0x0000d3c0     0xa  cexit.o [5]
  .text               ro code  0x0000d3ca     0x2  iar_startup_nrf51.o [1]
  .rodata             const    0x0000d3cc    0x18  app.o [1]
  .rodata             const    0x0000d3e4    0x18  app.o [1]
  .rodata             const    0x0000d3fc    0x18  AT_Proc.o [1]
  .rodata             const    0x0000d414    0x18  AT_Proc.o [1]
  .rodata             const    0x0000d42c    0x18  main.o [1]
  .rodata             const    0x0000d444    0x18  mystring.o [1]
  .rodata             const    0x0000d45c    0x18  NetHandler.o [1]
  .rodata             const    0x0000d474    0x18  NetHandler.o [1]
  .rodata             const    0x0000d48c    0x18  NetHandler.o [1]
  .rodata             const    0x0000d4a4    0x18  NetHandler.o [1]
  .rodata             const    0x0000d4bc    0x18  UserInformation.pb-c.o [1]
  .rodata             const    0x0000d4d4    0x18  xprintffull_nomb.o [3]
  .rodata             const    0x0000d4ec    0x14  AT_Proc.o [1]
  .rodata             const    0x0000d500    0x14  AT_Proc.o [1]
  .rodata             const    0x0000d514    0x14  dhcp.o [1]
  .rodata             const    0x0000d528    0x14  main.o [1]
  .rodata             const    0x0000d53c    0x14  NetHandler.o [1]
  .rodata             const    0x0000d550    0x14  NetHandler.o [1]
  .rodata             const    0x0000d564    0x14  NetHandler.o [1]
  .rodata             const    0x0000d578    0x14  NetHandler.o [1]
  .rodata             const    0x0000d58c    0x14  NetHandler.o [1]
  .rodata             const    0x0000d5a0    0x14  NetHandler.o [1]
  .rodata             const    0x0000d5b4    0x14  NetHandler.o [1]
  .rodata             const    0x0000d5c8    0x14  NetHandler.o [1]
  .rodata             const    0x0000d5dc    0x14  NetHandler.o [1]
  .rodata             const    0x0000d5f0    0x14  NetHandler.o [1]
  .rodata             const    0x0000d604    0x14  NetHandler.o [1]
  .rodata             const    0x0000d618    0x14  NetHandler.o [1]
  .rodata             const    0x0000d62c    0x14  NetHandler.o [1]
  .rodata             const    0x0000d640    0x10  AT_Proc.o [1]
  .rodata             const    0x0000d650    0x10  AT_Proc.o [1]
  .rodata             const    0x0000d660    0x10  AT_Proc.o [1]
  .rodata             const    0x0000d670    0x10  AT_Proc.o [1]
  .rodata             const    0x0000d680    0x10  hal.o [1]
  .rodata             const    0x0000d690    0x10  main.o [1]
  .rodata             const    0x0000d6a0    0x10  NetHandler.o [1]
  .rodata             const    0x0000d6b0    0x10  NetHandler.o [1]
  .rodata             const    0x0000d6c0    0x10  NetHandler.o [1]
  .rodata             const    0x0000d6d0    0x10  NetHandler.o [1]
  .rodata             const    0x0000d6e0    0x10  NetHandler.o [1]
  .rodata             const    0x0000d6f0    0x10  NetHandler.o [1]
  .rodata             const    0x0000d700    0x10  NetHandler.o [1]
  .rodata             const    0x0000d710    0x10  NetHandler.o [1]
  .rodata             const    0x0000d720    0x10  NetHandler.o [1]
  .rodata             const    0x0000d730    0x10  NetHandler.o [1]
  .rodata             const    0x0000d740    0x10  NetHandler.o [1]
  .rodata             const    0x0000d750    0x10  NetHandler.o [1]
  .rodata             const    0x0000d760    0x10  nrf_drv_spi.o [1]
  .rodata             const    0x0000d770    0x10  UserInformation.pb-c.o [1]
  .rodata             const    0x0000d780    0x10  UserInformation.pb-c.o [1]
  .rodata             const    0x0000d790    0x10  UserInformation.pb-c.o [1]
  .rodata             const    0x0000d7a0    0x10  UserInformation.pb-c.o [1]
  .rodata             const    0x0000d7b0    0x10  UserInformation.pb-c.o [1]
  .rodata             const    0x0000d7c0     0xc  AT_Proc.o [1]
  .rodata             const    0x0000d7cc     0xc  AT_Proc.o [1]
  .rodata             const    0x0000d7d8     0xc  AT_Proc.o [1]
  .rodata             const    0x0000d7e4     0xc  AT_Proc.o [1]
  .rodata             const    0x0000d7f0     0xc  AT_Proc.o [1]
  .rodata             const    0x0000d7fc     0xc  AT_Proc.o [1]
  .rodata             const    0x0000d808     0xc  AT_Proc.o [1]
  .rodata             const    0x0000d814     0xc  AT_Proc.o [1]
  .rodata             const    0x0000d820     0xc  AT_Proc.o [1]
  .rodata             const    0x0000d82c     0xc  AT_Proc.o [1]
  .rodata             const    0x0000d838     0xc  AT_Proc.o [1]
  .rodata             const    0x0000d844     0xc  AT_Proc.o [1]
  .rodata             const    0x0000d850     0xc  main.o [1]
  .rodata             const    0x0000d85c     0xc  NetHandler.o [1]
  .rodata             const    0x0000d868     0xc  NetHandler.o [1]
  .rodata             const    0x0000d874     0xc  NetHandler.o [1]
  .rodata             const    0x0000d880     0xc  NetHandler.o [1]
  .rodata             const    0x0000d88c     0xc  NetHandler.o [1]
  .rodata             const    0x0000d898     0xc  NetHandler.o [1]
  .rodata             const    0x0000d8a4     0xc  NetHandler.o [1]
  .rodata             const    0x0000d8b0     0xc  NetHandler.o [1]
  .rodata             const    0x0000d8bc     0xc  NetHandler.o [1]
  .rodata             const    0x0000d8c8     0xc  NetHandler.o [1]
  .rodata             const    0x0000d8d4     0xc  NetHandler.o [1]
  .rodata             const    0x0000d8e0     0xc  NetHandler.o [1]
  .rodata             const    0x0000d8ec     0xc  NetHandler.o [1]
  .rodata             const    0x0000d8f8     0xc  UserInformation.pb-c.o [1]
  .rodata             const    0x0000d904     0xc  UserInformation.pb-c.o [1]
  .rodata             const    0x0000d910     0xc  UserInformation.pb-c.o [1]
  .rodata             const    0x0000d91c     0xc  UserInformation.pb-c.o [1]
  .rodata             const    0x0000d928     0xc  UserInformation.pb-c.o [1]
  .rodata             const    0x0000d934     0xc  UserInformation.pb-c.o [1]
  .rodata             const    0x0000d940     0xc  UserInformation.pb-c.o [1]
  .rodata             const    0x0000d94c     0xc  UserInformation.pb-c.o [1]
  .rodata             const    0x0000d958     0xc  UserInformation.pb-c.o [1]
  .rodata             const    0x0000d964     0xc  UserInformation.pb-c.o [1]
  .rodata             const    0x0000d970     0xc  UserInformation.pb-c.o [1]
  .rodata             const    0x0000d97c     0xc  UserInformation.pb-c.o [1]
  .rodata             const    0x0000d988     0xc  UserInformation.pb-c.o [1]
  .rodata             const    0x0000d994     0xc  UserInformation.pb-c.o [1]
  .rodata             const    0x0000d9a0     0xc  UserInformation.pb-c.o [1]
  .rodata             const    0x0000d9ac     0xc  UserInformation.pb-c.o [1]
  .rodata             const    0x0000d9b8     0xc  UserInformation.pb-c.o [1]
  .rodata             const    0x0000d9c4     0xc  UserInformation.pb-c.o [1]
  .rodata             const    0x0000d9d0     0xc  UserInformation.pb-c.o [1]
  .rodata             const    0x0000d9dc     0xc  UserInformation.pb-c.o [1]
  .rodata             const    0x0000d9e8     0xc  UserInformation.pb-c.o [1]
  .rodata             const    0x0000d9f4     0xc  UserInformation.pb-c.o [1]
  .text               ro code  0x0000da00     0xc  cstartup_M.o [5]
  .rodata             const    0x0000da0c     0x8  AT_Proc.o [1]
  .rodata             const    0x0000da14     0x8  AT_Proc.o [1]
  .rodata             const    0x0000da1c     0x8  AT_Proc.o [1]
  .rodata             const    0x0000da24     0x8  AT_Proc.o [1]
  .rodata             const    0x0000da2c     0x8  AT_Proc.o [1]
  .rodata             const    0x0000da34     0x8  AT_Proc.o [1]
  .rodata             const    0x0000da3c     0x8  AT_Proc.o [1]
  .rodata             const    0x0000da44     0x8  AT_Proc.o [1]
  .rodata             const    0x0000da4c     0x8  cJSON.o [1]
  .rodata             const    0x0000da54     0x8  cJSON.o [1]
  .rodata             const    0x0000da5c     0x8  cJSON.o [1]
  .rodata             const    0x0000da64     0x8  cJSON.o [1]
  .rodata             const    0x0000da6c     0x8  cJSON.o [1]
  .rodata             const    0x0000da74     0x8  cJSON.o [1]
  .rodata             const    0x0000da7c     0x8  cJSON.o [1]
  .rodata             const    0x0000da84     0x8  hal.o [1]
  .rodata             const    0x0000da8c     0x8  MQTTConnectClient.o [1]
  .rodata             const    0x0000da94     0x8  MQTTConnectClient.o [1]
  .rodata             const    0x0000da9c     0x8  NetHandler.o [1]
  .rodata             const    0x0000daa4     0x8  NetHandler.o [1]
  .rodata             const    0x0000daac     0x8  NetHandler.o [1]
  .rodata             const    0x0000dab4     0x8  NetHandler.o [1]
  .rodata             const    0x0000dabc     0x8  NetHandler.o [1]
  .rodata             const    0x0000dac4     0x8  NetHandler.o [1]
  .rodata             const    0x0000dacc     0x8  NetHandler.o [1]
  .rodata             const    0x0000dad4     0x8  NetHandler.o [1]
  .rodata             const    0x0000dadc     0x8  nrf24l01+.o [1]
  .rodata             const    0x0000dae4     0x8  nrf24l01+.o [1]
  .rodata             const    0x0000daec     0x8  nrf24l01+.o [1]
  .rodata             const    0x0000daf4     0x8  UserInformation.pb-c.o [1]
  .rodata             const    0x0000dafc     0x8  UserInformation.pb-c.o [1]
  .rodata             const    0x0000db04     0x8  UserInformation.pb-c.o [1]
  .rodata             const    0x0000db0c     0x8  UserInformation.pb-c.o [1]
  .rodata             const    0x0000db14     0x8  UserInformation.pb-c.o [1]
  .rodata             const    0x0000db1c     0x8  UserInformation.pb-c.o [1]
  .rodata             const    0x0000db24     0x4  AT_Proc.o [1]
  .rodata             const    0x0000db28     0x4  MQTTClient.o [1]
  .rodata             const    0x0000db2c     0x4  MQTTConnectClient.o [1]
  .rodata             const    0x0000db30     0x4  MQTTConnectClient.o [1]
  .rodata             const    0x0000db34     0x4  MQTTConnectClient.o [1]
  .rodata             const    0x0000db38     0x4  MQTTConnectClient.o [1]
  .rodata             const    0x0000db3c     0x4  MQTTConnectClient.o [1]
  .rodata             const    0x0000db40     0x4  MQTTDeserializePublish.o [1]
  .rodata             const    0x0000db44     0x4  MQTTDeserializePublish.o [1]
  .rodata             const    0x0000db48     0x4  MQTTSerializePublish.o [1]
  .rodata             const    0x0000db4c     0x4  MQTTSerializePublish.o [1]
  .rodata             const    0x0000db50     0x4  MQTTSubscribeClient.o [1]
  .rodata             const    0x0000db54     0x4  MQTTSubscribeClient.o [1]
  .rodata             const    0x0000db58     0x4  UserInformation.pb-c.o [1]
  .rodata             const    0x0000db5c     0x4  UserInformation.pb-c.o [1]
  .rodata             const    0x0000db60     0x4  UserInformation.pb-c.o [1]
  .text               ro code  0x0000db64     0x2  iar_startup_nrf51.o [1]
  .text               ro code  0x0000db66     0x2  iar_startup_nrf51.o [1]
  .text               ro code  0x0000db68     0x2  iar_startup_nrf51.o [1]
  .text               ro code  0x0000db6a     0x2  iar_startup_nrf51.o [1]
  .text               ro code  0x0000db6c     0x2  iar_startup_nrf51.o [1]
  .text               ro code  0x0000db6e     0x2  iar_startup_nrf51.o [1]
  .text               ro code  0x0000db70     0x2  iar_startup_nrf51.o [1]
  .text               ro code  0x0000db72     0x2  iar_startup_nrf51.o [1]
  .text               ro code  0x0000db74     0x2  iar_startup_nrf51.o [1]
  .text               ro code  0x0000db76     0x2  iar_startup_nrf51.o [1]
  .text               ro code  0x0000db78     0x2  iar_startup_nrf51.o [1]
  .text               ro code  0x0000db7a     0x2  iar_startup_nrf51.o [1]
  .rodata             const    0x0000db7c     0x1  protobuf-c.o [1]
  .rodata             const    0x0000db7d     0x1  UserInformation.pb-c.o [1]
  .rodata             const    0x0000db7e     0x0  zero_init3.o [5]
  .rodata             const    0x0000db7e     0x0  lz77_init_single.o [5]
  Initializer bytes   const    0x0000db7e   0x171  <for P2-1>
                             - 0x0000dcef  0xdc2f

"P2", part 1 of 3:                          0xf2d
  P2-1                         0x20000000   0xf2d  <Init block>
    .data             inited   0x20000000     0x4  app.o [1]
    .data             inited   0x20000004    0xc0  AT_Proc.o [1]
    .data             inited   0x200000c4     0x4  cJSON.o [1]
    .data             inited   0x200000c8     0x4  cJSON.o [1]
    .data             inited   0x200000cc     0x4  dhcp.o [1]
    .data             inited   0x200000d0     0x4  dhcp.o [1]
    .data             inited   0x200000d4     0x8  dhcp.o [1]
    .data             inited   0x200000dc     0x4  dhcp.o [1]
    .data             inited   0x200000e0     0x4  dhcp.o [1]
    .data             inited   0x200000e4     0x4  dhcp.o [1]
    .data             inited   0x200000e8    0x10  main.o [1]
    .data             inited   0x200000f8     0x8  main.o [1]
    .data             inited   0x20000100    0x18  NetHandler.o [1]
    .data             inited   0x20000118    0x34  NetHandler.o [1]
    .data             inited   0x2000014c    0x10  NetHandler.o [1]
    .data             inited   0x2000015c    0x14  NetHandler.o [1]
    .data             inited   0x20000170   0xc00  NetHandler.o [1]
    .data             inited   0x20000d70    0x34  NetHandler.o [1]
    .data             inited   0x20000da4    0x34  NetHandler.o [1]
    .data             inited   0x20000dd8    0x18  NetHandler.o [1]
    .data             inited   0x20000df0     0x4  system_nrf51.o [1]
    .data             inited   0x20000df4    0x2c  wizchip_conf.o [1]
    __DLIB_PERTHREAD  inited   0x20000e20     0x4  errno.o [3]
    __DLIB_PERTHREAD  inited   0x20000e24    0x74  setlocale.o [3]
    __DLIB_PERTHREAD  inited   0x20000e98    0x88  localeconv.o [3]
    .data             inited   0x20000f20     0x2  main.o [1]
    .data             inited   0x20000f22     0x2  socket.o [1]
    .data             inited   0x20000f24     0x1  AT_Proc.o [1]
    .data             inited   0x20000f25     0x1  NetHandler.o [1]
    .data             inited   0x20000f26     0x1  NetHandler.o [1]
    .data             inited   0x20000f27     0x1  NetHandler.o [1]
    .data             inited   0x20000f28     0x1  NetHandler.o [1]
    .data             inited   0x20000f29     0x1  NetHandler.o [1]
    .data             inited   0x20000f2a     0x1  NetHandler.o [1]
    .data             inited   0x20000f2b     0x1  NetHandler.o [1]
    .data             inited   0x20000f2c     0x1  nrf24l01+.o [1]
                             - 0x20000f2d   0xf2d

"P2", part 2 of 3:                         0x1000
  CSTACK                       0x20000f30   0x800  <Block>
    CSTACK            uninit   0x20000f30   0x800  <Block tail>
  HEAP                         0x20001730   0x800  <Block>
    HEAP              uninit   0x20001730   0x800  <Block tail>
                             - 0x20001f30  0x1000

"P2", part 3 of 3:                         0x1808
  .bss                zero     0x20001f30   0x800  NetHandler.o [1]
  .bss                zero     0x20002730   0x800  NetHandler.o [1]
  .bss                zero     0x20002f30   0x204  NetHandler.o [1]
  .bss                zero     0x20003134   0x1d8  dlmalloc.o [3]
  .bss                zero     0x2000330c   0x160  AT_Proc.o [1]
  .bss                zero     0x2000346c    0xb8  Uart.o [1]
  .bss                zero     0x20003524    0x5c  NetHandler.o [1]
  .bss                zero     0x20003580    0x28  NetHandler.o [1]
  .bss                zero     0x200035a8    0x20  nrf24l01+.o [1]
  .bss                zero     0x200035c8    0x1c  xqueue.o [1]
  .bss                zero     0x200035e4    0x18  nrf_drv_spi.o [1]
  .bss                zero     0x200035fc    0x18  dlmalloc.o [3]
  .bss                zero     0x20003614    0x14  radio_config.o [1]
  .bss                zero     0x20003628    0x10  main.o [1]
  .bss                zero     0x20003638    0x10  NetHandler.o [1]
  .bss                zero     0x20003648    0x10  NetHandler.o [1]
  .bss                zero     0x20003658    0x10  socket.o [1]
  .bss                zero     0x20003668     0xc  app.o [1]
  .bss                zero     0x20003674     0x8  AT_Proc.o [1]
  .bss                zero     0x2000367c     0x8  dhcp.o [1]
  .bss                zero     0x20003684     0x8  main.o [1]
  .bss                zero     0x2000368c     0x8  socket.o [1]
  .bss                zero     0x20003694     0x4  app.o [1]
  .bss                zero     0x20003698     0x4  app.o [1]
  .bss                zero     0x2000369c     0x4  app.o [1]
  .bss                zero     0x200036a0     0x4  AT_Proc.o [1]
  .bss                zero     0x200036a4     0x4  cJSON.o [1]
  .bss                zero     0x200036a8     0x4  dhcp.o [1]
  .bss                zero     0x200036ac     0x4  dhcp.o [1]
  .bss                zero     0x200036b0     0x4  dhcp.o [1]
  .bss                zero     0x200036b4     0x4  dhcp.o [1]
  .bss                zero     0x200036b8     0x4  dhcp.o [1]
  .bss                zero     0x200036bc     0x4  dhcp.o [1]
  .bss                zero     0x200036c0     0x4  dhcp.o [1]
  .bss                zero     0x200036c4     0x4  dhcp.o [1]
  .bss                zero     0x200036c8     0x4  dhcp.o [1]
  .bss                zero     0x200036cc     0x4  dhcp.o [1]
  .bss                zero     0x200036d0     0x4  dns.o [1]
  .bss                zero     0x200036d4     0x4  dns.o [1]
  .bss                zero     0x200036d8     0x4  hal.o [1]
  .bss                zero     0x200036dc     0x4  hal.o [1]
  .bss                zero     0x200036e0     0x4  mqtt_interface.o [1]
  .bss                zero     0x200036e4     0x4  MQTTPacket.o [1]
  .bss                zero     0x200036e8     0x4  NetHandler.o [1]
  .bss                zero     0x200036ec     0x4  NetHandler.o [1]
  .bss                zero     0x200036f0     0x4  NetHandler.o [1]
  .bss                zero     0x200036f4     0x4  NetHandler.o [1]
  .bss                zero     0x200036f8     0x4  nrf_drv_wdt.o [1]
  .bss                zero     0x200036fc     0x4  nrf_drv_wdt.o [1]
  .bss                zero     0x20003700     0x4  wizchip_conf.o [1]
  .bss                zero     0x20003704     0x4  xgetmemchunk.o [3]
  .bss                zero     0x20003708     0x2  app.o [1]
  .bss                zero     0x2000370a     0x2  app.o [1]
  .bss                zero     0x2000370c     0x2  app.o [1]
  .bss                zero     0x2000370e     0x2  app.o [1]
  .bss                zero     0x20003710     0x2  dns.o [1]
  .bss                zero     0x20003712     0x2  hal.o [1]
  .bss                zero     0x20003714     0x2  hal.o [1]
  .bss                zero     0x20003716     0x2  NetHandler.o [1]
  .bss                zero     0x20003718     0x2  NetHandler.o [1]
  .bss                zero     0x2000371a     0x2  nrf_it.o [1]
  .bss                zero     0x2000371c     0x2  socket.o [1]
  .bss                zero     0x2000371e     0x2  socket.o [1]
  .bss                zero     0x20003720     0x1  AT_Proc.o [1]
  .bss                zero     0x20003721     0x1  AT_Proc.o [1]
  .bss                zero     0x20003722     0x1  AT_Proc.o [1]
  .bss                zero     0x20003723     0x1  AT_Proc.o [1]
  .bss                zero     0x20003724     0x1  AT_Proc.o [1]
  .bss                zero     0x20003725     0x1  AT_Proc.o [1]
  .bss                zero     0x20003726     0x1  dhcp.o [1]
  .bss                zero     0x20003727     0x1  dhcp.o [1]
  .bss                zero     0x20003728     0x1  dhcp.o [1]
  .bss                zero     0x20003729     0x1  dns.o [1]
  .bss                zero     0x2000372a     0x1  dns.o [1]
  .bss                zero     0x2000372b     0x1  NetHandler.o [1]
  .bss                zero     0x2000372c     0x1  NetHandler.o [1]
  .bss                zero     0x2000372d     0x1  NetHandler.o [1]
  .bss                zero     0x2000372e     0x1  nrf24l01+.o [1]
  .bss                zero     0x2000372f     0x1  nrf24l01+.o [1]
  .bss                zero     0x20003730     0x1  radio_config.o [1]
  .bss                zero     0x20003731     0x1  radio_config.o [1]
  .bss                zero     0x20003732     0x1  SPI1.o [1]
  .bss                zero     0x20003733     0x1  SPI1.o [1]
  .bss                zero     0x20003734     0x1  SPI1.o [1]
  .bss                zero     0x20003735     0x1  wizchip_conf.o [1]
                             - 0x20003736  0x1806


*******************************************************************************
*** INIT TABLE
***

          Address     Size
          -------     ----
Zero (__iar_zero_init3)
    1 destination range, total size 0x1806:
          0x20001f30  0x1806

Copy/lz77 (__iar_lz77_init_single3)
    1 source range, total size 0x171 (9% of destination):
          0x0000db7e   0x171
    1 destination range, total size 0xf2d:
          0x20000000   0xf2d



*******************************************************************************
*** MODULE SUMMARY
***

    Module                    ro code  ro data  rw data
    ------                    -------  -------  -------
C:\Users\qilai\Desktop\Project\Project5-NewNet\Nrf51800_W5500网关\Nrf51800_W5500网关\Project\Debug\Obj: [1]
    AT_Proc.o                     944      496      563
    MQTTClient.o                1 802       92
    MQTTConnectClient.o           766       36
    MQTTDeserializePublish.o      272        8
    MQTTPacket.o                  576                 4
    MQTTSerializePublish.o        372        8
    MQTTSubscribeClient.o         376        8
    NetHandler.o                2 668    1 674    8 118
    SPI1.o                      1 080                 3
    Uart.o                        180               184
    UserInformation.pb-c.o         48    2 229
    app.o                       1 100      788       36
    app_error.o                    36
    cJSON.o                     5 376       57       12
    dhcp.o                      4 780       23       79
    dns.o                       1 260                12
    hal.o                       1 280       24       12
    iar_startup_nrf51.o           280
    main.o                        308       74       50
    mqtt_interface.o              288                 4
    mystring.o                    204       24
    nrf24l01+.o                 1 136      361       35
    nrf_delay.o                    60
    nrf_drv_common.o              208
    nrf_drv_spi.o                 996       16       24
    nrf_drv_wdt.o                 124                 8
    nrf_it.o                      504                 2
    protobuf-c.o                             1
    radio_config.o                692                22
    socket.o                    3 296        1       30
    system_nrf51.o                240        1        4
    w5500.o                     1 144
    wizchip_conf.o              1 762        4       49
    xqueue.o                      308                28
    ---------------------------------------------------
    Total:                     34 466    5 925    9 279

command line: [2]
    ---------------------------------------------------
    Total:

dl6M_tlf.a: [3]
    abort.o                        10
    div.o                          32
    dlmalloc.o                  5 772               496
    errno.o                        16                 4
    exit.o                          8
    localeconv.o                  104       13      136
    low_level_init.o                4
    setlocale.o                    20       11      116
    sprintf.o                      56
    strcat.o                       28
    strncmp.o                      44
    strstr.o                       56
    tolower.o                      18
    vsnprint.o                     60
    xgetmemchunk.o                 44                 4
    xlocale_c.o                    12
    xprintffull_nomb.o          3 826       24
    xsnprout.o                     28
    xsprout.o                      10
    xtls.o                          2
    ---------------------------------------------------
    Total:                     10 150       48      756

m6M_tl.a: [4]
    DblAddSub.o                   436
    DblCmpEq.o                     36
    DblCmpGe.o                     50
    DblCmpLe.o                     50
    DblDiv.o                      194
    DblMul.o                      388
    DblToI32.o                     82
    I32ToDbl.o                     52
    floor.o                        88
    pow.o                       2 192
    xdint.o                       140
    xdnorm.o                       68
    xdscale.o                     284
    xdtest.o                       60
    xexp.o                        696
    xlog.o                        164
    ---------------------------------------------------
    Total:                      4 980

rt6M_tl.a: [5]
    ABImemcpy.o                    92
    ABImemset.o                    88
    I32DivModFast.o               224
    I64DivMod.o                   106
    I64DivZer.o                     2
    IntDivZer.o                     2
    cexit.o                        10
    cmain.o                        26
    cstartup_M.o                   12
    data_init.o                    40
    lz77_init_single.o            124
    memchr.o                       24
    memcmp.o                       40
    strchr.o                       20
    strcpy.o                       16
    strlen.o                       16
    strncpy.o                      36
    zero_init3.o                   60
    ---------------------------------------------------
    Total:                        938

shb_l.a: [6]
    exit.o                         20
    ---------------------------------------------------
    Total:                         20

    Linker created                          32    4 096
-------------------------------------------------------
    Grand Total:               50 554    6 005   14 131


*******************************************************************************
*** ENTRY LIST
***

Entry                      Address   Size  Type      Object
-----                      -------   ----  ----      ------
.iar.init_table$$Base   0x0000d140          --   Gb  - Linker created -
.iar.init_table$$Limit  0x0000d160          --   Gb  - Linker created -
?main                   0x0000d399         Code  Gb  cmain.o [5]
ADDR_Save_Data          0x20000f2c    0x1  Data  Gb  nrf24l01+.o [1]
ATCmds                  0x20000004   0xc0  Data  Gb  AT_Proc.o [1]
ATCurrentCmdNum         0x20003724    0x1  Data  Gb  AT_Proc.o [1]
ATNextCmdNum            0x20003723    0x1  Data  Gb  AT_Proc.o [1]
ATRec                   0x0000b879   0x60  Code  Gb  AT_Proc.o [1]
ATRecCmdNum             0x20003721    0x1  Data  Lc  AT_Proc.o [1]
ATSend                  0x0000b7fd   0x7c  Code  Gb  AT_Proc.o [1]
CSQ_buffer              0x200036a0    0x4  Data  Gb  AT_Proc.o [1]
CSTACK$$Base            0x20000f30          --   Gb  - Linker created -
CSTACK$$Limit           0x20001730          --   Gb  - Linker created -
CompareTime             0x0000bb61   0x38  Code  Gb  AT_Proc.o [1]
ConnectNetwork          0x00009355   0x28  Code  Gb  mqtt_interface.o [1]
Creat_json_MQTT_SendData
                        0x00007e6d   0xde  Code  Gb  NetHandler.o [1]
CurrentRty              0x20003720    0x1  Data  Lc  AT_Proc.o [1]
DHCP_CHADDR             0x2000367c    0x8  Data  Gb  dhcp.o [1]
DHCP_REAL_SIP           0x200036ac    0x4  Data  Gb  dhcp.o [1]
DHCP_SIP                0x200036a8    0x4  Data  Gb  dhcp.o [1]
DHCP_SOCKET             0x20003726    0x1  Data  Gb  dhcp.o [1]
DHCP_XID                0x200036c8    0x4  Data  Gb  dhcp.o [1]
DHCP_allocated_dns      0x200036c0    0x4  Data  Gb  dhcp.o [1]
DHCP_allocated_gw       0x200036b8    0x4  Data  Gb  dhcp.o [1]
DHCP_allocated_ip       0x200036b4    0x4  Data  Gb  dhcp.o [1]
DHCP_allocated_sn       0x200036bc    0x4  Data  Gb  dhcp.o [1]
DHCP_init               0x00006429   0xa0  Code  Gb  dhcp.o [1]
DHCP_proc               0x00007931   0x78  Code  Gb  NetHandler.o [1]
DHCP_run                0x00006139  0x1d2  Code  Gb  dhcp.o [1]
DHCP_stop               0x00006311   0x12  Code  Gb  dhcp.o [1]
DHCP_time_handler       0x000064e1    0xc  Code  Gb  dhcp.o [1]
DNS_Analyse             0x000079d1   0x5c  Code  Gb  NetHandler.o [1]
DNS_MSGID               0x20003710    0x2  Data  Gb  dns.o [1]
DNS_SOCKET              0x20003729    0x1  Data  Gb  dns.o [1]
DNS_init                0x0000914d   0x10  Code  Gb  dns.o [1]
DNS_run                 0x0000915d   0xcc  Code  Gb  dns.o [1]
DNS_time_handler        0x00009229    0xc  Code  Gb  dns.o [1]
DhcpInitHandler         0x00007909   0x22  Code  Lc  NetHandler.o [1]
Find_string             0x0000bc09   0x4e  Code  Gb  mystring.o [1]
GPIOTE_IRQHandler       0x0000c379   0x60  Code  Gb  nrf_it.o [1]
GPIO_Spi_init           0x0000afeb   0xae  Code  Gb  SPI1.o [1]
GetSystemNowtime        0x00008433    0x6  Code  Gb  hal.o [1]
GetTime                 0x0000bb51   0x10  Code  Gb  AT_Proc.o [1]
HEAP$$Base              0x20001730          --   Gb  - Linker created -
HEAP$$Limit             0x20001f30          --   Gb  - Linker created -
HOST_NAME               0x200000d4    0x8  Data  Gb  dhcp.o [1]
HeartBeatHandler        0x0000b3ad    0xe  Code  Gb  app.o [1]
HeartBeat_lenght        0x200036f0    0x4  Data  Gb  NetHandler.o [1]
INIT_LIST_HEAD          0x00009ad7    0x6  Code  Lc  xqueue.o [1]
IRQ_Flag0               0x20003732    0x1  Data  Gb  SPI1.o [1]
IRQ_Flag1               0x20003733    0x1  Data  Gb  SPI1.o [1]
IRQ_Flag2               0x20003734    0x1  Data  Gb  SPI1.o [1]
IR_SendByte             0x00008515   0x48  Code  Gb  hal.o [1]
IR_SendData             0x0000855d   0x22  Code  Gb  hal.o [1]
InitW5500SocketBuf      0x000078ad   0x1e  Code  Lc  NetHandler.o [1]
LoadInt                 0x0000467b   0x68  Code  Lc  xprintffull_nomb.o [3]
LongIntToStr            0x0000bb99   0x3c  Code  Gb  mystring.o [1]
LoopEventSetBit         0x0000b3dd    0xc  Code  Gb  app.o [1]
LoopEvents              0x20003708    0x2  Data  Gb  app.o [1]
LoopEventstmp           0x2000370a    0x2  Data  Gb  app.o [1]
LoopTimeEventSetBit     0x0000b3e9    0xc  Code  Gb  app.o [1]
LoopTimeEvents          0x2000370c    0x2  Data  Lc  app.o [1]
LoopTimeEventstmp       0x2000370e    0x2  Data  Lc  app.o [1]
MQTTClientInit          0x000093ff   0x40  Code  Gb  MQTTClient.o [1]
MQTTConnect             0x0000982b   0xa8  Code  Gb  MQTTClient.o [1]
MQTTDeserialize_ack     0x0000a693   0x60  Code  Gb  MQTTDeserializePublish.o [1]
MQTTDeserialize_connack
                        0x0000a503   0x72  Code  Gb  MQTTConnectClient.o [1]
MQTTDeserialize_publish
                        0x0000a5ed   0xa6  Code  Gb  MQTTDeserializePublish.o [1]
MQTTDeserialize_suback  0x0000a957   0x8a  Code  Gb  MQTTSubscribeClient.o [1]
MQTTPacket_decode       0x0000a0df   0x48  Code  Gb  MQTTPacket.o [1]
MQTTPacket_decodeBuf    0x0000a171    0xe  Code  Gb  MQTTPacket.o [1]
MQTTPacket_encode       0x0000a0ad   0x32  Code  Gb  MQTTPacket.o [1]
MQTTPacket_equals       0x0000a29f   0x42  Code  Gb  MQTTPacket.o [1]
MQTTPacket_len          0x0000a127   0x26  Code  Gb  MQTTPacket.o [1]
MQTTPublish             0x000099a5   0xf6  Code  Gb  MQTTClient.o [1]
MQTTSerialize_ack       0x0000a7e9   0x80  Code  Gb  MQTTSerializePublish.o [1]
MQTTSerialize_connect   0x0000a375  0x18e  Code  Gb  MQTTConnectClient.o [1]
MQTTSerialize_connectLength
                        0x0000a2ed   0x88  Code  Gb  MQTTConnectClient.o [1]
MQTTSerialize_pingreq   0x0000a5e1    0xa  Code  Gb  MQTTConnectClient.o [1]
MQTTSerialize_publish   0x0000a725   0xc4  Code  Gb  MQTTSerializePublish.o [1]
MQTTSerialize_publishLength
                        0x0000a6fd   0x28  Code  Gb  MQTTSerializePublish.o [1]
MQTTSerialize_subscribe
                        0x0000a89b   0xbc  Code  Gb  MQTTSubscribeClient.o [1]
MQTTSerialize_subscribeLength
                        0x0000a871   0x2a  Code  Gb  MQTTSubscribeClient.o [1]
MQTTSerialize_zero      0x0000a575   0x50  Code  Gb  MQTTConnectClient.o [1]
MQTTSubscribe           0x000098d9   0xcc  Code  Gb  MQTTClient.o [1]
MQTTYield               0x000097d5   0x2e  Code  Gb  MQTTClient.o [1]
MQTT_Count_SendTimes    0x20003694    0x4  Data  Gb  app.o [1]
MQTT_HeartBeat          0x00007f7d   0x96  Code  Gb  NetHandler.o [1]
MQTT_Init               0x00007d29  0x10e  Code  Gb  NetHandler.o [1]
MQTT_Resv_Alarm         0x2000372c    0x1  Data  Gb  NetHandler.o [1]
MQTT_Resv_AlarmData     0x200036ec    0x4  Data  Gb  NetHandler.o [1]
MQTT_Resv_AlarmTime     0x20000f28    0x1  Data  Gb  NetHandler.o [1]
MQTT_Resv_Channel       0x20000f29    0x1  Data  Gb  NetHandler.o [1]
MQTT_Resv_Cycle         0x20000f27    0x1  Data  Gb  NetHandler.o [1]
MQTT_Resv_Read_data     0x2000372d    0x1  Data  Gb  NetHandler.o [1]
MQTT_Resv_SensorCycle   0x20000f2b    0x1  Data  Gb  NetHandler.o [1]
MQTT_Resv_SensorNum     0x20000f2a    0x1  Data  Gb  NetHandler.o [1]
MQTT_SendData           0x0000804d   0xa2  Code  Gb  NetHandler.o [1]
MQTT_Working            0x000080ef   0x10  Code  Gb  NetHandler.o [1]
MQTTstrlen              0x0000a289   0x16  Code  Gb  MQTTPacket.o [1]
MilliTimer              0x200036e0    0x4  Data  Gb  mqtt_interface.o [1]
MilliTimer_Handler      0x00009271    0xc  Code  Gb  mqtt_interface.o [1]
NB_Init                 0x0000b90b   0x24  Code  Gb  AT_Proc.o [1]
NB_POWER_ON             0x0000b8d9   0x1e  Code  Gb  AT_Proc.o [1]
NB_RESET                0x0000b8f7   0x14  Code  Gb  AT_Proc.o [1]
NB_SendDataBuff         0x2000330c  0x160  Data  Gb  AT_Proc.o [1]
NB_TaskStatus           0x20003722    0x1  Data  Gb  AT_Proc.o [1]
NB_Work                 0x0000b92f   0x54  Code  Gb  AT_Proc.o [1]
NB_reset_time           0x20000f24    0x1  Data  Gb  AT_Proc.o [1]
NRF_Init_Result_Num     0x0000c6f9   0x2a  Code  Gb  main.o [1]
NVIC_ClearPendingIRQ    0x0000818b    0xe  Code  Lc  hal.o [1]
NVIC_ClearPendingIRQ    0x0000a9f7    0xe  Code  Lc  nrf_drv_common.o [1]
NVIC_EnableIRQ          0x0000817d    0xe  Code  Lc  hal.o [1]
NVIC_EnableIRQ          0x0000a9e9    0xe  Code  Lc  nrf_drv_common.o [1]
NVIC_EnableIRQ          0x0000c095    0xe  Code  Lc  radio_config.o [1]
NVIC_EnableIRQ          0x0000af65    0xe  Code  Lc  SPI1.o [1]
NVIC_SetPriority        0x00008199   0x84  Code  Lc  hal.o [1]
NVIC_SetPriority        0x0000aa05   0x84  Code  Lc  nrf_drv_common.o [1]
NVIC_SystemReset        0x0000a089   0x12  Code  Lc  app_error.o [1]
NVIC_SystemReset        0x00007719   0x12  Code  Lc  NetHandler.o [1]
NVIC_SystemReset        0x0000aab9   0x12  Code  Lc  nrf24l01+.o [1]
NetworkInitHandler      0x00007a49   0x6c  Code  Gb  NetHandler.o [1]
NewMessageData          0x00009391    0x6  Code  Lc  MQTTClient.o [1]
NewNetwork              0x000092c9   0x10  Code  Gb  mqtt_interface.o [1]
NibbleToHex             0x000065a9   0x18  Code  Gb  dhcp.o [1]
OLD_allocated_ip        0x200036b0    0x4  Data  Gb  dhcp.o [1]
PHY_Status              0x200000f8    0x8  Data  Gb  main.o [1]
PhyLinkStatusCheck      0x000078cb   0x3e  Code  Lc  NetHandler.o [1]
RADIO_DATA_LIST_HEAD    0x200035c8   0x1c  Data  Gb  xqueue.o [1]
RADIO_IRQHandler        0x0000c239   0x8e  Code  Gb  radio_config.o [1]
Read_ID                 0x20003628   0x10  Data  Gb  main.o [1]
Rec_WaitAT              0x0000b9b1  0x15a  Code  Gb  AT_Proc.o [1]
RecivePkg               0x20002f30  0x204  Data  Gb  NetHandler.o [1]
Region$$Table$$Base     0x0000d140          --   Gb  - Linker created -
Region$$Table$$Limit    0x0000d160          --   Gb  - Linker created -
RegisterSPItoW5500      0x00007891   0x1c  Code  Lc  NetHandler.o [1]
SPI0_TWI0_IRQHandler    0x0000a069    0xc  Code  Gb  nrf_drv_spi.o [1]
SPI_CS_Deselect         0x00007759    0xa  Code  Gb  NetHandler.o [1]
SPI_CS_Select           0x0000774f    0xa  Code  Gb  NetHandler.o [1]
SPI_CrisEnter           0x0000773f    0x8  Code  Gb  NetHandler.o [1]
SPI_CrisExit            0x00007747    0x8  Code  Gb  NetHandler.o [1]
SPI_ReadByte            0x000085b1   0x26  Code  Gb  hal.o [1]
SPI_WriteByte           0x00008589   0x22  Code  Gb  hal.o [1]
SendBuffer              0x20000170  0xc00  Data  Gb  NetHandler.o [1]
SendDataHandler         0x0000b3bb    0xe  Code  Gb  app.o [1]
SendData_lenght         0x200036f4    0x4  Data  Gb  NetHandler.o [1]
SensorNum               0x20000f25    0x1  Data  Gb  NetHandler.o [1]
SensorStart             0x20000f26    0x1  Data  Gb  NetHandler.o [1]
SoftTimeingLoopEvent    0x0000b709   0x82  Code  Gb  app.o [1]
SoftWareEventInLoop     0x0000b3f5  0x1bc  Code  Gb  app.o [1]
SoftWareInit            0x0000b3c9   0x14  Code  Gb  app.o [1]
SoftWareTimeingEventInLoop
                        0x0000b5c9  0x12a  Code  Gb  app.o [1]
StrInvertSeq            0x0000bbd5   0x34  Code  Gb  mystring.o [1]
SubTopic                0x20000da4   0x34  Data  Gb  NetHandler.o [1]
SystemCoreClock         0x20000df0    0x4  Data  Gb  system_nrf51.o [1]
SystemInit              0x0000c7c5    0x8  Code  Lc  main.o [1]
SystemInit              0x0000c855   0x28  Code  Gb  system_nrf51.o [1]
SystemNowtime           0x200036d8    0x4  Data  Gb  hal.o [1]
TIMER0_IRQHandler       0x0000c3d9   0x32  Code  Gb  nrf_it.o [1]
TIMER1_IRQHandler       0x0000c40b   0x2e  Code  Gb  nrf_it.o [1]
TIMER2_IRQHandler       0x0000c439   0xa2  Code  Gb  nrf_it.o [1]
TimeDifference          0x0000b39d   0x10  Code  Gb  app.o [1]
TimeNB                  0x20003674    0x8  Data  Lc  AT_Proc.o [1]
TimerCountdown          0x000092a5   0x10  Code  Gb  mqtt_interface.o [1]
TimerCountdownMS        0x0000929b    0xa  Code  Gb  mqtt_interface.o [1]
TimerInit               0x0000927d    0x6  Code  Gb  mqtt_interface.o [1]
TimerIsExpired          0x00009283   0x18  Code  Gb  mqtt_interface.o [1]
TimerLeftMS             0x000092b5   0x14  Code  Gb  mqtt_interface.o [1]
Topic                   0x20000d70   0x34  Data  Gb  NetHandler.o [1]
UART0_IRQHandler        0x0000bc8b   0x76  Code  Gb  Uart.o [1]
UART_Printf             0x000082ff   0x2a  Code  Gb  hal.o [1]
Uart_SendStr            0x00008343   0x1a  Code  Gb  hal.o [1]
Unpack_json_MQTT_ResvData
                        0x00007b09  0x16c  Code  Gb  NetHandler.o [1]
W5500_Diver_Test        0x0000c7cd   0x36  Code  Gb  main.o [1]
W5500_Reset             0x0000776d   0x20  Code  Gb  NetHandler.o [1]
WDT_IRQHandler          0x00009c1b   0x1c  Code  Gb  nrf_drv_wdt.o [1]
WIZCHIP                 0x20000df4   0x2c  Data  Gb  wizchip_conf.o [1]
WIZCHIP_READ            0x000065c1   0x7a  Code  Gb  w5500.o [1]
WIZCHIP_READ_BUF        0x000066b5   0x94  Code  Gb  w5500.o [1]
WIZCHIP_WRITE           0x0000663b   0x7a  Code  Gb  w5500.o [1]
WIZCHIP_WRITE_BUF       0x00006749   0x92  Code  Gb  w5500.o [1]
_DHCP_                  0x20003735    0x1  Data  Lc  wizchip_conf.o [1]
_DNS_                   0x20003700    0x4  Data  Lc  wizchip_conf.o [1]
_GenldFullNoMb          0x00004cad  0x2d2  Code  Lc  xprintffull_nomb.o [3]
_IsdstStr               0x20000e28    0x4  Data  Gb  setlocale.o [3]
_LdtobFullNoMb          0x00004815  0x484  Code  Lc  xprintffull_nomb.o [3]
_LitobFullNoMb          0x000046e3  0x12e  Code  Lc  xprintffull_nomb.o [3]
_LocaleC_tolower        0x00003bb5    0xc  Code  Gb  xlocale_c.o [3]
_LocaleForCat           0x00003ba1   0x10  Code  Gb  setlocale.o [3]
_LocaleReturnString     0x20000e48   0x50  Data  Lc  setlocale.o [3]
_Locale_Profile         0x20000e2c   0x1c  Data  Gb  setlocale.o [3]
_Locale_aeabi_lconv     0x20000ee8   0x38  Data  Gb  localeconv.o [3]
_Locale_lconv           0x20000e98   0x50  Data  Gb  localeconv.o [3]
_PrintfFullNoMb         0x000040c1  0x5ba  Code  Gb  xprintffull_nomb.o [3]
_PutcharsFullNoMb       0x00004f83   0x30  Code  Lc  xprintffull_nomb.o [3]
_SNProut                0x0000d37d   0x1c  Code  Gb  xsnprout.o [3]
_SProut                 0x00001757    0xa  Code  Gb  xsprout.o [3]
_TzoneStr               0x20000e24    0x4  Data  Gb  setlocale.o [3]
__Vectors               0x00000000          --   Gb  iar_startup_nrf51.o [1]
__Vectors_End           0x000000c0         Data  Gb  iar_startup_nrf51.o [1]
__Vectors_Size {Abs}    0x000000c0          --   Gb  iar_startup_nrf51.o [1]
__aeabi_cdcmpeq         0x00003a43         Code  Gb  DblCmpEq.o [4]
__aeabi_cdcmple         0x00003a79         Code  Gb  DblCmpLe.o [4]
__aeabi_cdrcmple        0x00003aab         Code  Gb  DblCmpGe.o [4]
__aeabi_d2iz            0x000039f1         Code  Gb  DblToI32.o [4]
__aeabi_d2uiz           0x00003a15         Code  Gb  DblToI32.o [4]
__aeabi_dadd            0x00002f31         Code  Gb  DblAddSub.o [4]
__aeabi_ddiv            0x00003ca1         Code  Gb  DblDiv.o [4]
__aeabi_dmul            0x00002d79         Code  Gb  DblMul.o [4]
__aeabi_dsub            0x00002ff7         Code  Gb  DblAddSub.o [4]
__aeabi_errno_addr      0x00003c91    0xa  Code  Gb  errno.o [3]
__aeabi_i2d             0x00002efd         Code  Gb  I32ToDbl.o [4]
__aeabi_idiv            0x000051cf         Code  Gb  I32DivModFast.o [5]
__aeabi_idiv0           0x00005311         Code  Gb  IntDivZer.o [5]
__aeabi_idivmod         0x000051cf         Code  Gb  I32DivModFast.o [5]
__aeabi_ldiv0           0x0000530d         Code  Gb  I64DivZer.o [5]
__aeabi_memclr          0x00002d71         Code  Gb  ABImemset.o [5]
__aeabi_memclr4         0x00002d75         Code  Gb  ABImemset.o [5]
__aeabi_memclr8         0x00002d75         Code  Gb  ABImemset.o [5]
__aeabi_memcpy          0x0000178d         Code  Gb  ABImemcpy.o [5]
__aeabi_memcpy4         0x000017b5         Code  Wk  ABImemcpy.o [5]
__aeabi_memset          0x00002d21         Code  Gb  ABImemset.o [5]
__aeabi_ui2d            0x00002f11         Code  Gb  I32ToDbl.o [4]
__aeabi_uidiv           0x000051d5         Code  Gb  I32DivModFast.o [5]
__aeabi_uidivmod        0x000051d5         Code  Gb  I32DivModFast.o [5]
__aeabi_uldivmod        0x00005139         Code  Gb  I64DivMod.o [5]
__cmain                 0x0000d399         Code  Gb  cmain.o [5]
__data_GetMemChunk      0x00001761   0x2c  Code  Gb  xgetmemchunk.o [3]
__exit                  0x000017e9   0x14  Code  Gb  exit.o [6]
__iar_Dint              0x00003c05   0x8c  Code  Gb  xdint.o [4]
__iar_Dnorm             0x00003bc1   0x44  Code  Gb  xdnorm.o [4]
__iar_Dscale            0x00005005  0x11c  Code  Gb  xdscale.o [4]
__iar_Dtest             0x00004fc9   0x3c  Code  Gb  xdtest.o [4]
__iar_Errno             0x20000e20    0x4  Data  Gb  errno.o [3]
__iar_Exp               0x00003e09  0x2b8  Code  Gb  xexp.o [4]
__iar_Locale_lconv_init
                        0x00005285   0x32  Code  Gb  localeconv.o [3]
__iar_Logpoly           0x00003d65   0x6c  Code  Gb  xlog.o [4]
__iar_Memchr            0x00005121   0x18  Code  Gb  memchr.o [5]
__iar_Memset4_word      0x00002d41         Code  Gb  ABImemset.o [5]
__iar_Memset_word       0x00002d2d         Code  Gb  ABImemset.o [5]
__iar_Strchr            0x00004fb3   0x14  Code  Gb  strchr.o [5]
__iar_Strstr            0x0000bd19   0x38  Code  Gb  strstr.o [3]
__iar_d2uiz             0x00003a19         Code  Gb  DblToI32.o [4]
__iar_data_init3        0x0000d0d1   0x28  Code  Gb  data_init.o [5]
__iar_dlfree            0x000011c1  0x584  Code  Gb  dlmalloc.o [3]
__iar_dlib_perthread_access
                        0x00004fc7    0x2  Code  Gb  xtls.o [3]
__iar_dlmalloc          0x00000ec3  0x2f8  Code  Gb  dlmalloc.o [3]
__iar_floor             0x00003b15         Code  Gb  floor.o [4]
__iar_floorl            0x00003b15         Code  Gb  floor.o [4]
__iar_lz77_init_single3
                        0x000030e5   0x7c  Code  Gb  lz77_init_single.o [5]
__iar_program_start     0x0000da01         Code  Gb  cstartup_M.o [5]
__iar_ui2d              0x00002f15         Code  Gb  I32ToDbl.o [4]
__iar_zero_init3        0x0000ccad   0x3c  Code  Gb  zero_init3.o [5]
__list_add              0x00009add    0xa  Code  Lc  xqueue.o [1]
__low_level_init        0x0000d3b3    0x4  Code  Gb  low_level_init.o [3]
__vector_table          0x00000000         Data  Gb  iar_startup_nrf51.o [1]
_call_main              0x0000d3a5         Code  Gb  cmain.o [5]
_exit                   0x0000d3c1         Code  Gb  cexit.o [5]
_gm_                    0x20003134  0x1d8  Data  Lc  dlmalloc.o [3]
_main                   0x0000d3af         Code  Gb  cmain.o [5]
abort                   0x0000174d    0xa  Code  Gb  abort.o [3]
app_error_handler       0x0000a0a5    0x8  Code  Wk  app_error.o [1]
bufchar                 0x0000a14d   0x24  Code  Gb  MQTTPacket.o [1]
bufptr                  0x200036e4    0x4  Data  Lc  MQTTPacket.o [1]
bytewise_bitswap        0x0000c0cd   0x2e  Code  Lc  radio_config.o [1]
cJSON_AddItemToArray    0x00002c51   0x24  Code  Gb  cJSON.o [1]
cJSON_AddItemToObject   0x00002c75   0x2c  Code  Gb  cJSON.o [1]
cJSON_CreateNumber      0x00002ca5   0x2a  Code  Gb  cJSON.o [1]
cJSON_CreateObject      0x00002ced   0x10  Code  Gb  cJSON.o [1]
cJSON_CreateString      0x00002ccf   0x1e  Code  Gb  cJSON.o [1]
cJSON_Delete            0x0000189f   0x52  Code  Gb  cJSON.o [1]
cJSON_GetErrorPtr       0x000017fd    0x6  Code  Gb  cJSON.o [1]
cJSON_GetObjectItem     0x00002c2d   0x1e  Code  Gb  cJSON.o [1]
cJSON_New_Item          0x00001881   0x1e  Code  Lc  cJSON.o [1]
cJSON_Parse             0x00002183    0xc  Code  Gb  cJSON.o [1]
cJSON_ParseWithOpts     0x0000211f   0x64  Code  Gb  cJSON.o [1]
cJSON_Print             0x0000218f    0xe  Code  Gb  cJSON.o [1]
cJSON_free              0x200000c8    0x4  Data  Lc  cJSON.o [1]
cJSON_malloc            0x200000c4    0x4  Data  Lc  cJSON.o [1]
cJSON_strcasecmp        0x00001803   0x50  Code  Lc  cJSON.o [1]
cJSON_strdup            0x00001853   0x2e  Code  Lc  cJSON.o [1]
cardInfo_p              0x20003580   0x28  Data  Gb  NetHandler.o [1]
card__descriptor        0x0000cbf8   0x3c  Data  Gb  UserInformation.pb-c.o [1]
card__field_descriptors
                        0x0000bd50  0x344  Data  Lc  UserInformation.pb-c.o [1]
card__field_indices_by_name
                        0x0000caa4   0x4c  Data  Lc  UserInformation.pb-c.o [1]
card__init              0x0000ce59    0xc  Code  Gb  UserInformation.pb-c.o [1]
card__number_ranges     0x0000d790   0x10  Data  Lc  UserInformation.pb-c.o [1]
check_DHCP_leasedIP     0x000063bd   0x58  Code  Gb  dhcp.o [1]
check_DHCP_timeout      0x0000632d   0x90  Code  Gb  dhcp.o [1]
check_DNS_timeout       0x00009117   0x36  Code  Gb  dns.o [1]
clearUart               0x0000bc5d   0x2e  Code  Gb  Uart.o [1]
close                   0x00006bc5   0x98  Code  Gb  socket.o [1]
closed_time             0x2000371a    0x2  Data  Gb  nrf_it.o [1]
comCRC8                 0x000085f9   0x1c  Code  Gb  hal.o [1]
comCalCRC               0x0000b381   0x1c  Code  Gb  SPI1.o [1]
compare                 0x00009ab7   0x20  Code  Lc  xqueue.o [1]
connect                 0x00006c65  0x16e  Code  Gb  socket.o [1]
count_number_in_double_link
                        0x00009bd5   0x16  Code  Gb  xqueue.o [1]
create_double_link_node
                        0x00009b07   0x3c  Code  Gb  xqueue.o [1]
create_list_head        0x00009af1   0x16  Code  Gb  xqueue.o [1]
ctlnetwork              0x00008869   0x54  Code  Gb  wizchip_conf.o [1]
ctlwizchip              0x0000870d  0x140  Code  Gb  wizchip_conf.o [1]
cycle                   0x00009685  0x150  Code  Gb  MQTTClient.o [1]
decodePacket            0x0000943f   0x5c  Code  Lc  MQTTClient.o [1]
default_ip_assign       0x00005315   0x28  Code  Gb  dhcp.o [1]
default_ip_conflict     0x0000535f   0x1e  Code  Gb  dhcp.o [1]
default_ip_update       0x0000533d   0x22  Code  Gb  dhcp.o [1]
delayTicks              0x20003712    0x2  Data  Gb  hal.o [1]
delay_ms                0x000082d9   0x26  Code  Gb  hal.o [1]
delay_us_Ticks          0x20003714    0x2  Data  Gb  hal.o [1]
deliverMessage          0x0000959b   0x90  Code  Gb  MQTTClient.o [1]
dhcp_ip_assign          0x200000dc    0x4  Data  Gb  dhcp.o [1]
dhcp_ip_conflict        0x200000e4    0x4  Data  Gb  dhcp.o [1]
dhcp_ip_update          0x200000e0    0x4  Data  Gb  dhcp.o [1]
dhcp_lease_time         0x200000cc    0x4  Data  Gb  dhcp.o [1]
dhcp_retry_count        0x20003728    0x1  Data  Gb  dhcp.o [1]
dhcp_state              0x20003727    0x1  Data  Gb  dhcp.o [1]
dhcp_tick_1s            0x200036c4    0x4  Data  Gb  dhcp.o [1]
dhcp_tick_next          0x200000d0    0x4  Data  Gb  dhcp.o [1]
disconnect              0x00006de5   0xc4  Code  Gb  socket.o [1]
div                     0x000052ed   0x20  Code  Gb  div.o [3]
dns_1s_tick             0x200036d4    0x4  Data  Gb  dns.o [1]
dns_answer              0x00008e3b  0x104  Code  Gb  dns.o [1]
dns_makequery           0x00009031   0xe6  Code  Gb  dns.o [1]
dns_question            0x00008e13   0x28  Code  Gb  dns.o [1]
domain_ip               0x200036e8    0x4  Data  Gb  NetHandler.o [1]
domain_name             0x2000015c   0x14  Data  Gb  NetHandler.o [1]
dstAddr                 0x0000daec    0x8  Data  Gb  nrf24l01+.o [1]
ensure                  0x00001a75   0x6e  Code  Lc  cJSON.o [1]
ep                      0x200036a4    0x4  Data  Lc  cJSON.o [1]
exit                    0x0000d3b7    0x8  Code  Gb  exit.o [3]
find_data_in_double_link
                        0x00009b43   0x34  Code  Gb  xqueue.o [1]
find_string_flag        0x20003725    0x1  Data  Gb  AT_Proc.o [1]
finish_transfer         0x0000a029   0x1c  Code  Lc  nrf_drv_spi.o [1]
firstByteMark           0x0000da7c    0x8  Data  Lc  cJSON.o [1]
floor                   0x00003b15         Code  Gb  floor.o [4]
floorl                  0x00003b15         Code  Gb  floor.o [4]
gDATABUF                0x20002730  0x800  Data  Gb  NetHandler.o [1]
gWIZNETINFO             0x20000dd8   0x18  Data  Gb  NetHandler.o [1]
get16                   0x00008d61   0x10  Code  Gb  dns.o [1]
getDHCPLeasetime        0x00006561    0x6  Code  Gb  dhcp.o [1]
getDNSfromDHCP          0x00006547   0x1a  Code  Gb  dhcp.o [1]
getGWfromDHCP           0x0000650d   0x1a  Code  Gb  dhcp.o [1]
getIPfromDHCP           0x000064ed   0x1a  Code  Gb  dhcp.o [1]
getNextPacketId         0x00009397   0x18  Code  Lc  MQTTClient.o [1]
getSNfromDHCP           0x0000652d   0x1a  Code  Gb  dhcp.o [1]
getSn_RX_RSR            0x00006847   0x6c  Code  Gb  w5500.o [1]
getSn_TX_FSR            0x000067db   0x6c  Code  Gb  w5500.o [1]
halGpioInit             0x0000835d   0x40  Code  Lc  hal.o [1]
halInit                 0x000082af   0x2a  Code  Gb  hal.o [1]
halSpiInit              0x000083ed   0x46  Code  Lc  hal.o [1]
halSpiReadBuf           0x0000b163   0x50  Code  Gb  SPI1.o [1]
halSpiReadBuf_2         0x0000b32b   0x56  Code  Gb  SPI1.o [1]
halSpiReadByte          0x0000b121   0x42  Code  Gb  SPI1.o [1]
halSpiReadByte_2        0x0000b2e3   0x48  Code  Gb  SPI1.o [1]
halSpiReadWriteByte     0x0000b0cd   0x54  Code  Gb  SPI1.o [1]
halSpiWriteBuf          0x0000b1f5   0x50  Code  Gb  SPI1.o [1]
halSpiWriteBuf_2        0x0000b28d   0x56  Code  Gb  SPI1.o [1]
halSpiWriteByte         0x0000b1b3   0x42  Code  Gb  SPI1.o [1]
halSpiWriteByte_2       0x0000b245   0x48  Code  Gb  SPI1.o [1]
halTimInit              0x00008445   0x78  Code  Lc  hal.o [1]
halUartInit             0x0000839d   0x50  Code  Lc  hal.o [1]
heartbeat               0x20000118   0x34  Data  Gb  NetHandler.o [1]
heartbeat__descriptor   0x0000cc70   0x3c  Data  Gb  UserInformation.pb-c.o [1]
heartbeat__field_descriptors
                        0x0000c540  0x1b8  Data  Lc  UserInformation.pb-c.o [1]
heartbeat__field_indices_by_name
                        0x0000d0a8   0x28  Data  Lc  UserInformation.pb-c.o [1]
heartbeat__init         0x0000ce71    0xc  Code  Gb  UserInformation.pb-c.o [1]
heartbeat__number_ranges
                        0x0000d7b0   0x10  Data  Lc  UserInformation.pb-c.o [1]
id                      0x20003684    0x8  Data  Gb  main.o [1]
init_mparams            0x000000dd   0x2a  Code  Lc  dlmalloc.o [3]
init_top                0x00000107   0x3a  Code  Lc  dlmalloc.o [3]
insert_data_into_double_link
                        0x00009b77   0x5e  Code  Gb  xqueue.o [1]
internal_Pow            0x00003161  0x434  Code  Lc  pow.o [4]
irq_handler_spi         0x0000a045   0x24  Code  Lc  nrf_drv_spi.o [1]
isTopicMatched          0x00009529   0x72  Code  Lc  MQTTClient.o [1]
is_disabled_in_debug_needed
                        0x0000c8ed   0x38  Code  Lc  system_nrf51.o [1]
is_manual_peripheral_setup_needed
                        0x0000c87d   0x70  Code  Lc  system_nrf51.o [1]
keepalive               0x0000962b   0x5a  Code  Gb  MQTTClient.o [1]
list_add                0x00009ae7    0xa  Code  Lc  xqueue.o [1]
lnbias                  0x000035d0  0x420  Data  Lc  pow.o [4]
localeconv              0x000052b7   0x18  Code  Gb  localeconv.o [3]
m_DEVICE_ID             0x20000f20    0x2  Data  Gb  main.o [1]
m_alloc_index           0x200036fc    0x4  Data  Lc  nrf_drv_wdt.o [1]
m_cb                    0x200035e4   0x18  Data  Lc  nrf_drv_spi.o [1]
m_default_config        0x0000d760   0x10  Data  Lc  nrf_drv_spi.o [1]
m_radio_states          0x20003730    0x1  Data  Gb  radio_config.o [1]
m_spi_master_0          0x0000da84    0x8  Data  Lc  hal.o [1]
m_wdt_event_handler     0x200036f8    0x4  Data  Lc  nrf_drv_wdt.o [1]
main                    0x0000c723   0xa2  Code  Gb  main.o [1]
makeDHCPMSG             0x000053b1  0x1a0  Code  Gb  dhcp.o [1]
memcmp                  0x0000c82d   0x28  Code  Gb  memcmp.o [5]
memsize                 0x2000014c   0x10  Data  Gb  NetHandler.o [1]
messageArrived          0x00007c81   0x58  Code  Gb  NetHandler.o [1]
mparams                 0x200035fc   0x18  Data  Lc  dlmalloc.o [3]
mqtt_msg                0x20003638   0x10  Data  Gb  NetHandler.o [1]
mqttclient              0x20003524   0x5c  Data  Gb  NetHandler.o [1]
my_ip_assign            0x0000778d   0x36  Code  Lc  NetHandler.o [1]
my_ip_conflict          0x00007763    0xa  Code  Lc  NetHandler.o [1]
nRF24L01_2_Check        0x0000ac8b   0x48  Code  Gb  nrf24l01+.o [1]
nRF24L01_2_EnterRxMode  0x0000ad47   0x72  Code  Gb  nrf24l01+.o [1]
nRF24L01_2_IRQ          0x0000ae71   0x8a  Code  Gb  nrf24l01+.o [1]
nRF24L01_2_Init         0x0000ab97   0xac  Code  Gb  nrf24l01+.o [1]
nRF24L01_Check          0x0000ac43   0x48  Code  Gb  nrf24l01+.o [1]
nRF24L01_EnterRxMode    0x0000acd3   0x74  Code  Gb  nrf24l01+.o [1]
nRF24L01_IRQ            0x0000addd   0x86  Code  Gb  nrf24l01+.o [1]
nRF24L01_Init           0x0000aadf   0xb8  Code  Gb  nrf24l01+.o [1]
network                 0x20003648   0x10  Data  Gb  NetHandler.o [1]
network_init            0x000077c3   0xce  Code  Gb  NetHandler.o [1]
nrf_delay_ms            0x0000af47   0x18  Code  Gb  nrf_delay.o [1]
nrf_delay_us            0x0000af29   0x1e  Code  Lc  nrf_delay.o [1]
nrf_drv_common_irq_enable
                        0x0000aa99   0x20  Code  Gb  nrf_drv_common.o [1]
nrf_drv_spi_init        0x00009dad  0x10a  Code  Gb  nrf_drv_spi.o [1]
nrf_drv_spi_transfer    0x00009f3b   0xe4  Code  Gb  nrf_drv_spi.o [1]
nrf_drv_wdt_feed        0x00009c37   0x1a  Code  Gb  nrf_drv_wdt.o [1]
nrf_gpio_cfg            0x0000821d   0x24  Code  Lc  hal.o [1]
nrf_gpio_cfg            0x00009d43   0x24  Code  Lc  nrf_drv_spi.o [1]
nrf_gpio_cfg            0x0000af73   0x24  Code  Lc  SPI1.o [1]
nrf_gpio_cfg_input      0x00008259   0x1a  Code  Lc  hal.o [1]
nrf_gpio_cfg_input      0x00009d7f   0x1a  Code  Lc  nrf_drv_spi.o [1]
nrf_gpio_cfg_input      0x0000afaf   0x1a  Code  Lc  SPI1.o [1]
nrf_gpio_cfg_output     0x00008241   0x18  Code  Lc  hal.o [1]
nrf_gpio_cfg_output     0x00009d67   0x18  Code  Lc  nrf_drv_spi.o [1]
nrf_gpio_cfg_output     0x0000af97   0x18  Code  Lc  SPI1.o [1]
nrf_gpio_pin_clear      0x0000b7f3    0xa  Code  Lc  AT_Proc.o [1]
nrf_gpio_pin_clear      0x000082a5    0xa  Code  Lc  hal.o [1]
nrf_gpio_pin_clear      0x00007735    0xa  Code  Lc  NetHandler.o [1]
nrf_gpio_pin_clear      0x0000aad5    0xa  Code  Lc  nrf24l01+.o [1]
nrf_gpio_pin_clear      0x00009da3    0xa  Code  Lc  nrf_drv_spi.o [1]
nrf_gpio_pin_clear      0x0000afd3    0xa  Code  Lc  SPI1.o [1]
nrf_gpio_pin_dir_set    0x00008273   0x28  Code  Lc  hal.o [1]
nrf_gpio_pin_read       0x0000c36b    0xe  Code  Lc  nrf_it.o [1]
nrf_gpio_pin_read       0x0000afdd    0xe  Code  Lc  SPI1.o [1]
nrf_gpio_pin_set        0x0000b7e9    0xa  Code  Lc  AT_Proc.o [1]
nrf_gpio_pin_set        0x0000829b    0xa  Code  Lc  hal.o [1]
nrf_gpio_pin_set        0x0000772b    0xa  Code  Lc  NetHandler.o [1]
nrf_gpio_pin_set        0x0000aacb    0xa  Code  Lc  nrf24l01+.o [1]
nrf_gpio_pin_set        0x00009d99    0xa  Code  Lc  nrf_drv_spi.o [1]
nrf_gpio_pin_set        0x0000afc9    0xa  Code  Lc  SPI1.o [1]
nrf_gpio_pin_toggle     0x0000c349   0x22  Code  Lc  nrf_it.o [1]
nrf_spi_configure       0x00009d09   0x3a  Code  Lc  nrf_drv_spi.o [1]
nrf_spi_enable          0x00009cd1    0xa  Code  Lc  nrf_drv_spi.o [1]
nrf_spi_event_check     0x00009cad   0x14  Code  Lc  nrf_drv_spi.o [1]
nrf_spi_event_clear     0x00009ca5    0x8  Code  Lc  nrf_drv_spi.o [1]
nrf_spi_frequency_set   0x00009d03    0x6  Code  Lc  nrf_drv_spi.o [1]
nrf_spi_int_disable     0x00009cc9    0x8  Code  Lc  nrf_drv_spi.o [1]
nrf_spi_int_enable      0x00009cc1    0x8  Code  Lc  nrf_drv_spi.o [1]
nrf_spi_pins_set        0x00009cdb   0x16  Code  Lc  nrf_drv_spi.o [1]
nrf_spi_rxd_get         0x00009cf9    0xa  Code  Lc  nrf_drv_spi.o [1]
nrf_spi_txd_set         0x00009cf1    0x8  Code  Lc  nrf_drv_spi.o [1]
nrf_timer_delay_ms      0x000084c1   0x40  Code  Gb  hal.o [1]
nrf_wdt_event_clear     0x00009bed    0xa  Code  Lc  nrf_drv_wdt.o [1]
nrf_wdt_int_enable_check
                        0x00009bf7   0x16  Code  Lc  nrf_drv_wdt.o [1]
nrf_wdt_reload_request_set
                        0x00009c0d    0xe  Code  Lc  nrf_drv_wdt.o [1]
num                     0x20003731    0x1  Data  Gb  radio_config.o [1]
pDHCPMSG                0x200036cc    0x4  Data  Gb  dhcp.o [1]
pDNSMSG                 0x200036d0    0x4  Data  Gb  dns.o [1]
packet                  0x20003614   0x14  Data  Gb  radio_config.o [1]
parseDHCPMSG            0x00005ea1  0x280  Code  Gb  dhcp.o [1]
parseDNSMSG             0x00008f3f   0xf2  Code  Gb  dns.o [1]
parse_array             0x00002361   0xa6  Code  Lc  cJSON.o [1]
parse_hex4              0x00001c9d   0xdc  Code  Lc  cJSON.o [1]
parse_name              0x00008d81   0x92  Code  Gb  dns.o [1]
parse_number            0x000018f1  0x15a  Code  Lc  cJSON.o [1]
parse_object            0x00002685  0x10e  Code  Lc  cJSON.o [1]
parse_string            0x00001d79  0x1b0  Code  Lc  cJSON.o [1]
parse_value             0x000021a5   0xaa  Code  Lc  cJSON.o [1]
pow                     0x000035c1    0xe  Code  Gb  pow.o [4]
pow2gt                  0x00001a51   0x24  Code  Lc  cJSON.o [1]
prepend_alloc           0x00000151  0x36a  Code  Lc  dlmalloc.o [3]
print_array             0x00002415  0x264  Code  Lc  cJSON.o [1]
print_number            0x00001b1b  0x14c  Code  Lc  cJSON.o [1]
print_object            0x0000279d  0x490  Code  Lc  cJSON.o [1]
print_string            0x000020fd    0xa  Code  Lc  cJSON.o [1]
print_string_ptr        0x00001f39  0x1c4  Code  Lc  cJSON.o [1]
print_value             0x00002259  0x100  Code  Lc  cJSON.o [1]
process_message_control
                        0x00007cdd   0x12  Code  Gb  NetHandler.o [1]
protobuf_c_empty_string
                        0x0000db7c    0x1  Data  Gb  protobuf-c.o [1]
put16                   0x00008d71   0x10  Code  Gb  dns.o [1]
putchar                 0x00008329   0x1a  Code  Gb  hal.o [1]
radio_configure         0x0000c0fb   0xce  Code  Gb  radio_config.o [1]
readChar                0x0000a197   0x10  Code  Gb  MQTTPacket.o [1]
readInt                 0x0000a17f   0x18  Code  Gb  MQTTPacket.o [1]
readMQTTLenString       0x0000a24f   0x3a  Code  Gb  MQTTPacket.o [1]
readPacket              0x0000949b   0x84  Code  Lc  MQTTClient.o [1]
reader_Radio_Rx_Rdy     0x0000c1c9   0x50  Code  Gb  radio_config.o [1]
recv                    0x00007045  0x12c  Code  Gb  socket.o [1]
recvfrom                0x00007379  0x38c  Code  Gb  socket.o [1]
reg_dhcp_cbfunc         0x0000537d   0x34  Code  Gb  dhcp.o [1]
reg_wizchip_cris_cbfunc
                        0x00008693   0x26  Code  Gb  wizchip_conf.o [1]
reg_wizchip_cs_cbfunc   0x000086b9   0x26  Code  Gb  wizchip_conf.o [1]
reg_wizchip_spi_cbfunc  0x000086df   0x2e  Code  Gb  wizchip_conf.o [1]
reset_DHCP_timeout      0x000064cd   0x14  Code  Gb  dhcp.o [1]
retry_count             0x2000372a    0x1  Data  Lc  dns.o [1]
segment_holding         0x000000c1   0x1c  Code  Lc  dlmalloc.o [3]
send                    0x00006eb9  0x180  Code  Gb  socket.o [1]
sendPacket              0x000093af   0x50  Code  Lc  MQTTClient.o [1]
send_DHCP_DECLINE       0x00005c79  0x212  Code  Gb  dhcp.o [1]
send_DHCP_DISCOVER      0x00005581  0x2cc  Code  Gb  dhcp.o [1]
send_DHCP_REQUEST       0x00005865  0x406  Code  Gb  dhcp.o [1]
sendto                  0x00007175  0x1ea  Code  Gb  socket.o [1]
skip                    0x00002107   0x18  Code  Lc  cJSON.o [1]
sock_any_port           0x20000f22    0x2  Data  Lc  socket.o [1]
sock_io_mode            0x2000371c    0x2  Data  Lc  socket.o [1]
sock_is_sending         0x2000371e    0x2  Data  Lc  socket.o [1]
sock_pack_info          0x2000368c    0x8  Data  Gb  socket.o [1]
sock_remained_size      0x20003658   0x10  Data  Lc  socket.o [1]
socket                  0x00006a39  0x18c  Code  Gb  socket.o [1]
sprintf                 0x00003add   0x38  Code  Gb  sprintf.o [3]
stRf                    0x200035a8   0x20  Data  Gb  nrf24l01+.o [1]
stUart                  0x2000346c   0xb8  Data  Gb  Uart.o [1]
stbuff                  0x200000e8   0x10  Data  Gb  main.o [1]
strcat                  0x00009a9b   0x1c  Code  Gb  strcat.o [3]
strchr                  0x00003b6d    0x8  Code  Gb  NetHandler.o [1]
strcpy                  0x00003a69         Code  Gb  strcpy.o [5]
strlen                  0x00002d0f   0x10  Code  Gb  strlen.o [5]
strncmp                 0x00003b75   0x2c  Code  Gb  strncmp.o [3]
strncpy                 0x0000924d   0x24  Code  Gb  strncpy.o [5]
strstr                  0x0000bd11    0x8  Code  Gb  mystring.o [1]
suffix_object           0x00002c4b    0x6  Code  Lc  cJSON.o [1]
swap_bits               0x0000c0a3   0x2a  Code  Lc  radio_config.o [1]
sys_alloc               0x000004c5  0x3e2  Code  Lc  dlmalloc.o [3]
tempBuffer              0x20001f30  0x800  Data  Gb  NetHandler.o [1]
tmalloc_large           0x000008b5  0x3da  Code  Lc  dlmalloc.o [3]
tmalloc_small           0x00000c95  0x22e  Code  Lc  dlmalloc.o [3]
tolower                 0x00002cfd   0x12  Code  Gb  tolower.o [3]
transfer_byte           0x00009ec5   0x76  Code  Lc  nrf_drv_spi.o [1]
u8RF_2_Init_Num         0x2000372f    0x1  Data  Gb  nrf24l01+.o [1]
u8RF_Init_Num           0x2000372e    0x1  Data  Gb  nrf24l01+.o [1]
uip_timer               0x200036dc    0x4  Data  Gb  hal.o [1]
update                  0x00001af9   0x22  Code  Lc  cJSON.o [1]
userInfo                0x20000100   0x18  Data  Gb  NetHandler.o [1]
user_information__descriptor
                        0x0000cc34   0x3c  Data  Gb  UserInformation.pb-c.o [1]
user_information__field_descriptors
                        0x0000ca4c   0x58  Data  Lc  UserInformation.pb-c.o [1]
user_information__field_indices_by_name
                        0x0000db1c    0x8  Data  Lc  UserInformation.pb-c.o [1]
user_information__init  0x0000ce65    0xc  Code  Gb  UserInformation.pb-c.o [1]
user_information__number_ranges
                        0x0000d7a0   0x10  Data  Lc  UserInformation.pb-c.o [1]
vsnprintf               0x00009c69   0x3c  Code  Gb  vsnprint.o [3]
w5x00_disconnect        0x00009349    0xc  Code  Gb  mqtt_interface.o [1]
w5x00_read              0x000092d9   0x3e  Code  Gb  mqtt_interface.o [1]
w5x00_write             0x00009317   0x32  Code  Gb  mqtt_interface.o [1]
waitfor                 0x00009803   0x28  Code  Gb  MQTTClient.o [1]
wiz_recv_data           0x00006939   0x82  Code  Gb  w5500.o [1]
wiz_recv_ignore         0x000069bb   0x5e  Code  Gb  w5500.o [1]
wiz_send_data           0x000068b3   0x82  Code  Gb  w5500.o [1]
wizchip_bus_readdata    0x00008685    0x4  Code  Gb  wizchip_conf.o [1]
wizchip_bus_writedata   0x00008689    0x4  Code  Gb  wizchip_conf.o [1]
wizchip_clrinterrupt    0x000089cd   0x24  Code  Gb  wizchip_conf.o [1]
wizchip_cris_enter      0x0000867d    0x2  Code  Gb  wizchip_conf.o [1]
wizchip_cris_exit       0x0000867f    0x2  Code  Gb  wizchip_conf.o [1]
wizchip_cs_deselect     0x00008683    0x2  Code  Gb  wizchip_conf.o [1]
wizchip_cs_select       0x00008681    0x2  Code  Gb  wizchip_conf.o [1]
wizchip_getinterrupt    0x000089f1   0x2a  Code  Gb  wizchip_conf.o [1]
wizchip_getinterruptmask
                        0x00008a3d   0x28  Code  Gb  wizchip_conf.o [1]
wizchip_getnetinfo      0x00008c6d   0x5a  Code  Gb  wizchip_conf.o [1]
wizchip_getnetmode      0x00008cff    0xa  Code  Gb  wizchip_conf.o [1]
wizchip_gettimeout      0x00008d37   0x28  Code  Gb  wizchip_conf.o [1]
wizchip_init            0x00008933   0x98  Code  Gb  wizchip_conf.o [1]
wizchip_setinterruptmask
                        0x00008a1b   0x22  Code  Gb  wizchip_conf.o [1]
wizchip_setnetinfo      0x00008c0f   0x5a  Code  Gb  wizchip_conf.o [1]
wizchip_setnetmode      0x00008cd5   0x2a  Code  Gb  wizchip_conf.o [1]
wizchip_settimeout      0x00008d09   0x2e  Code  Gb  wizchip_conf.o [1]
wizchip_spi_readbyte    0x0000868d    0x4  Code  Gb  wizchip_conf.o [1]
wizchip_spi_writebyte   0x00008691    0x2  Code  Gb  wizchip_conf.o [1]
wizchip_sw_reset        0x000088bd   0x76  Code  Gb  wizchip_conf.o [1]
wizphy_getphyconf       0x00008b31   0x74  Code  Gb  wizchip_conf.o [1]
wizphy_getphylink       0x00008a65   0x18  Code  Gb  wizchip_conf.o [1]
wizphy_getphypmode      0x00008a7d   0x1e  Code  Gb  wizchip_conf.o [1]
wizphy_reset            0x00008a9b   0x36  Code  Gb  wizchip_conf.o [1]
wizphy_setphyconf       0x00008ad1   0x60  Code  Gb  wizchip_conf.o [1]
wizphy_setphypmode      0x00008ba5   0x6a  Code  Gb  wizchip_conf.o [1]
writeCString            0x0000a1e3   0x2a  Code  Gb  MQTTPacket.o [1]
writeChar               0x0000a1a7    0xc  Code  Gb  MQTTPacket.o [1]
writeInt                0x0000a1b3   0x30  Code  Gb  MQTTPacket.o [1]
writeMQTTString         0x0000a20d   0x42  Code  Gb  MQTTPacket.o [1]


[1] = C:\Users\qilai\Desktop\Project\Project5-NewNet\Nrf51800_W5500网关\Nrf51800_W5500网关\Project\Debug\Obj
[2] = command line
[3] = dl6M_tlf.a
[4] = m6M_tl.a
[5] = rt6M_tl.a
[6] = shb_l.a

  50 554 bytes of readonly  code memory
   6 005 bytes of readonly  data memory
  14 131 bytes of readwrite data memory

Errors: none
Warnings: none
