###############################################################################
#
# IAR ELF Linker V7.50.3.10732/W32 for ARM                18/Jun/2020  14:06:12
# Copyright 2007-2016 IAR Systems AB.
#
#    Output file  =  
#        C:\Users\qilai\Desktop\Project\Project5-NewNet\Main_NRF51822_W5500_NRF24L01_Air202\Nrf51800_W5500网关\Project\Debug\Exe\Project.out
#    Map file     =  
#        C:\Users\qilai\Desktop\Project\Project5-NewNet\Main_NRF51822_W5500_NRF24L01_Air202\Nrf51800_W5500网关\Project\Debug\List\Project.map
#    Command line =  
#        C:\Users\qilai\Desktop\Project\Project5-NewNet\Main_NRF51822_W5500_NRF24L01_Air202\Nrf51800_W5500网关\Project\Debug\Obj\app.o
#        C:\Users\qilai\Desktop\Project\Project5-NewNet\Main_NRF51822_W5500_NRF24L01_Air202\Nrf51800_W5500网关\Project\Debug\Obj\app_error.o
#        C:\Users\qilai\Desktop\Project\Project5-NewNet\Main_NRF51822_W5500_NRF24L01_Air202\Nrf51800_W5500网关\Project\Debug\Obj\AT_Proc.o
#        C:\Users\qilai\Desktop\Project\Project5-NewNet\Main_NRF51822_W5500_NRF24L01_Air202\Nrf51800_W5500网关\Project\Debug\Obj\ble_flash.o
#        C:\Users\qilai\Desktop\Project\Project5-NewNet\Main_NRF51822_W5500_NRF24L01_Air202\Nrf51800_W5500网关\Project\Debug\Obj\cJSON.o
#        C:\Users\qilai\Desktop\Project\Project5-NewNet\Main_NRF51822_W5500_NRF24L01_Air202\Nrf51800_W5500网关\Project\Debug\Obj\dhcp.o
#        C:\Users\qilai\Desktop\Project\Project5-NewNet\Main_NRF51822_W5500_NRF24L01_Air202\Nrf51800_W5500网关\Project\Debug\Obj\dns.o
#        C:\Users\qilai\Desktop\Project\Project5-NewNet\Main_NRF51822_W5500_NRF24L01_Air202\Nrf51800_W5500网关\Project\Debug\Obj\hal.o
#        C:\Users\qilai\Desktop\Project\Project5-NewNet\Main_NRF51822_W5500_NRF24L01_Air202\Nrf51800_W5500网关\Project\Debug\Obj\iar_startup_nrf51.o
#        C:\Users\qilai\Desktop\Project\Project5-NewNet\Main_NRF51822_W5500_NRF24L01_Air202\Nrf51800_W5500网关\Project\Debug\Obj\main.o
#        C:\Users\qilai\Desktop\Project\Project5-NewNet\Main_NRF51822_W5500_NRF24L01_Air202\Nrf51800_W5500网关\Project\Debug\Obj\mqtt_interface.o
#        C:\Users\qilai\Desktop\Project\Project5-NewNet\Main_NRF51822_W5500_NRF24L01_Air202\Nrf51800_W5500网关\Project\Debug\Obj\MQTTClient.o
#        C:\Users\qilai\Desktop\Project\Project5-NewNet\Main_NRF51822_W5500_NRF24L01_Air202\Nrf51800_W5500网关\Project\Debug\Obj\MQTTConnectClient.o
#        C:\Users\qilai\Desktop\Project\Project5-NewNet\Main_NRF51822_W5500_NRF24L01_Air202\Nrf51800_W5500网关\Project\Debug\Obj\MQTTConnectServer.o
#        C:\Users\qilai\Desktop\Project\Project5-NewNet\Main_NRF51822_W5500_NRF24L01_Air202\Nrf51800_W5500网关\Project\Debug\Obj\MQTTDeserializePublish.o
#        C:\Users\qilai\Desktop\Project\Project5-NewNet\Main_NRF51822_W5500_NRF24L01_Air202\Nrf51800_W5500网关\Project\Debug\Obj\MQTTFormat.o
#        C:\Users\qilai\Desktop\Project\Project5-NewNet\Main_NRF51822_W5500_NRF24L01_Air202\Nrf51800_W5500网关\Project\Debug\Obj\MQTTPacket.o
#        C:\Users\qilai\Desktop\Project\Project5-NewNet\Main_NRF51822_W5500_NRF24L01_Air202\Nrf51800_W5500网关\Project\Debug\Obj\MQTTSerializePublish.o
#        C:\Users\qilai\Desktop\Project\Project5-NewNet\Main_NRF51822_W5500_NRF24L01_Air202\Nrf51800_W5500网关\Project\Debug\Obj\MQTTSubscribeClient.o
#        C:\Users\qilai\Desktop\Project\Project5-NewNet\Main_NRF51822_W5500_NRF24L01_Air202\Nrf51800_W5500网关\Project\Debug\Obj\MQTTSubscribeServer.o
#        C:\Users\qilai\Desktop\Project\Project5-NewNet\Main_NRF51822_W5500_NRF24L01_Air202\Nrf51800_W5500网关\Project\Debug\Obj\MQTTUnsubscribeClient.o
#        C:\Users\qilai\Desktop\Project\Project5-NewNet\Main_NRF51822_W5500_NRF24L01_Air202\Nrf51800_W5500网关\Project\Debug\Obj\MQTTUnsubscribeServer.o
#        C:\Users\qilai\Desktop\Project\Project5-NewNet\Main_NRF51822_W5500_NRF24L01_Air202\Nrf51800_W5500网关\Project\Debug\Obj\mystring.o
#        C:\Users\qilai\Desktop\Project\Project5-NewNet\Main_NRF51822_W5500_NRF24L01_Air202\Nrf51800_W5500网关\Project\Debug\Obj\NetHandler.o
#        C:\Users\qilai\Desktop\Project\Project5-NewNet\Main_NRF51822_W5500_NRF24L01_Air202\Nrf51800_W5500网关\Project\Debug\Obj\nrf24l01+.o
#        C:\Users\qilai\Desktop\Project\Project5-NewNet\Main_NRF51822_W5500_NRF24L01_Air202\Nrf51800_W5500网关\Project\Debug\Obj\nrf_assert.o
#        C:\Users\qilai\Desktop\Project\Project5-NewNet\Main_NRF51822_W5500_NRF24L01_Air202\Nrf51800_W5500网关\Project\Debug\Obj\nrf_delay.o
#        C:\Users\qilai\Desktop\Project\Project5-NewNet\Main_NRF51822_W5500_NRF24L01_Air202\Nrf51800_W5500网关\Project\Debug\Obj\nrf_drv_clock.o
#        C:\Users\qilai\Desktop\Project\Project5-NewNet\Main_NRF51822_W5500_NRF24L01_Air202\Nrf51800_W5500网关\Project\Debug\Obj\nrf_drv_common.o
#        C:\Users\qilai\Desktop\Project\Project5-NewNet\Main_NRF51822_W5500_NRF24L01_Air202\Nrf51800_W5500网关\Project\Debug\Obj\nrf_drv_spi.o
#        C:\Users\qilai\Desktop\Project\Project5-NewNet\Main_NRF51822_W5500_NRF24L01_Air202\Nrf51800_W5500网关\Project\Debug\Obj\nrf_drv_wdt.o
#        C:\Users\qilai\Desktop\Project\Project5-NewNet\Main_NRF51822_W5500_NRF24L01_Air202\Nrf51800_W5500网关\Project\Debug\Obj\nrf_it.o
#        C:\Users\qilai\Desktop\Project\Project5-NewNet\Main_NRF51822_W5500_NRF24L01_Air202\Nrf51800_W5500网关\Project\Debug\Obj\nrf_nvmc.o
#        C:\Users\qilai\Desktop\Project\Project5-NewNet\Main_NRF51822_W5500_NRF24L01_Air202\Nrf51800_W5500网关\Project\Debug\Obj\nrf_soc.o
#        C:\Users\qilai\Desktop\Project\Project5-NewNet\Main_NRF51822_W5500_NRF24L01_Air202\Nrf51800_W5500网关\Project\Debug\Obj\protobuf-c.o
#        C:\Users\qilai\Desktop\Project\Project5-NewNet\Main_NRF51822_W5500_NRF24L01_Air202\Nrf51800_W5500网关\Project\Debug\Obj\radio_config.o
#        C:\Users\qilai\Desktop\Project\Project5-NewNet\Main_NRF51822_W5500_NRF24L01_Air202\Nrf51800_W5500网关\Project\Debug\Obj\socket.o
#        C:\Users\qilai\Desktop\Project\Project5-NewNet\Main_NRF51822_W5500_NRF24L01_Air202\Nrf51800_W5500网关\Project\Debug\Obj\SPI1.o
#        C:\Users\qilai\Desktop\Project\Project5-NewNet\Main_NRF51822_W5500_NRF24L01_Air202\Nrf51800_W5500网关\Project\Debug\Obj\system_nrf51.o
#        C:\Users\qilai\Desktop\Project\Project5-NewNet\Main_NRF51822_W5500_NRF24L01_Air202\Nrf51800_W5500网关\Project\Debug\Obj\Uart.o
#        C:\Users\qilai\Desktop\Project\Project5-NewNet\Main_NRF51822_W5500_NRF24L01_Air202\Nrf51800_W5500网关\Project\Debug\Obj\UserInformation.pb-c.o
#        C:\Users\qilai\Desktop\Project\Project5-NewNet\Main_NRF51822_W5500_NRF24L01_Air202\Nrf51800_W5500网关\Project\Debug\Obj\w5500.o
#        C:\Users\qilai\Desktop\Project\Project5-NewNet\Main_NRF51822_W5500_NRF24L01_Air202\Nrf51800_W5500网关\Project\Debug\Obj\wizchip_conf.o
#        C:\Users\qilai\Desktop\Project\Project5-NewNet\Main_NRF51822_W5500_NRF24L01_Air202\Nrf51800_W5500网关\Project\Debug\Obj\xqueue.o
#        -o
#        C:\Users\qilai\Desktop\Project\Project5-NewNet\Main_NRF51822_W5500_NRF24L01_Air202\Nrf51800_W5500网关\Project\Debug\Exe\Project.out
#        --map
#        C:\Users\qilai\Desktop\Project\Project5-NewNet\Main_NRF51822_W5500_NRF24L01_Air202\Nrf51800_W5500网关\Project\Debug\List\Project.map
#        --config "C:\Program Files (x86)\IAR Systems\Embedded Workbench
#        7.3\arm\config\linker\NordicSemi\nRF51822_QFAB.icf" --semihosting
#        --entry __iar_program_start --vfe
#
###############################################################################

*******************************************************************************
*** RUNTIME MODEL ATTRIBUTES
***

CppFlavor                     = *
__Heap_Handler                = DLMalloc
__SystemLibrary               = DLib
__dlib_dynamic_initialization = normal


*******************************************************************************
*** PLACEMENT SUMMARY
***

"A1":  place at 0x00000000 { ro section .intvec };
"P1":  place in [from 0x00000000 to 0x0001ffff] { ro };
"P2":  place in [from 0x20000000 to 0x20003fff] { rw, block CSTACK, block HEAP };

  Section             Kind        Address    Size  Object
  -------             ----        -------    ----  ------
"A1":                                        0xc0
  .intvec             ro code  0x00000000    0xc0  iar_startup_nrf51.o [1]
                             - 0x000000c0    0xc0

"P1":                                      0xdc73
  .text               ro code  0x000000c0  0x19dc  NetHandler.o [1]
  .text               ro code  0x00001a9c    0x90  nrf_nvmc.o [1]
  .text               ro code  0x00001b2c    0x5c  ABImemcpy.o [5]
  .text               ro code  0x00001b88   0x354  hal.o [1]
  .text               ro code  0x00001edc   0x2c0  w5500.o [1]
  .text               ro code  0x0000219c   0x87c  socket.o [1]
  .text               ro code  0x00002a18    0x34  I32ToDbl.o [4]
  .text               ro code  0x00002a4c    0x7c  system_nrf51.o [1]
  .text               ro code  0x00002ac8   0x890  pow.o [4]
  .text               ro code  0x00003358   0x184  DblMul.o [4]
  .text               ro code  0x000034dc   0x1b4  DblAddSub.o [4]
  .text               ro code  0x00003690    0x52  DblToI32.o [4]
  .text               ro code  0x000036e2    0x10  strlen.o [5]
  .text               ro code  0x000036f2     0xa  xsprout.o [3]
  .text               ro code  0x000036fc    0x64  ABImemset.o [5]
  .text               ro code  0x00003760   0xc30  dhcp.o [1]
  .text               ro code  0x00004390   0x5a8  wizchip_conf.o [1]
  .text               ro code  0x00004938   0x3a4  dns.o [1]
  .text               ro code  0x00004cdc  0x12f4  cJSON.o [1]
  .text               ro code  0x00005fd0    0x24  strncpy.o [5]
  .text               ro code  0x00005ff4    0x14  strchr.o [5]
  .text               ro code  0x00006008   0x100  mqtt_interface.o [1]
  .text               ro code  0x00006108   0x63a  MQTTClient.o [1]
  .text               ro code  0x00006742     0x2  iar_startup_nrf51.o [1]
  .text               ro code  0x00006744    0x38  sprintf.o [3]
  .text               ro code  0x0000677c    0x1c  strcat.o [3]
  .text               ro code  0x00006798   0x898  nrf24l01+.o [1]
  .text               ro code  0x00007030  0x168c  dlmalloc.o [3]
  .text               ro code  0x000086bc    0xe0  I32DivModFast.o [5]
  .text               ro code  0x0000879c    0x40  nrf_delay.o [1]
  .text               ro code  0x000087dc   0x2bc  nrf_drv_spi.o [1]
  .text               ro code  0x00008a98    0x18  app_error.o [1]
  .text               ro code  0x00008ab0    0x58  nrf_drv_wdt.o [1]
  .text               ro code  0x00008b08    0x3c  vsnprint.o [3]
  .text               ro code  0x00008b44    0x44  xdnorm.o [4]
  .text               ro code  0x00008b88    0x8c  xdint.o [4]
  .text               ro code  0x00008c14    0x24  DblCmpEq.o [4]
  .text               ro code  0x00008c38    0x10  errno.o [3]
  .text               ro code  0x00008c48    0x32  DblCmpGe.o [4]
  .text               ro code  0x00008c7a    0x32  DblCmpLe.o [4]
  .text               ro code  0x00008cac    0xc2  DblDiv.o [4]
  .text               ro code  0x00008d6e     0x2  iar_startup_nrf51.o [1]
  .text               ro code  0x00008d70    0xa4  xlog.o [4]
  .text               ro code  0x00008e14   0x2b8  xexp.o [4]
  .text               ro code  0x000090cc    0x10  strcpy.o [5]
  .text               ro code  0x000090dc    0x58  floor.o [4]
  .text               ro code  0x00009134    0x2c  strncmp.o [3]
  .text               ro code  0x00009160    0x12  tolower.o [3]
  .text               ro code  0x00009172     0x2  iar_startup_nrf51.o [1]
  .text               ro code  0x00009174   0x20e  MQTTPacket.o [1]
  .text               ro code  0x00009382     0x2  iar_startup_nrf51.o [1]
  .text               ro code  0x00009384   0x2ac  MQTTConnectClient.o [1]
  .text               ro code  0x00009630    0xf8  MQTTDeserializePublish.o [1]
  .text               ro code  0x00009728   0x13c  MQTTSerializePublish.o [1]
  .text               ro code  0x00009864   0x138  MQTTSubscribeClient.o [1]
  .text               ro code  0x0000999c   0xef2  xprintffull_nomb.o [3]
  .text               ro code  0x0000a88e     0x2  iar_startup_nrf51.o [1]
  .text               ro code  0x0000a890   0x2ea  SPI1.o [1]
  .text               ro code  0x0000ab7a     0xa  abort.o [3]
  .text               ro code  0x0000ab84    0x2c  xgetmemchunk.o [3]
  .text               ro code  0x0000abb0     0x2  IntDivZer.o [5]
  .text               ro code  0x0000abb2     0x2  iar_startup_nrf51.o [1]
  .text               ro code  0x0000abb4    0x58  nrf_drv_common.o [1]
  .text               ro code  0x0000ac0c     0x2  xtls.o [3]
  .text               ro code  0x0000ac0e     0x2  iar_startup_nrf51.o [1]
  .text               ro code  0x0000ac10    0x3c  xdtest.o [4]
  .text               ro code  0x0000ac4c   0x11c  xdscale.o [4]
  .text               ro code  0x0000ad68    0x14  setlocale.o [3]
  .text               ro code  0x0000ad7c     0xc  xlocale_c.o [3]
  .text               ro code  0x0000ad88    0x18  memchr.o [5]
  .text               ro code  0x0000ada0    0x6a  I64DivMod.o [5]
  .text               ro code  0x0000ae0a     0x2  iar_startup_nrf51.o [1]
  .text               ro code  0x0000ae0c    0x68  localeconv.o [3]
  .text               ro code  0x0000ae74    0x20  div.o [3]
  .text               ro code  0x0000ae94    0x14  exit.o [6]
  .text               ro code  0x0000aea8     0x2  I64DivZer.o [5]
  .text               ro code  0x0000aeaa     0x2  iar_startup_nrf51.o [1]
  .text               ro code  0x0000aeac   0xa4e  AT_Proc.o [1]
  .text               ro code  0x0000b8fa    0x38  strstr.o [3]
  .text               ro code  0x0000b932     0x2  iar_startup_nrf51.o [1]
  .text               ro code  0x0000b934    0x58  Uart.o [1]
  .text               ro code  0x0000b98c    0xc0  mystring.o [1]
  .text               ro code  0x0000ba4c   0x7a0  app.o [1]
  .text               ro code  0x0000c1ec    0xd8  xqueue.o [1]
  .rodata             const    0x0000c2c4   0x79c  UserInformation.pb-c.o [1]
  .rodata             const    0x0000ca60   0x6b4  NetHandler.o [1]
  .text               ro code  0x0000d114   0x24c  radio_config.o [1]
  .text               ro code  0x0000d360   0x1dc  main.o [1]
  .text               ro code  0x0000d53c    0x28  memcmp.o [5]
  .rodata             const    0x0000d564   0x174  AT_Proc.o [1]
  .text               ro code  0x0000d6d8   0x174  nrf_it.o [1]
  .text               ro code  0x0000d84c   0x14c  UserInformation.pb-c.o [1]
  .text               ro code  0x0000d998    0x7c  lz77_init_single.o [5]
  .text               ro code  0x0000da14    0x3c  zero_init3.o [5]
  .text               ro code  0x0000da50    0x2c  iar_startup_nrf51.o [1]
  .rodata             const    0x0000da7c    0x28  app.o [1]
  .text               ro code  0x0000daa4    0x28  data_init.o [5]
  .iar.init_table     const    0x0000dacc    0x20  - Linker created -
  .text               ro code  0x0000daec    0x1c  xsnprout.o [3]
  .text               ro code  0x0000db08    0x1a  cmain.o [5]
  .text               ro code  0x0000db22     0x4  low_level_init.o [3]
  .text               ro code  0x0000db26     0x8  exit.o [3]
  .text               ro code  0x0000db2e     0x2  iar_startup_nrf51.o [1]
  .text               ro code  0x0000db30     0xa  cexit.o [5]
  .text               ro code  0x0000db3a     0x2  iar_startup_nrf51.o [1]
  .rodata             const    0x0000db3c    0x18  xprintffull_nomb.o [3]
  .text               ro code  0x0000db54     0xc  cstartup_M.o [5]
  .text               ro code  0x0000db60     0x2  iar_startup_nrf51.o [1]
  .text               ro code  0x0000db62     0x2  iar_startup_nrf51.o [1]
  .text               ro code  0x0000db64     0x2  iar_startup_nrf51.o [1]
  .text               ro code  0x0000db66     0x2  iar_startup_nrf51.o [1]
  .text               ro code  0x0000db68     0x2  iar_startup_nrf51.o [1]
  .text               ro code  0x0000db6a     0x2  iar_startup_nrf51.o [1]
  .text               ro code  0x0000db6c     0x2  iar_startup_nrf51.o [1]
  .text               ro code  0x0000db6e     0x2  iar_startup_nrf51.o [1]
  .text               ro code  0x0000db70     0x2  iar_startup_nrf51.o [1]
  .text               ro code  0x0000db72     0x2  iar_startup_nrf51.o [1]
  .rodata             const    0x0000db74     0x1  protobuf-c.o [1]
  .rodata             const    0x0000db75     0x0  zero_init3.o [5]
  .rodata             const    0x0000db75     0x0  lz77_init_single.o [5]
  Initializer bytes   const    0x0000db75   0x1be  <for P2-1>
                             - 0x0000dd33  0xdc73

"P2", part 1 of 3:                         0x1474
  P2-1                         0x20000000  0x1474  <Init block>
    .data             inited   0x20000000    0x30  app.o [1]
    .data             inited   0x20000030   0x244  AT_Proc.o [1]
    .data             inited   0x20000274    0xe4  AT_Proc.o [1]
    .data             inited   0x20000358     0xc  cJSON.o [1]
    .data             inited   0x20000364    0x48  dhcp.o [1]
    .data             inited   0x200003ac    0x30  main.o [1]
    .data             inited   0x200003dc     0x8  main.o [1]
    .data             inited   0x200003e4   0xe4c  NetHandler.o [1]
    .data             inited   0x20001230    0x11  NetHandler.o [1]
    .data             inited   0x20001244    0x48  NetHandler.o [1]
    .data             inited   0x2000128c     0xc  NetHandler.o [1]
    .data             inited   0x20001298    0x88  NetHandler.o [1]
    .data             inited   0x20001320    0x20  socket.o [1]
    .data             inited   0x20001340     0x4  system_nrf51.o [1]
    .data             inited   0x20001344    0x2c  wizchip_conf.o [1]
    __DLIB_PERTHREAD  inited   0x20001370     0x4  errno.o [3]
    __DLIB_PERTHREAD  inited   0x20001374    0x74  setlocale.o [3]
    __DLIB_PERTHREAD  inited   0x200013e8    0x88  localeconv.o [3]
    .data             inited   0x20001470     0x4  nrf24l01+.o [1]
                             - 0x20001474  0x1474

"P2", part 2 of 3:                         0x1000
  CSTACK                       0x20001478   0x800  <Block>
    CSTACK            uninit   0x20001478   0x800  <Block tail>
  HEAP                         0x20001c78   0x800  <Block>
    HEAP              uninit   0x20001c78   0x800  <Block tail>
                             - 0x20002478  0x1000

"P2", part 3 of 3:                         0x18f0
  .bss                zero     0x20002478   0x960  nrf24l01+.o [1]
  .bss                zero     0x20002dd8   0x874  NetHandler.o [1]
  .bss                zero     0x2000364c   0x204  NetHandler.o [1]
  .bss                zero     0x20003850   0x1d8  dlmalloc.o [3]
  .bss                zero     0x20003a28   0x194  NetHandler.o [1]
  .bss                zero     0x20003bbc    0xb8  Uart.o [1]
  .bss                zero     0x20003c74    0x20  nrf24l01+.o [1]
  .bss                zero     0x20003c94    0x1c  NetHandler.o [1]
  .bss                zero     0x20003cb0    0x1c  xqueue.o [1]
  .bss                zero     0x20003ccc    0x18  nrf_drv_spi.o [1]
  .bss                zero     0x20003ce4    0x18  dlmalloc.o [3]
  .bss                zero     0x20003cfc    0x15  radio_config.o [1]
  .bss                zero     0x20003d12     0x2  hal.o [1]
  .bss                zero     0x20003d14     0xc  dns.o [1]
  .bss                zero     0x20003d20     0x8  dhcp.o [1]
  .bss                zero     0x20003d28     0x8  NetHandler.o [1]
  .bss                zero     0x20003d30     0x8  nrf24l01+.o [1]
  .bss                zero     0x20003d38     0x8  nrf_drv_wdt.o [1]
  .bss                zero     0x20003d40     0x5  wizchip_conf.o [1]
  .bss                zero     0x20003d46     0x2  hal.o [1]
  .bss                zero     0x20003d48     0x4  hal.o [1]
  .bss                zero     0x20003d4c     0x4  hal.o [1]
  .bss                zero     0x20003d50     0x4  mqtt_interface.o [1]
  .bss                zero     0x20003d54     0x4  MQTTPacket.o [1]
  .bss                zero     0x20003d58     0x4  nrf_drv_wdt.o [1]
  .bss                zero     0x20003d5c     0x4  xgetmemchunk.o [3]
  .bss                zero     0x20003d60     0x2  nrf_it.o [1]
  .bss                zero     0x20003d62     0x1  nrf24l01+.o [1]
  .bss                zero     0x20003d63     0x1  radio_config.o [1]
  .bss                zero     0x20003d64     0x1  SPI1.o [1]
  .bss                zero     0x20003d65     0x1  SPI1.o [1]
  .bss                zero     0x20003d66     0x1  SPI1.o [1]
                             - 0x20003d67  0x18ef


*******************************************************************************
*** INIT TABLE
***

          Address     Size
          -------     ----
Zero (__iar_zero_init3)
    1 destination range, total size 0x18ef:
          0x20002478  0x18ef

Copy/lz77 (__iar_lz77_init_single3)
    1 source range, total size 0x1be (8% of destination):
          0x0000db75   0x1be
    1 destination range, total size 0x1474:
          0x20000000  0x1474



*******************************************************************************
*** MODULE SUMMARY
***

    Module                    ro code  ro data  rw data
    ------                    -------  -------  -------
C:\Users\qilai\Desktop\Project\Project5-NewNet\Main_NRF51822_W5500_NRF24L01_Air202\Nrf51800_W5500网关\Project\Debug\Obj: [1]
    AT_Proc.o                   2 638      440      808
    MQTTClient.o                1 594
    MQTTConnectClient.o           684
    MQTTDeserializePublish.o      248
    MQTTPacket.o                  526                 4
    MQTTSerializePublish.o        316
    MQTTSubscribeClient.o         312
    NetHandler.o                6 620    2 049    7 017
    SPI1.o                        746                 3
    Uart.o                         88               184
    UserInformation.pb-c.o        332    1 948
    app.o                       1 952       44       48
    app_error.o                    24
    cJSON.o                     4 852        1       12
    dhcp.o                      3 120        7       80
    dns.o                         932                12
    hal.o                         852                12
    iar_startup_nrf51.o           280
    main.o                        476        4       56
    mqtt_interface.o              256                 4
    mystring.o                    192
    nrf24l01+.o                 2 200        1    2 445
    nrf_delay.o                    64
    nrf_drv_common.o               88
    nrf_drv_spi.o                 700                24
    nrf_drv_wdt.o                  88                12
    nrf_it.o                      372                 2
    nrf_nvmc.o                    144
    protobuf-c.o                             1
    radio_config.o                588                22
    socket.o                    2 172        2       32
    system_nrf51.o                124        1        4
    w5500.o                       704
    wizchip_conf.o              1 448        3       49
    xqueue.o                      216                28
    ---------------------------------------------------
    Total:                     35 948    4 501   10 858

command line: [2]
    ---------------------------------------------------
    Total:

dl6M_tlf.a: [3]
    abort.o                        10
    div.o                          32
    dlmalloc.o                  5 772               496
    errno.o                        16        1        4
    exit.o                          8
    localeconv.o                  104       11      136
    low_level_init.o                4
    setlocale.o                    20       10      116
    sprintf.o                      56
    strcat.o                       28
    strncmp.o                      44
    strstr.o                       56
    tolower.o                      18
    vsnprint.o                     60
    xgetmemchunk.o                 44                 4
    xlocale_c.o                    12
    xprintffull_nomb.o          3 826       24
    xsnprout.o                     28
    xsprout.o                      10
    xtls.o                          2
    ---------------------------------------------------
    Total:                     10 150       46      756

m6M_tl.a: [4]
    DblAddSub.o                   436
    DblCmpEq.o                     36
    DblCmpGe.o                     50
    DblCmpLe.o                     50
    DblDiv.o                      194
    DblMul.o                      388
    DblToI32.o                     82
    I32ToDbl.o                     52
    floor.o                        88
    pow.o                       2 192
    xdint.o                       140
    xdnorm.o                       68
    xdscale.o                     284
    xdtest.o                       60
    xexp.o                        696
    xlog.o                        164
    ---------------------------------------------------
    Total:                      4 980

rt6M_tl.a: [5]
    ABImemcpy.o                    92
    ABImemset.o                   100
    I32DivModFast.o               224
    I64DivMod.o                   106
    I64DivZer.o                     2
    IntDivZer.o                     2
    cexit.o                        10
    cmain.o                        26
    cstartup_M.o                   12
    data_init.o                    40
    lz77_init_single.o            124
    memchr.o                       24
    memcmp.o                       40
    strchr.o                       20
    strcpy.o                       16
    strlen.o                       16
    strncpy.o                      36
    zero_init3.o                   60
    ---------------------------------------------------
    Total:                        950

shb_l.a: [6]
    exit.o                         20
    ---------------------------------------------------
    Total:                         20

    Gaps                                              5
    Linker created                          32    4 096
-------------------------------------------------------
    Grand Total:               52 048    4 579   15 715


*******************************************************************************
*** ENTRY LIST
***

Entry                      Address   Size  Type      Object
-----                      -------   ----  ----      ------
.iar.init_table$$Base   0x0000dacc          --   Gb  - Linker created -
.iar.init_table$$Limit  0x0000daec          --   Gb  - Linker created -
?main                   0x0000db09         Code  Gb  cmain.o [5]
ADC_val                 0x20000038    0x2  Data  Gb  AT_Proc.o [1]
ADDR_Save_Data          0x20001470    0x1  Data  Gb  nrf24l01+.o [1]
ATCmds                  0x20000274   0xe4  Data  Gb  AT_Proc.o [1]
ATCurrentCmdNum         0x20000034    0x1  Data  Gb  AT_Proc.o [1]
ATNextCmdNum            0x20000033    0x1  Data  Gb  AT_Proc.o [1]
ATRec                   0x0000b3b5   0x3c  Code  Gb  AT_Proc.o [1]
ATRecCmdNum             0x20000031    0x1  Data  Lc  AT_Proc.o [1]
ATSend                  0x0000b0e5   0xb2  Code  Gb  AT_Proc.o [1]
COM_Str2Int             0x0000058f   0x92  Code  Gb  NetHandler.o [1]
CSQ_buffer              0x20000238    0x4  Data  Gb  AT_Proc.o [1]
CSTACK$$Base            0x20001478          --   Gb  - Linker created -
CSTACK$$Limit           0x20001c78          --   Gb  - Linker created -
Clear_ALL_nrf24l01_TempData
                        0x00006ba5   0x38  Code  Gb  nrf24l01+.o [1]
Clear_Buffer_TimeOutTask
                        0x00006bdd   0x64  Code  Gb  nrf24l01+.o [1]
Clear_Flag              0x20003d62    0x1  Data  Gb  nrf24l01+.o [1]
CompareTime             0x0000b8dd   0x1e  Code  Gb  AT_Proc.o [1]
ConnectNetwork          0x000060cf   0x24  Code  Gb  mqtt_interface.o [1]
Connect_flag            0x20001263    0x1  Data  Gb  NetHandler.o [1]
Creat_TCP_Client        0x00000a2d  0x178  Code  Gb  NetHandler.o [1]
Creat_json_MQTT_SendData
                        0x00001625  0x1b6  Code  Gb  NetHandler.o [1]
CurrentRty              0x20000030    0x1  Data  Lc  AT_Proc.o [1]
DHCP_CHADDR             0x20000364    0x8  Data  Gb  dhcp.o [1]
DHCP_REAL_SIP           0x20000370    0x4  Data  Gb  dhcp.o [1]
DHCP_SIP                0x2000036c    0x4  Data  Gb  dhcp.o [1]
DHCP_SOCKET             0x20000380    0x1  Data  Gb  dhcp.o [1]
DHCP_XID                0x20000398    0x4  Data  Gb  dhcp.o [1]
DHCP_allocated_dns      0x20003d24    0x4  Data  Gb  dhcp.o [1]
DHCP_allocated_gw       0x2000037c    0x4  Data  Gb  dhcp.o [1]
DHCP_allocated_ip       0x20000378    0x4  Data  Gb  dhcp.o [1]
DHCP_allocated_sn       0x20003d20    0x4  Data  Gb  dhcp.o [1]
DHCP_init               0x0000428d   0x78  Code  Gb  dhcp.o [1]
DHCP_proc               0x00000dc5   0x70  Code  Gb  NetHandler.o [1]
DHCP_run                0x0000408d  0x178  Code  Gb  dhcp.o [1]
DHCP_stop               0x00004205   0x10  Code  Gb  dhcp.o [1]
DHCP_time_handler       0x00004305    0xa  Code  Gb  dhcp.o [1]
DNS_Analyse             0x00000e59   0x58  Code  Gb  NetHandler.o [1]
DNS_MSGID               0x20003d16    0x2  Data  Gb  dns.o [1]
DNS_SOCKET              0x20003d14    0x1  Data  Gb  dns.o [1]
DNS_init                0x00004c27    0xc  Code  Gb  dns.o [1]
DNS_run                 0x00004c33   0x96  Code  Gb  dns.o [1]
DNS_time_handler        0x00004cc9    0xa  Code  Gb  dns.o [1]
DataRiver               0x20003a28  0x194  Data  Gb  NetHandler.o [1]
DataToSendBuffer        0x20002478  0x960  Data  Gb  nrf24l01+.o [1]
Data_Poll_Buffer        0x00000641  0x324  Code  Gb  NetHandler.o [1]
Data_Temp_IP            0x20000258   0x14  Data  Gb  AT_Proc.o [1]
Data_Temp_Port          0x2000026c    0x8  Data  Gb  AT_Proc.o [1]
Find_string             0x0000b9e9   0x4a  Code  Gb  mystring.o [1]
First_Power_ON_Flag     0x20000001    0x1  Data  Gb  app.o [1]
GPIOTE_IRQHandler       0x0000d6d9   0x52  Code  Gb  nrf_it.o [1]
GPIO_Spi_init           0x0000a891   0x72  Code  Gb  SPI1.o [1]
GPRS_InitOver_Flag      0x20000036    0x1  Data  Gb  AT_Proc.o [1]
GW_Data_Str             0x200012c4   0x14  Data  Gb  NetHandler.o [1]
GW_SaveData             0x2000046c    0x4  Data  Gb  NetHandler.o [1]
GetSystemNowtime        0x00001d6d    0x6  Code  Gb  hal.o [1]
HEAP$$Base              0x20001c78          --   Gb  - Linker created -
HEAP$$Limit             0x20002478          --   Gb  - Linker created -
HOST_NAME               0x20000384    0x8  Data  Gb  dhcp.o [1]
HeartBeat_lenght        0x20000460    0x4  Data  Gb  NetHandler.o [1]
HexToStr                0x00006b65   0x3c  Code  Gb  nrf24l01+.o [1]
IP_Config_Data          0x2000023c   0x14  Data  Gb  AT_Proc.o [1]
IP_Data                 0x2000128c    0x4  Data  Gb  NetHandler.o [1]
IP_Port_Data_Get        0x0000aead   0xf2  Code  Gb  AT_Proc.o [1]
IP_Str2Int              0x000004e9   0xa6  Code  Gb  NetHandler.o [1]
IRQ_Flag0               0x20003d64    0x1  Data  Gb  SPI1.o [1]
IRQ_Flag1               0x20003d65    0x1  Data  Gb  SPI1.o [1]
IRQ_Flag2               0x20003d66    0x1  Data  Gb  SPI1.o [1]
IR_SendByte             0x00001dad   0x34  Code  Gb  hal.o [1]
IR_SendData             0x00001e55   0x16  Code  Gb  hal.o [1]
Info_Static_Get         0x20001298   0x18  Data  Gb  NetHandler.o [1]
LoadInt                 0x00009f57   0x68  Code  Lc  xprintffull_nomb.o [3]
LongIntToStr            0x0000b98d   0x58  Code  Gb  mystring.o [1]
LoopEvents              0x20000002    0x2  Data  Gb  app.o [1]
LoopEventstmp           0x20000004    0x2  Data  Gb  app.o [1]
LoopTimeEvents          0x20000006    0x2  Data  Lc  app.o [1]
LoopTimeEventstmp       0x20000008    0x2  Data  Lc  app.o [1]
MQTTClientInit          0x00006153   0x32  Code  Gb  MQTTClient.o [1]
MQTTConnect             0x00006469   0xa8  Code  Gb  MQTTClient.o [1]
MQTTDeserialize_ack     0x000096c9   0x58  Code  Gb  MQTTDeserializePublish.o [1]
MQTTDeserialize_connack
                        0x0000955d   0x6e  Code  Gb  MQTTConnectClient.o [1]
MQTTDeserialize_publish
                        0x00009631   0x98  Code  Gb  MQTTDeserializePublish.o [1]
MQTTDeserialize_suback  0x0000990d   0x86  Code  Gb  MQTTSubscribeClient.o [1]
MQTTPacket_decode       0x0000919f   0x3a  Code  Gb  MQTTPacket.o [1]
MQTTPacket_decodeBuf    0x0000921d    0xe  Code  Gb  MQTTPacket.o [1]
MQTTPacket_encode       0x00009175   0x2a  Code  Gb  MQTTPacket.o [1]
MQTTPacket_equals       0x00009347   0x3a  Code  Gb  MQTTPacket.o [1]
MQTTPacket_len          0x000091d9   0x24  Code  Gb  MQTTPacket.o [1]
MQTTPublish             0x00006653   0xf0  Code  Gb  MQTTClient.o [1]
MQTTSerialize_ack       0x000097ed   0x6e  Code  Gb  MQTTSerializePublish.o [1]
MQTTSerialize_connect   0x00009405  0x156  Code  Gb  MQTTConnectClient.o [1]
MQTTSerialize_connectLength
                        0x00009385   0x7e  Code  Gb  MQTTConnectClient.o [1]
MQTTSerialize_pingreq   0x000095e5   0x28  Code  Gb  MQTTConnectClient.o [1]
MQTTSerialize_publish   0x00009751   0x9a  Code  Gb  MQTTSerializePublish.o [1]
MQTTSerialize_publishLength
                        0x00009729   0x26  Code  Gb  MQTTSerializePublish.o [1]
MQTTSerialize_subscribe
                        0x00009885   0x88  Code  Gb  MQTTSubscribeClient.o [1]
MQTTSerialize_subscribeLength
                        0x00009865   0x1e  Code  Gb  MQTTSubscribeClient.o [1]
MQTTSubscribe           0x00006569   0xea  Code  Gb  MQTTClient.o [1]
MQTTYield               0x0000643d   0x2c  Code  Gb  MQTTClient.o [1]
MQTT_Count_SendTimes    0x2000000c    0x4  Data  Gb  app.o [1]
MQTT_GPRS_Heartbeat     0x0000b2fd   0x7a  Code  Gb  AT_Proc.o [1]
MQTT_GPRS_ResvData      0x0000b475  0x146  Code  Gb  AT_Proc.o [1]
MQTT_GPRS_SendData      0x0000b1e1   0xd2  Code  Gb  AT_Proc.o [1]
MQTT_GPRS_SendRscvDataCMD
                        0x0000b3f5   0x30  Code  Gb  AT_Proc.o [1]
MQTT_HeartBeat          0x00001841   0x7e  Code  Gb  NetHandler.o [1]
MQTT_Init               0x00001419  0x1c6  Code  Gb  NetHandler.o [1]
MQTT_Relay_AlarmCount   0x20000010    0x4  Data  Gb  app.o [1]
MQTT_Relay_AlarmCount_flag
                        0x20000000    0x1  Data  Gb  app.o [1]
MQTT_Resv_Alarm         0x20003d28    0x1  Data  Gb  NetHandler.o [1]
MQTT_Resv_AlarmData     0x20003d2c    0x4  Data  Gb  NetHandler.o [1]
MQTT_Resv_AlarmTime     0x20000401    0x1  Data  Gb  NetHandler.o [1]
MQTT_Resv_Channel       0x20000402    0x1  Data  Gb  NetHandler.o [1]
MQTT_Resv_Cycle         0x20000400    0x1  Data  Gb  NetHandler.o [1]
MQTT_Resv_Read_data     0x20003d29    0x1  Data  Gb  NetHandler.o [1]
MQTT_Resv_SensorCycle   0x20000404    0x1  Data  Gb  NetHandler.o [1]
MQTT_Resv_SensorNum     0x20000403    0x1  Data  Gb  NetHandler.o [1]
MQTT_Save_Data          0x200003e4   0x1c  Data  Gb  NetHandler.o [1]
MQTT_SendData           0x0000193d   0xe2  Code  Gb  NetHandler.o [1]
MQTT_Working            0x00001a55   0x18  Code  Gb  NetHandler.o [1]
MQTTstrlen              0x00009337   0x10  Code  Gb  MQTTPacket.o [1]
MilliTimer              0x20003d50    0x4  Data  Gb  mqtt_interface.o [1]
MilliTimer_Handler      0x00006009    0xa  Code  Gb  mqtt_interface.o [1]
NB_Init                 0x0000b629   0x44  Code  Gb  AT_Proc.o [1]
NB_SendDataBuff         0x20000044  0x1f4  Data  Gb  AT_Proc.o [1]
NB_TaskStatus           0x20000032    0x1  Data  Gb  AT_Proc.o [1]
NB_Work                 0x0000b685   0x1c  Code  Gb  AT_Proc.o [1]
NET_INIT_EVENT          0x20001260    0x1  Data  Gb  NetHandler.o [1]
NRF_ALLReflash_Channel  0x00006e39   0x28  Code  Gb  nrf24l01+.o [1]
NRF_Data_Poll           0x00006c41   0x6c  Code  Gb  nrf24l01+.o [1]
NRF_Data_Poll_1         0x20002dd8  0x874  Data  Gb  NetHandler.o [1]
NVIC_SetPriority        0x00001b89   0x34  Code  Lc  hal.o [1]
NetworkInitHandler      0x00000f45  0x1fa  Code  Gb  NetHandler.o [1]
NewNetwork              0x0000604f   0x10  Code  Gb  mqtt_interface.o [1]
NewTime                 0x200003b0    0x4  Data  Gb  main.o [1]
OLD_allocated_ip        0x20000374    0x4  Data  Gb  dhcp.o [1]
PHY_Status              0x200003dc    0x8  Data  Gb  main.o [1]
Pack_Num_Last           0x2000040c    0x2  Data  Gb  NetHandler.o [1]
Port_Config_Data        0x20000250    0x8  Data  Gb  AT_Proc.o [1]
Port_Data               0x2000040a    0x2  Data  Gb  NetHandler.o [1]
RADIO_DATA_LIST_HEAD    0x20003cb0   0x1c  Data  Gb  xqueue.o [1]
RADIO_IRQHandler        0x0000d291   0x76  Code  Gb  radio_config.o [1]
Read_Flash_TCP_Data     0x000000d5  0x1a4  Code  Gb  NetHandler.o [1]
Read_ID                 0x200003c4   0x10  Data  Gb  main.o [1]
Rec_WaitAT              0x0000b6d5  0x12e  Code  Gb  AT_Proc.o [1]
RecivePkg               0x2000364c  0x204  Data  Gb  NetHandler.o [1]
Region$$Table$$Base     0x0000dacc          --   Gb  - Linker created -
Region$$Table$$Limit    0x0000daec          --   Gb  - Linker created -
SIP_Data_Str            0x200012b0   0x14  Data  Gb  NetHandler.o [1]
SIP_SaveData            0x20000468    0x4  Data  Gb  NetHandler.o [1]
SN_Data_Str             0x20001300   0x14  Data  Gb  NetHandler.o [1]
SN_SaveData             0x20000474    0x4  Data  Gb  NetHandler.o [1]
SPI0_TWI0_IRQHandler    0x00008a45   0x2e  Code  Gb  nrf_drv_spi.o [1]
SPI_CS_Deselect         0x00000bed    0xa  Code  Gb  NetHandler.o [1]
SPI_CS_Select           0x00000bdd    0xa  Code  Gb  NetHandler.o [1]
SPI_CrisEnter           0x00000bcd    0x8  Code  Gb  NetHandler.o [1]
SPI_CrisExit            0x00000bd5    0x8  Code  Gb  NetHandler.o [1]
SPI_ReadByte            0x00001e95   0x2a  Code  Gb  hal.o [1]
SPI_WriteByte           0x00001e6d   0x26  Code  Gb  hal.o [1]
SPORT_Data_Str          0x20001314    0xc  Data  Gb  NetHandler.o [1]
SPORT_SaveData          0x20000406    0x2  Data  Gb  NetHandler.o [1]
Saved_Channel           0x20001473    0x1  Data  Gb  nrf24l01+.o [1]
SendBuffer              0x200004ac  0x4b0  Data  Gb  NetHandler.o [1]
SendData_lenght         0x20000464    0x4  Data  Gb  NetHandler.o [1]
SensorNum               0x20001240    0x1  Data  Gb  NetHandler.o [1]
SoftTimeingLoopEvent    0x0000c07d   0x9c  Code  Gb  app.o [1]
SoftWareEventInLoop     0x0000ba9d  0x14c  Code  Gb  app.o [1]
SoftWareInit            0x0000ba4d   0x26  Code  Gb  app.o [1]
SoftWareTimeingEventInLoop
                        0x0000bcf5  0x1b2  Code  Gb  app.o [1]
Static_IP_Get           0x000002b1   0xac  Code  Gb  NetHandler.o [1]
SubTopic                0x20000990   0x34  Data  Gb  NetHandler.o [1]
SystemCoreClock         0x20001340    0x4  Data  Gb  system_nrf51.o [1]
SystemInit              0x00002a4d   0x66  Code  Gb  system_nrf51.o [1]
SystemNowtime           0x20003d48    0x4  Data  Gb  hal.o [1]
TCP_Save_Data           0x20003c94   0x1c  Data  Gb  NetHandler.o [1]
TCP_network             0x20001290    0x8  Data  Gb  NetHandler.o [1]
TCP_sTATE_loop          0x00000379  0x104  Code  Gb  NetHandler.o [1]
TIMER0_IRQHandler       0x0000d72b   0x2a  Code  Gb  nrf_it.o [1]
TIMER1_IRQHandler       0x0000d755   0x3a  Code  Gb  nrf_it.o [1]
TIMER2_IRQHandler       0x0000d78f   0x66  Code  Gb  nrf_it.o [1]
Temp_Data               0x20003d30    0x8  Data  Gb  nrf24l01+.o [1]
TimeNB                  0x2000003c    0x8  Data  Lc  AT_Proc.o [1]
TimerCountdown          0x0000602f   0x10  Code  Gb  mqtt_interface.o [1]
TimerCountdownMS        0x00006025    0xa  Code  Gb  mqtt_interface.o [1]
TimerInit               0x00006013    0x6  Code  Gb  mqtt_interface.o [1]
TimerIsExpired          0x00006019    0xc  Code  Gb  mqtt_interface.o [1]
TimerLeftMS             0x0000603f   0x10  Code  Gb  mqtt_interface.o [1]
Topic                   0x2000095c   0x34  Data  Gb  NetHandler.o [1]
UART0_IRQHandler        0x0000b951   0x2e  Code  Gb  Uart.o [1]
UART_Printf             0x00001d25   0x28  Code  Gb  hal.o [1]
Uart_SendStr            0x00001d4d   0x20  Code  Gb  hal.o [1]
Unpack_json_MQTT_ResvData
                        0x000011c5  0x178  Code  Gb  NetHandler.o [1]
W5500_DHCP_Flag         0x20001262    0x1  Data  Gb  NetHandler.o [1]
W5500_Diver_Test        0x0000d45b   0x46  Code  Gb  main.o [1]
W5500_NOPHY_TryGPRS_Flag
                        0x20001261    0x1  Data  Gb  NetHandler.o [1]
WDT_IRQHandler          0x00008ab1   0x1a  Code  Gb  nrf_drv_wdt.o [1]
WIZCHIP                 0x20001344   0x2c  Data  Gb  wizchip_conf.o [1]
WIZCHIP_READ            0x00001edd   0x54  Code  Gb  w5500.o [1]
WIZCHIP_READ_BUF        0x00001f85   0x68  Code  Gb  w5500.o [1]
WIZCHIP_WRITE           0x00001f31   0x54  Code  Gb  w5500.o [1]
WIZCHIP_WRITE_BUF       0x00001fed   0x72  Code  Gb  w5500.o [1]
YIP_Data_Str            0x200012d8   0x14  Data  Gb  NetHandler.o [1]
YIP_SaveData            0x20000470    0x4  Data  Gb  NetHandler.o [1]
YPORT_Data_Str          0x200012ec   0x14  Data  Gb  NetHandler.o [1]
YPORT_SaveData          0x20000408    0x2  Data  Gb  NetHandler.o [1]
_DHCP_                  0x20003d44    0x1  Data  Lc  wizchip_conf.o [1]
_DNS_                   0x20003d40    0x4  Data  Lc  wizchip_conf.o [1]
_GenldFullNoMb          0x0000a589  0x2d2  Code  Lc  xprintffull_nomb.o [3]
_IsdstStr               0x20001378    0x4  Data  Gb  setlocale.o [3]
_LdtobFullNoMb          0x0000a0f1  0x484  Code  Lc  xprintffull_nomb.o [3]
_LitobFullNoMb          0x00009fbf  0x12e  Code  Lc  xprintffull_nomb.o [3]
_LocaleC_tolower        0x0000ad7d    0xc  Code  Gb  xlocale_c.o [3]
_LocaleForCat           0x0000ad69   0x10  Code  Gb  setlocale.o [3]
_LocaleReturnString     0x20001398   0x50  Data  Lc  setlocale.o [3]
_Locale_Profile         0x2000137c   0x1c  Data  Gb  setlocale.o [3]
_Locale_aeabi_lconv     0x20001438   0x38  Data  Gb  localeconv.o [3]
_Locale_lconv           0x200013e8   0x50  Data  Gb  localeconv.o [3]
_PrintfFullNoMb         0x0000999d  0x5ba  Code  Gb  xprintffull_nomb.o [3]
_PutcharsFullNoMb       0x0000a85f   0x30  Code  Lc  xprintffull_nomb.o [3]
_SNProut                0x0000daed   0x1c  Code  Gb  xsnprout.o [3]
_SProut                 0x000036f3    0xa  Code  Gb  xsprout.o [3]
_TzoneStr               0x20001374    0x4  Data  Gb  setlocale.o [3]
__Vectors               0x00000000          --   Gb  iar_startup_nrf51.o [1]
__Vectors_End           0x000000c0         Data  Gb  iar_startup_nrf51.o [1]
__Vectors_Size {Abs}    0x000000c0          --   Gb  iar_startup_nrf51.o [1]
__aeabi_cdcmpeq         0x00008c15         Code  Gb  DblCmpEq.o [4]
__aeabi_cdcmple         0x00008c7b         Code  Gb  DblCmpLe.o [4]
__aeabi_cdrcmple        0x00008c49         Code  Gb  DblCmpGe.o [4]
__aeabi_d2iz            0x00003691         Code  Gb  DblToI32.o [4]
__aeabi_d2uiz           0x000036b5         Code  Gb  DblToI32.o [4]
__aeabi_dadd            0x000034dd         Code  Gb  DblAddSub.o [4]
__aeabi_ddiv            0x00008cad         Code  Gb  DblDiv.o [4]
__aeabi_dmul            0x00003359         Code  Gb  DblMul.o [4]
__aeabi_dsub            0x000035a3         Code  Gb  DblAddSub.o [4]
__aeabi_errno_addr      0x00008c39    0xa  Code  Gb  errno.o [3]
__aeabi_i2d             0x00002a19         Code  Gb  I32ToDbl.o [4]
__aeabi_idiv            0x000086e9         Code  Gb  I32DivModFast.o [5]
__aeabi_idiv0           0x0000abb1         Code  Gb  IntDivZer.o [5]
__aeabi_idivmod         0x000086e9         Code  Gb  I32DivModFast.o [5]
__aeabi_ldiv0           0x0000aea9         Code  Gb  I64DivZer.o [5]
__aeabi_memclr          0x00003759         Code  Gb  ABImemset.o [5]
__aeabi_memclr4         0x0000375d         Code  Gb  ABImemset.o [5]
__aeabi_memclr8         0x0000375d         Code  Gb  ABImemset.o [5]
__aeabi_memcpy          0x00001b2d         Code  Gb  ABImemcpy.o [5]
__aeabi_memcpy4         0x00001b55         Code  Wk  ABImemcpy.o [5]
__aeabi_memset          0x000036fd         Code  Gb  ABImemset.o [5]
__aeabi_memset4         0x0000371d         Code  Gb  ABImemset.o [5]
__aeabi_memset8         0x0000371d         Code  Gb  ABImemset.o [5]
__aeabi_ui2d            0x00002a2d         Code  Gb  I32ToDbl.o [4]
__aeabi_uidiv           0x000086ef         Code  Gb  I32DivModFast.o [5]
__aeabi_uidivmod        0x000086ef         Code  Gb  I32DivModFast.o [5]
__aeabi_uldivmod        0x0000ada1         Code  Gb  I64DivMod.o [5]
__cmain                 0x0000db09         Code  Gb  cmain.o [5]
__data_GetMemChunk      0x0000ab85   0x2c  Code  Gb  xgetmemchunk.o [3]
__exit                  0x0000ae95   0x14  Code  Gb  exit.o [6]
__iar_Dint              0x00008b89   0x8c  Code  Gb  xdint.o [4]
__iar_Dnorm             0x00008b45   0x44  Code  Gb  xdnorm.o [4]
__iar_Dscale            0x0000ac4d  0x11c  Code  Gb  xdscale.o [4]
__iar_Dtest             0x0000ac11   0x3c  Code  Gb  xdtest.o [4]
__iar_Errno             0x20001370    0x4  Data  Gb  errno.o [3]
__iar_Exp               0x00008e15  0x2b8  Code  Gb  xexp.o [4]
__iar_Locale_lconv_init
                        0x0000ae0d   0x32  Code  Gb  localeconv.o [3]
__iar_Logpoly           0x00008d71   0x6c  Code  Gb  xlog.o [4]
__iar_Memchr            0x0000ad89   0x18  Code  Gb  memchr.o [5]
__iar_Memset4_word      0x00003729         Code  Gb  ABImemset.o [5]
__iar_Memset_word       0x00003709         Code  Gb  ABImemset.o [5]
__iar_Strchr            0x00005ff5   0x14  Code  Gb  strchr.o [5]
__iar_Strstr            0x0000b8fb   0x38  Code  Gb  strstr.o [3]
__iar_d2uiz             0x000036b9         Code  Gb  DblToI32.o [4]
__iar_data_init3        0x0000daa5   0x28  Code  Gb  data_init.o [5]
__iar_dlfree            0x00008131  0x584  Code  Gb  dlmalloc.o [3]
__iar_dlib_perthread_access
                        0x0000ac0d    0x2  Code  Gb  xtls.o [3]
__iar_dlmalloc          0x00007e33  0x2f8  Code  Gb  dlmalloc.o [3]
__iar_floor             0x000090dd         Code  Gb  floor.o [4]
__iar_floorl            0x000090dd         Code  Gb  floor.o [4]
__iar_lz77_init_single3
                        0x0000d999   0x7c  Code  Gb  lz77_init_single.o [5]
__iar_program_start     0x0000db55         Code  Gb  cstartup_M.o [5]
__iar_ui2d              0x00002a31         Code  Gb  I32ToDbl.o [4]
__iar_zero_init3        0x0000da15   0x3c  Code  Gb  zero_init3.o [5]
__low_level_init        0x0000db23    0x4  Code  Gb  low_level_init.o [3]
__vector_table          0x00000000         Data  Gb  iar_startup_nrf51.o [1]
_call_main              0x0000db15         Code  Gb  cmain.o [5]
_exit                   0x0000db31         Code  Gb  cexit.o [5]
_gm_                    0x20003850  0x1d8  Data  Lc  dlmalloc.o [3]
_main                   0x0000db1f         Code  Gb  cmain.o [5]
abort                   0x0000ab7b    0xa  Code  Gb  abort.o [3]
app_error_handler       0x00008a99   0x18  Code  Wk  app_error.o [1]
bufchar                 0x000091fd   0x20  Code  Gb  MQTTPacket.o [1]
bufptr                  0x20003d54    0x4  Data  Lc  MQTTPacket.o [1]
cJSON_AddItemToArray    0x00005f0f   0x1c  Code  Gb  cJSON.o [1]
cJSON_AddItemToObject   0x00005f2b   0x28  Code  Gb  cJSON.o [1]
cJSON_CreateNumber      0x00005f59   0x30  Code  Gb  cJSON.o [1]
cJSON_CreateObject      0x00005faf   0x1c  Code  Gb  cJSON.o [1]
cJSON_CreateString      0x00005f89   0x26  Code  Gb  cJSON.o [1]
cJSON_Delete            0x00004d09   0x52  Code  Gb  cJSON.o [1]
cJSON_GetErrorPtr       0x00004cdd    0x6  Code  Gb  cJSON.o [1]
cJSON_GetObjectItem     0x00005ec1   0x4e  Code  Gb  cJSON.o [1]
cJSON_Parse             0x00005479    0xc  Code  Gb  cJSON.o [1]
cJSON_ParseWithOpts     0x000053f5   0x7e  Code  Gb  cJSON.o [1]
cJSON_PrintUnformatted  0x00005485    0xe  Code  Gb  cJSON.o [1]
cJSON_free              0x20000360    0x4  Data  Lc  cJSON.o [1]
cJSON_malloc            0x2000035c    0x4  Data  Lc  cJSON.o [1]
cJSON_strdup            0x00004ce3   0x26  Code  Lc  cJSON.o [1]
cardInfo_p              0x20000478   0x28  Data  Gb  NetHandler.o [1]
card__descriptor        0x0000d8b4   0x3c  Data  Gb  UserInformation.pb-c.o [1]
card__field_descriptors
                        0x0000c424  0x344  Data  Lc  UserInformation.pb-c.o [1]
card__field_indices_by_name
                        0x0000c768   0x4c  Data  Lc  UserInformation.pb-c.o [1]
card__init              0x0000d84d    0xe  Code  Gb  UserInformation.pb-c.o [1]
card__number_ranges     0x0000c7b4   0x10  Data  Lc  UserInformation.pb-c.o [1]
check_DHCP_timeout      0x00004215   0x72  Code  Gb  dhcp.o [1]
clearUart               0x0000b935   0x1c  Code  Gb  Uart.o [1]
close                   0x000022af   0x74  Code  Gb  socket.o [1]
closed_time             0x20003d60    0x2  Data  Gb  nrf_it.o [1]
comCRC8                 0x00001ec9   0x14  Code  Gb  hal.o [1]
comCalCRC               0x0000ab65   0x16  Code  Gb  SPI1.o [1]
connect                 0x00002323  0x100  Code  Gb  socket.o [1]
count_number_in_double_link
                        0x0000c2b3   0x12  Code  Gb  xqueue.o [1]
create_double_link_node
                        0x0000c1fb   0x30  Code  Gb  xqueue.o [1]
create_list_head        0x0000c1ed    0xe  Code  Gb  xqueue.o [1]
ctlnetwork              0x00004551   0x7c  Code  Gb  wizchip_conf.o [1]
ctlwizchip              0x00004401  0x132  Code  Gb  wizchip_conf.o [1]
cycle                   0x0000634f   0xee  Code  Gb  MQTTClient.o [1]
default_ip_assign       0x00003761   0x2c  Code  Gb  dhcp.o [1]
default_ip_conflict     0x000037d3   0x1e  Code  Gb  dhcp.o [1]
default_ip_update       0x0000378d   0x46  Code  Gb  dhcp.o [1]
delayTicks              0x20003d12    0x2  Data  Gb  hal.o [1]
delay_ms                0x00001d05   0x20  Code  Gb  hal.o [1]
delay_us_Ticks          0x20003d46    0x2  Data  Gb  hal.o [1]
deliverMessage          0x00006239   0xbc  Code  Gb  MQTTClient.o [1]
dhcp_ip_assign          0x200003a0    0x4  Data  Gb  dhcp.o [1]
dhcp_ip_conflict        0x200003a8    0x4  Data  Gb  dhcp.o [1]
dhcp_ip_update          0x200003a4    0x4  Data  Gb  dhcp.o [1]
dhcp_lease_time         0x2000038c    0x4  Data  Gb  dhcp.o [1]
dhcp_retry_count        0x20000382    0x1  Data  Gb  dhcp.o [1]
dhcp_state              0x20000381    0x1  Data  Gb  dhcp.o [1]
dhcp_tick_1s            0x20000390    0x4  Data  Gb  dhcp.o [1]
dhcp_tick_next          0x20000394    0x4  Data  Gb  dhcp.o [1]
disconnect              0x00002429   0x8a  Code  Gb  socket.o [1]
div                     0x0000ae75   0x20  Code  Gb  div.o [3]
dns_1s_tick             0x20003d1c    0x4  Data  Gb  dns.o [1]
dns_answer              0x000049b3   0xc6  Code  Gb  dns.o [1]
dns_makequery           0x00004b5f   0xc8  Code  Gb  dns.o [1]
domain_ip               0x2000125c    0x4  Data  Gb  NetHandler.o [1]
domain_name             0x20001278   0x14  Data  Gb  NetHandler.o [1]
dstAddr                 0x00006b5c    0x8  Data  Gb  nrf24l01+.o [1]
ensure                  0x00004e9b   0x6a  Code  Lc  cJSON.o [1]
ep                      0x20000358    0x4  Data  Lc  cJSON.o [1]
exit                    0x0000db27    0x8  Code  Gb  exit.o [3]
find_data_in_double_link
                        0x0000c22b   0x32  Code  Gb  xqueue.o [1]
find_string_flag        0x20000035    0x1  Data  Gb  AT_Proc.o [1]
firstByteMark           0x0000527c    0x8  Data  Lc  cJSON.o [1]
floor                   0x000090dd         Code  Gb  floor.o [4]
floorl                  0x000090dd         Code  Gb  floor.o [4]
gDATABUF                0x20000a30  0x800  Data  Gb  NetHandler.o [1]
gWIZNETINFO             0x20001244   0x18  Data  Gb  NetHandler.o [1]
getDHCPLeasetime        0x00004365    0x6  Code  Gb  dhcp.o [1]
getDNSfromDHCP          0x00004351   0x14  Code  Gb  dhcp.o [1]
getGWfromDHCP           0x00004323   0x14  Code  Gb  dhcp.o [1]
getIPfromDHCP           0x0000430f   0x14  Code  Gb  dhcp.o [1]
getSNfromDHCP           0x0000433d   0x14  Code  Gb  dhcp.o [1]
getSn_RX_RSR            0x0000206d    0xc  Code  Gb  w5500.o [1]
getSn_TX_FSR            0x0000205f    0xe  Code  Gb  w5500.o [1]
halInit                 0x00001bc9  0x12a  Code  Gb  hal.o [1]
halSpiReadBuf           0x0000a967   0x74  Code  Gb  SPI1.o [1]
halSpiReadBuf_2         0x0000aaf5   0x34  Code  Gb  SPI1.o [1]
halSpiReadByte          0x0000a93f   0x28  Code  Gb  SPI1.o [1]
halSpiReadByte_2        0x0000aac3   0x32  Code  Gb  SPI1.o [1]
halSpiReadWriteByte     0x0000a903   0x3c  Code  Gb  SPI1.o [1]
halSpiWriteBuf          0x0000aa0b   0x40  Code  Gb  SPI1.o [1]
halSpiWriteBuf_2        0x0000aa89   0x3a  Code  Gb  SPI1.o [1]
halSpiWriteByte         0x0000a9db   0x30  Code  Gb  SPI1.o [1]
halSpiWriteByte_2       0x0000aa4b   0x3e  Code  Gb  SPI1.o [1]
heartbeat               0x20000414   0x34  Data  Gb  NetHandler.o [1]
heartbeat__descriptor   0x0000ca24   0x3c  Data  Gb  UserInformation.pb-c.o [1]
heartbeat__field_descriptors
                        0x0000c834  0x1b8  Data  Lc  UserInformation.pb-c.o [1]
heartbeat__field_indices_by_name
                        0x0000c9ec   0x28  Data  Lc  UserInformation.pb-c.o [1]
heartbeat__init         0x0000d955    0xe  Code  Gb  UserInformation.pb-c.o [1]
heartbeat__number_ranges
                        0x0000ca14   0x10  Data  Lc  UserInformation.pb-c.o [1]
id                      0x200003d4    0x8  Data  Gb  main.o [1]
init_mparams            0x0000704d   0x2a  Code  Lc  dlmalloc.o [3]
init_top                0x00007077   0x3a  Code  Lc  dlmalloc.o [3]
insert_data_into_double_link
                        0x0000c25d   0x56  Code  Gb  xqueue.o [1]
internal_Pow            0x00002ac9  0x434  Code  Lc  pow.o [4]
jsondata_change_toGPRS  0x0000b075   0x3e  Code  Gb  AT_Proc.o [1]
keepalive               0x000062f5   0x5a  Code  Gb  MQTTClient.o [1]
lnbias                  0x00002f38  0x420  Data  Lc  pow.o [4]
localeconv              0x0000ae3f   0x18  Code  Gb  localeconv.o [3]
m_DEVICE_ID             0x200003ac    0x2  Data  Gb  main.o [1]
m_alloc_index           0x20003d58    0x4  Data  Lc  nrf_drv_wdt.o [1]
m_cb                    0x20003ccc   0x18  Data  Lc  nrf_drv_spi.o [1]
m_default_config        0x00008a88   0x10  Data  Lc  nrf_drv_spi.o [1]
m_radio_states          0x20003d63    0x1  Data  Gb  radio_config.o [1]
m_spi_master_0          0x00001ec0    0x8  Data  Lc  hal.o [1]
m_state                 0x20003d38    0x1  Data  Lc  nrf_drv_wdt.o [1]
m_wdt_event_handler     0x20003d3c    0x4  Data  Lc  nrf_drv_wdt.o [1]
main                    0x0000d361   0xfa  Code  Gb  main.o [1]
makeDHCPMSG             0x00003817  0x100  Code  Gb  dhcp.o [1]
memcmp                  0x0000d53d   0x28  Code  Gb  memcmp.o [5]
memsize                 0x20001268   0x10  Data  Gb  NetHandler.o [1]
messageArrived          0x0000136d   0x50  Code  Gb  NetHandler.o [1]
mparams                 0x20003ce4   0x18  Data  Lc  dlmalloc.o [3]
mqtt_msg                0x20001230   0x10  Data  Gb  NetHandler.o [1]
mqttclient              0x200009c4   0x5c  Data  Gb  NetHandler.o [1]
my_ip_assign            0x00000c25   0x3c  Code  Lc  NetHandler.o [1]
my_ip_conflict          0x00000bfd    0xc  Code  Lc  NetHandler.o [1]
nRF24L01_2_Check        0x000069d5   0x4a  Code  Gb  nrf24l01+.o [1]
nRF24L01_2_EnterRxMode  0x00006ac5   0x64  Code  Gb  nrf24l01+.o [1]
nRF24L01_2_IRQ          0x00006d75   0xc4  Code  Gb  nrf24l01+.o [1]
nRF24L01_2_Init         0x000068a5   0xda  Code  Gb  nrf24l01+.o [1]
nRF24L01_Check          0x00006981   0x4a  Code  Gb  nrf24l01+.o [1]
nRF24L01_EnterRxMode    0x00006a29   0x64  Code  Gb  nrf24l01+.o [1]
nRF24L01_IRQ            0x00006cb5   0xc0  Code  Gb  nrf24l01+.o [1]
nRF24L01_Init           0x00006799   0xe4  Code  Gb  nrf24l01+.o [1]
network                 0x20000a20   0x10  Data  Gb  NetHandler.o [1]
network_init            0x00000c89   0xaa  Code  Gb  NetHandler.o [1]
nrf_delay_ms            0x000087bb   0x1c  Code  Gb  nrf_delay.o [1]
nrf_delay_us            0x0000879d   0x1e  Code  Lc  nrf_delay.o [1]
nrf_drv_common_irq_enable
                        0x0000abb5   0x58  Code  Gb  nrf_drv_common.o [1]
nrf_drv_spi_init        0x000087dd  0x124  Code  Gb  nrf_drv_spi.o [1]
nrf_drv_spi_transfer    0x00008957   0xee  Code  Gb  nrf_drv_spi.o [1]
nrf_drv_wdt_feed        0x00008acd   0x22  Code  Gb  nrf_drv_wdt.o [1]
nrf_gpio_cfg_output     0x00001bbd    0xa  Code  Lc  hal.o [1]
nrf_nvmc_page_erase     0x00001a9d   0x22  Code  Gb  nrf_nvmc.o [1]
nrf_nvmc_write_bytes    0x00001abf   0x64  Code  Gb  nrf_nvmc.o [1]
nrf_timer_delay_ms      0x00001d73   0x32  Code  Gb  hal.o [1]
num                     0x20003d10    0x1  Data  Gb  radio_config.o [1]
pDHCPMSG                0x2000039c    0x4  Data  Gb  dhcp.o [1]
pDNSMSG                 0x20003d18    0x4  Data  Gb  dns.o [1]
packet                  0x20003cfc   0x14  Data  Gb  radio_config.o [1]
para_store              0x000000c1   0x14  Code  Gb  NetHandler.o [1]
parseDHCPMSG            0x00003ef5  0x192  Code  Gb  dhcp.o [1]
parseDNSMSG             0x00004a79   0xe6  Code  Gb  dns.o [1]
parse_hex4              0x00005059   0xa8  Code  Lc  cJSON.o [1]
parse_name              0x00004939   0x7a  Code  Gb  dns.o [1]
parse_number            0x00004d5b  0x140  Code  Lc  cJSON.o [1]
parse_object            0x00005961  0x152  Code  Lc  cJSON.o [1]
parse_string            0x00005101  0x15a  Code  Lc  cJSON.o [1]
parse_value             0x0000549d  0x146  Code  Lc  cJSON.o [1]
pow                     0x00002f29    0xe  Code  Gb  pow.o [4]
prepend_alloc           0x000070c1  0x36a  Code  Lc  dlmalloc.o [3]
print_array             0x000056dd  0x27c  Code  Lc  cJSON.o [1]
print_number            0x00004f0d  0x11a  Code  Lc  cJSON.o [1]
print_object            0x00005ab9  0x408  Code  Lc  cJSON.o [1]
print_string_ptr        0x00005285  0x15c  Code  Lc  cJSON.o [1]
print_value             0x000055f5   0xce  Code  Lc  cJSON.o [1]
protobuf_c_empty_string
                        0x0000db74    0x1  Data  Gb  protobuf-c.o [1]
radio_configure         0x0000d13b  0x11a  Code  Gb  radio_config.o [1]
readChar                0x0000924b    0xc  Code  Gb  MQTTPacket.o [1]
readInt                 0x00009239   0x12  Code  Gb  MQTTPacket.o [1]
readMQTTLenString       0x00009303   0x34  Code  Gb  MQTTPacket.o [1]
readPacket              0x00006185   0xae  Code  Lc  MQTTClient.o [1]
reader_Radio_Rx_Rdy     0x0000d255   0x3a  Code  Gb  radio_config.o [1]
recv                    0x000025dd   0xca  Code  Gb  socket.o [1]
recvfrom                0x00002811  0x1ee  Code  Gb  socket.o [1]
reg_dhcp_cbfunc         0x000037f1   0x26  Code  Gb  dhcp.o [1]
reg_wizchip_cris_cbfunc
                        0x000043a7   0x1c  Code  Gb  wizchip_conf.o [1]
reg_wizchip_cs_cbfunc   0x000043c3   0x1c  Code  Gb  wizchip_conf.o [1]
reg_wizchip_spi_cbfunc  0x000043df   0x22  Code  Gb  wizchip_conf.o [1]
retry_count             0x20003d15    0x1  Data  Lc  dns.o [1]
segment_holding         0x00007031   0x1c  Code  Lc  dlmalloc.o [3]
send                    0x000024bd  0x110  Code  Gb  socket.o [1]
sendPacket              0x00006109   0x4a  Code  Lc  MQTTClient.o [1]
send_DHCP_DECLINE       0x00003deb  0x10a  Code  Gb  dhcp.o [1]
send_DHCP_DISCOVER      0x00003921  0x1ec  Code  Gb  dhcp.o [1]
send_DHCP_REQUEST       0x00003b1d  0x2b8  Code  Gb  dhcp.o [1]
sendto                  0x000026b1  0x158  Code  Gb  socket.o [1]
sock_any_port           0x20001328    0x2  Data  Lc  socket.o [1]
sock_io_mode            0x2000132a    0x2  Data  Lc  socket.o [1]
sock_is_sending         0x2000132c    0x2  Data  Lc  socket.o [1]
sock_pack_info          0x20001320    0x8  Data  Gb  socket.o [1]
sock_remained_size      0x20001330   0x10  Data  Lc  socket.o [1]
socket                  0x0000219d  0x112  Code  Gb  socket.o [1]
sprintf                 0x00006745   0x38  Code  Gb  sprintf.o [3]
stRf                    0x20003c74   0x20  Data  Gb  nrf24l01+.o [1]
stUart                  0x20003bbc   0xb8  Data  Gb  Uart.o [1]
stbuff                  0x200003b4   0x10  Data  Gb  main.o [1]
str_replace             0x0000b019   0x5c  Code  Gb  AT_Proc.o [1]
strcat                  0x0000677d   0x1c  Code  Gb  strcat.o [3]
strcpy                  0x000090cd         Code  Gb  strcpy.o [5]
strlen                  0x000036e3   0x10  Code  Gb  strlen.o [5]
strncmp                 0x00009135   0x2c  Code  Gb  strncmp.o [3]
strncpy                 0x00005fd1   0x24  Code  Gb  strncpy.o [5]
swap_bits               0x0000d115   0x26  Code  Lc  radio_config.o [1]
sys_alloc               0x00007435  0x3e2  Code  Lc  dlmalloc.o [3]
tempBuffer              0x200004a0    0xc  Data  Gb  NetHandler.o [1]
tmalloc_large           0x00007825  0x3da  Code  Lc  dlmalloc.o [3]
tmalloc_small           0x00007c05  0x22e  Code  Lc  dlmalloc.o [3]
tolower                 0x00009161   0x12  Code  Gb  tolower.o [3]
transfer_byte           0x00008901   0x56  Code  Lc  nrf_drv_spi.o [1]
u8RF_2_Init_Num         0x20001472    0x1  Data  Gb  nrf24l01+.o [1]
u8RF_Init_Num           0x20001471    0x1  Data  Gb  nrf24l01+.o [1]
uip_timer               0x20003d4c    0x4  Data  Gb  hal.o [1]
userInfo                0x20000448   0x18  Data  Gb  NetHandler.o [1]
user_information__descriptor
                        0x0000d918   0x3c  Data  Gb  UserInformation.pb-c.o [1]
user_information__field_descriptors
                        0x0000c7c4   0x58  Data  Lc  UserInformation.pb-c.o [1]
user_information__field_indices_by_name
                        0x0000c81c    0x8  Data  Lc  UserInformation.pb-c.o [1]
user_information__init  0x0000d8f1    0xe  Code  Gb  UserInformation.pb-c.o [1]
user_information__number_ranges
                        0x0000c824   0x10  Data  Lc  UserInformation.pb-c.o [1]
vsnprintf               0x00008b09   0x3c  Code  Gb  vsnprint.o [3]
w5x00_disconnect        0x000060c3    0xc  Code  Gb  mqtt_interface.o [1]
w5x00_read              0x0000605f   0x38  Code  Gb  mqtt_interface.o [1]
w5x00_write             0x00006097   0x2c  Code  Gb  mqtt_interface.o [1]
wiz_recv_data           0x000020f7   0x4c  Code  Gb  w5500.o [1]
wiz_recv_ignore         0x00002143   0x36  Code  Gb  w5500.o [1]
wiz_send_data           0x000020ab   0x4c  Code  Gb  w5500.o [1]
wizchip_bus_readdata    0x00004399    0x4  Code  Gb  wizchip_conf.o [1]
wizchip_bus_writedata   0x0000439d    0x4  Code  Gb  wizchip_conf.o [1]
wizchip_cris_enter      0x00004391    0x2  Code  Gb  wizchip_conf.o [1]
wizchip_cris_exit       0x00004393    0x2  Code  Gb  wizchip_conf.o [1]
wizchip_cs_deselect     0x00004397    0x2  Code  Gb  wizchip_conf.o [1]
wizchip_cs_select       0x00004395    0x2  Code  Gb  wizchip_conf.o [1]
wizchip_getnetinfo      0x00004895   0x4e  Code  Gb  wizchip_conf.o [1]
wizchip_init            0x00004643   0xe0  Code  Gb  wizchip_conf.o [1]
wizchip_setnetinfo      0x0000482f   0x4e  Code  Gb  wizchip_conf.o [1]
wizchip_settimeout      0x00004911   0x28  Code  Gb  wizchip_conf.o [1]
wizchip_spi_readbyte    0x000043a1    0x4  Code  Gb  wizchip_conf.o [1]
wizchip_spi_writebyte   0x000043a5    0x2  Code  Gb  wizchip_conf.o [1]
wizchip_sw_reset        0x000045cd   0x76  Code  Gb  wizchip_conf.o [1]
wizphy_getphyconf       0x00004795   0x4e  Code  Gb  wizchip_conf.o [1]
wizphy_reset            0x00004725   0x28  Code  Gb  wizchip_conf.o [1]
wizphy_setphyconf       0x0000474d   0x48  Code  Gb  wizchip_conf.o [1]
wizphy_setphypmode      0x000047e3   0x4c  Code  Gb  wizchip_conf.o [1]
writeCString            0x00009277   0x38  Code  Gb  MQTTPacket.o [1]
writeChar               0x00009257    0x4  Code  Gb  MQTTPacket.o [1]
writeInt                0x0000925b   0x12  Code  Gb  MQTTPacket.o [1]
writeMQTTString         0x000092af   0x54  Code  Gb  MQTTPacket.o [1]


[1] = C:\Users\qilai\Desktop\Project\Project5-NewNet\Main_NRF51822_W5500_NRF24L01_Air202\Nrf51800_W5500网关\Project\Debug\Obj
[2] = command line
[3] = dl6M_tlf.a
[4] = m6M_tl.a
[5] = rt6M_tl.a
[6] = shb_l.a

  52 048 bytes of readonly  code memory
   4 579 bytes of readonly  data memory
  15 715 bytes of readwrite data memory

Errors: none
Warnings: none
