###############################################################################
#
# IAR ELF Linker V7.50.3.10732/W32 for ARM                05/Jun/2020  18:28:01
# Copyright 2007-2016 IAR Systems AB.
#
#    Output file  =  
#        C:\Users\qilai\Desktop\Project\Project5-NewNet\Nrf51800_W5500网关\Nrf51800_W5500网关\Project\Debug\Exe\Project.out
#    Map file     =  
#        C:\Users\qilai\Desktop\Project\Project5-NewNet\Nrf51800_W5500网关\Nrf51800_W5500网关\Project\Debug\List\Project.map
#    Command line =  
#        C:\Users\qilai\Desktop\Project\Project5-NewNet\Nrf51800_W5500网关\Nrf51800_W5500网关\Project\Debug\Obj\app.o
#        C:\Users\qilai\Desktop\Project\Project5-NewNet\Nrf51800_W5500网关\Nrf51800_W5500网关\Project\Debug\Obj\app_error.o
#        C:\Users\qilai\Desktop\Project\Project5-NewNet\Nrf51800_W5500网关\Nrf51800_W5500网关\Project\Debug\Obj\AT_Proc.o
#        C:\Users\qilai\Desktop\Project\Project5-NewNet\Nrf51800_W5500网关\Nrf51800_W5500网关\Project\Debug\Obj\cJSON.o
#        C:\Users\qilai\Desktop\Project\Project5-NewNet\Nrf51800_W5500网关\Nrf51800_W5500网关\Project\Debug\Obj\dhcp.o
#        C:\Users\qilai\Desktop\Project\Project5-NewNet\Nrf51800_W5500网关\Nrf51800_W5500网关\Project\Debug\Obj\dns.o
#        C:\Users\qilai\Desktop\Project\Project5-NewNet\Nrf51800_W5500网关\Nrf51800_W5500网关\Project\Debug\Obj\hal.o
#        C:\Users\qilai\Desktop\Project\Project5-NewNet\Nrf51800_W5500网关\Nrf51800_W5500网关\Project\Debug\Obj\iar_startup_nrf51.o
#        C:\Users\qilai\Desktop\Project\Project5-NewNet\Nrf51800_W5500网关\Nrf51800_W5500网关\Project\Debug\Obj\main.o
#        C:\Users\qilai\Desktop\Project\Project5-NewNet\Nrf51800_W5500网关\Nrf51800_W5500网关\Project\Debug\Obj\mqtt_interface.o
#        C:\Users\qilai\Desktop\Project\Project5-NewNet\Nrf51800_W5500网关\Nrf51800_W5500网关\Project\Debug\Obj\MQTTClient.o
#        C:\Users\qilai\Desktop\Project\Project5-NewNet\Nrf51800_W5500网关\Nrf51800_W5500网关\Project\Debug\Obj\MQTTConnectClient.o
#        C:\Users\qilai\Desktop\Project\Project5-NewNet\Nrf51800_W5500网关\Nrf51800_W5500网关\Project\Debug\Obj\MQTTConnectServer.o
#        C:\Users\qilai\Desktop\Project\Project5-NewNet\Nrf51800_W5500网关\Nrf51800_W5500网关\Project\Debug\Obj\MQTTDeserializePublish.o
#        C:\Users\qilai\Desktop\Project\Project5-NewNet\Nrf51800_W5500网关\Nrf51800_W5500网关\Project\Debug\Obj\MQTTFormat.o
#        C:\Users\qilai\Desktop\Project\Project5-NewNet\Nrf51800_W5500网关\Nrf51800_W5500网关\Project\Debug\Obj\MQTTPacket.o
#        C:\Users\qilai\Desktop\Project\Project5-NewNet\Nrf51800_W5500网关\Nrf51800_W5500网关\Project\Debug\Obj\MQTTSerializePublish.o
#        C:\Users\qilai\Desktop\Project\Project5-NewNet\Nrf51800_W5500网关\Nrf51800_W5500网关\Project\Debug\Obj\MQTTSubscribeClient.o
#        C:\Users\qilai\Desktop\Project\Project5-NewNet\Nrf51800_W5500网关\Nrf51800_W5500网关\Project\Debug\Obj\MQTTSubscribeServer.o
#        C:\Users\qilai\Desktop\Project\Project5-NewNet\Nrf51800_W5500网关\Nrf51800_W5500网关\Project\Debug\Obj\MQTTUnsubscribeClient.o
#        C:\Users\qilai\Desktop\Project\Project5-NewNet\Nrf51800_W5500网关\Nrf51800_W5500网关\Project\Debug\Obj\MQTTUnsubscribeServer.o
#        C:\Users\qilai\Desktop\Project\Project5-NewNet\Nrf51800_W5500网关\Nrf51800_W5500网关\Project\Debug\Obj\mystring.o
#        C:\Users\qilai\Desktop\Project\Project5-NewNet\Nrf51800_W5500网关\Nrf51800_W5500网关\Project\Debug\Obj\NetHandler.o
#        C:\Users\qilai\Desktop\Project\Project5-NewNet\Nrf51800_W5500网关\Nrf51800_W5500网关\Project\Debug\Obj\nrf24l01+.o
#        C:\Users\qilai\Desktop\Project\Project5-NewNet\Nrf51800_W5500网关\Nrf51800_W5500网关\Project\Debug\Obj\nrf_assert.o
#        C:\Users\qilai\Desktop\Project\Project5-NewNet\Nrf51800_W5500网关\Nrf51800_W5500网关\Project\Debug\Obj\nrf_delay.o
#        C:\Users\qilai\Desktop\Project\Project5-NewNet\Nrf51800_W5500网关\Nrf51800_W5500网关\Project\Debug\Obj\nrf_drv_clock.o
#        C:\Users\qilai\Desktop\Project\Project5-NewNet\Nrf51800_W5500网关\Nrf51800_W5500网关\Project\Debug\Obj\nrf_drv_common.o
#        C:\Users\qilai\Desktop\Project\Project5-NewNet\Nrf51800_W5500网关\Nrf51800_W5500网关\Project\Debug\Obj\nrf_drv_spi.o
#        C:\Users\qilai\Desktop\Project\Project5-NewNet\Nrf51800_W5500网关\Nrf51800_W5500网关\Project\Debug\Obj\nrf_drv_wdt.o
#        C:\Users\qilai\Desktop\Project\Project5-NewNet\Nrf51800_W5500网关\Nrf51800_W5500网关\Project\Debug\Obj\nrf_it.o
#        C:\Users\qilai\Desktop\Project\Project5-NewNet\Nrf51800_W5500网关\Nrf51800_W5500网关\Project\Debug\Obj\nrf_nvmc.o
#        C:\Users\qilai\Desktop\Project\Project5-NewNet\Nrf51800_W5500网关\Nrf51800_W5500网关\Project\Debug\Obj\protobuf-c.o
#        C:\Users\qilai\Desktop\Project\Project5-NewNet\Nrf51800_W5500网关\Nrf51800_W5500网关\Project\Debug\Obj\radio_config.o
#        C:\Users\qilai\Desktop\Project\Project5-NewNet\Nrf51800_W5500网关\Nrf51800_W5500网关\Project\Debug\Obj\socket.o
#        C:\Users\qilai\Desktop\Project\Project5-NewNet\Nrf51800_W5500网关\Nrf51800_W5500网关\Project\Debug\Obj\SPI1.o
#        C:\Users\qilai\Desktop\Project\Project5-NewNet\Nrf51800_W5500网关\Nrf51800_W5500网关\Project\Debug\Obj\system_nrf51.o
#        C:\Users\qilai\Desktop\Project\Project5-NewNet\Nrf51800_W5500网关\Nrf51800_W5500网关\Project\Debug\Obj\Uart.o
#        C:\Users\qilai\Desktop\Project\Project5-NewNet\Nrf51800_W5500网关\Nrf51800_W5500网关\Project\Debug\Obj\UserInformation.pb-c.o
#        C:\Users\qilai\Desktop\Project\Project5-NewNet\Nrf51800_W5500网关\Nrf51800_W5500网关\Project\Debug\Obj\w5500.o
#        C:\Users\qilai\Desktop\Project\Project5-NewNet\Nrf51800_W5500网关\Nrf51800_W5500网关\Project\Debug\Obj\wizchip_conf.o
#        C:\Users\qilai\Desktop\Project\Project5-NewNet\Nrf51800_W5500网关\Nrf51800_W5500网关\Project\Debug\Obj\xqueue.o
#        -o
#        C:\Users\qilai\Desktop\Project\Project5-NewNet\Nrf51800_W5500网关\Nrf51800_W5500网关\Project\Debug\Exe\Project.out
#        --map
#        C:\Users\qilai\Desktop\Project\Project5-NewNet\Nrf51800_W5500网关\Nrf51800_W5500网关\Project\Debug\List\Project.map
#        --config "C:\Program Files (x86)\IAR Systems\Embedded Workbench
#        7.3\arm\config\linker\NordicSemi\nRF51822_QFAB.icf" --semihosting
#        --entry __iar_program_start --vfe
#
###############################################################################

*******************************************************************************
*** RUNTIME MODEL ATTRIBUTES
***

CppFlavor                     = *
__Heap_Handler                = DLMalloc
__SystemLibrary               = DLib
__dlib_dynamic_initialization = normal


*******************************************************************************
*** PLACEMENT SUMMARY
***

"A1":  place at 0x00000000 { ro section .intvec };
"P1":  place in [from 0x00000000 to 0x0001ffff] { ro };
"P2":  place in [from 0x20000000 to 0x20003fff] { rw, block CSTACK, block HEAP };

  Section             Kind        Address    Size  Object
  -------             ----        -------    ----  ------
"A1":                                        0xc0
  .intvec             ro code  0x00000000    0xc0  iar_startup_nrf51.o [1]
                             - 0x000000c0    0xc0

"P1":                                      0xbed9
  .text               ro code  0x000000c0  0x168c  dlmalloc.o [3]
  .text               ro code  0x0000174c     0xa  abort.o [3]
  .text               ro code  0x00001756     0xa  xsprout.o [3]
  .text               ro code  0x00001760    0x2c  xgetmemchunk.o [3]
  .text               ro code  0x0000178c    0x5c  ABImemcpy.o [5]
  .text               ro code  0x000017e8    0x14  exit.o [6]
  .text               ro code  0x000017fc  0x12f4  cJSON.o [1]
  .text               ro code  0x00002af0    0x10  strlen.o [5]
  .text               ro code  0x00002b00   0x184  DblMul.o [4]
  .text               ro code  0x00002c84    0x34  I32ToDbl.o [4]
  .text               ro code  0x00002cb8   0x1b4  DblAddSub.o [4]
  .text               ro code  0x00002e6c    0x7c  system_nrf51.o [1]
  .text               ro code  0x00002ee8   0x890  pow.o [4]
  .text               ro code  0x00003778    0x52  DblToI32.o [4]
  .text               ro code  0x000037ca    0x24  DblCmpEq.o [4]
  .text               ro code  0x000037ee    0x32  DblCmpLe.o [4]
  .text               ro code  0x00003820    0x32  DblCmpGe.o [4]
  .text               ro code  0x00003852     0x2  iar_startup_nrf51.o [1]
  .text               ro code  0x00003854    0x38  sprintf.o [3]
  .text               ro code  0x0000388c    0x58  floor.o [4]
  .text               ro code  0x000038e4    0x10  strcpy.o [5]
  .text               ro code  0x000038f4    0x14  strchr.o [5]
  .text               ro code  0x00003908    0x64  ABImemset.o [5]
  .text               ro code  0x0000396c    0x2c  strncmp.o [3]
  .text               ro code  0x00003998    0x12  tolower.o [3]
  .text               ro code  0x000039aa    0x44  xdnorm.o [4]
  .text               ro code  0x000039ee     0x2  iar_startup_nrf51.o [1]
  .text               ro code  0x000039f0    0x8c  xdint.o [4]
  .text               ro code  0x00003a7c    0x10  errno.o [3]
  .text               ro code  0x00003a8c    0xc2  DblDiv.o [4]
  .text               ro code  0x00003b4e     0x2  iar_startup_nrf51.o [1]
  .text               ro code  0x00003b50    0xa4  xlog.o [4]
  .text               ro code  0x00003bf4   0x2b8  xexp.o [4]
  .text               ro code  0x00003eac   0xef2  xprintffull_nomb.o [3]
  .text               ro code  0x00004d9e     0x2  iar_startup_nrf51.o [1]
  .text               ro code  0x00004da0    0x14  setlocale.o [3]
  .text               ro code  0x00004db4     0xc  xlocale_c.o [3]
  .text               ro code  0x00004dc0     0x2  xtls.o [3]
  .text               ro code  0x00004dc2     0x2  iar_startup_nrf51.o [1]
  .text               ro code  0x00004dc4    0x3c  xdtest.o [4]
  .text               ro code  0x00004e00   0x11c  xdscale.o [4]
  .text               ro code  0x00004f1c    0x18  memchr.o [5]
  .text               ro code  0x00004f34    0x6a  I64DivMod.o [5]
  .text               ro code  0x00004f9e    0xe0  I32DivModFast.o [5]
  .text               ro code  0x0000507e     0x2  iar_startup_nrf51.o [1]
  .text               ro code  0x00005080    0x68  localeconv.o [3]
  .text               ro code  0x000050e8    0x20  div.o [3]
  .text               ro code  0x00005108     0x2  I64DivZer.o [5]
  .text               ro code  0x0000510a     0x2  iar_startup_nrf51.o [1]
  .text               ro code  0x0000510c     0x2  IntDivZer.o [5]
  .text               ro code  0x0000510e     0x2  iar_startup_nrf51.o [1]
  .text               ro code  0x00005110   0xe04  NetHandler.o [1]
  .text               ro code  0x00005f14   0x354  hal.o [1]
  .text               ro code  0x00006268   0xc30  dhcp.o [1]
  .text               ro code  0x00006e98   0x5a8  wizchip_conf.o [1]
  .text               ro code  0x00007440   0x3a4  dns.o [1]
  .text               ro code  0x000077e4   0x2c0  w5500.o [1]
  .text               ro code  0x00007aa4    0x24  strncpy.o [5]
  .text               ro code  0x00007ac8   0x100  mqtt_interface.o [1]
  .text               ro code  0x00007bc8   0x63a  MQTTClient.o [1]
  .text               ro code  0x00008202    0x1c  strcat.o [3]
  .text               ro code  0x0000821e     0x2  iar_startup_nrf51.o [1]
  .text               ro code  0x00008220    0x40  nrf_delay.o [1]
  .text               ro code  0x00008260   0x2bc  nrf_drv_spi.o [1]
  .text               ro code  0x0000851c    0x18  app_error.o [1]
  .text               ro code  0x00008534    0x58  nrf_drv_wdt.o [1]
  .text               ro code  0x0000858c    0x3c  vsnprint.o [3]
  .text               ro code  0x000085c8   0x868  socket.o [1]
  .text               ro code  0x00008e30   0x20e  MQTTPacket.o [1]
  .text               ro code  0x0000903e     0x2  iar_startup_nrf51.o [1]
  .text               ro code  0x00009040   0x2ac  MQTTConnectClient.o [1]
  .text               ro code  0x000092ec    0xf8  MQTTDeserializePublish.o [1]
  .text               ro code  0x000093e4   0x13c  MQTTSerializePublish.o [1]
  .text               ro code  0x00009520   0x138  MQTTSubscribeClient.o [1]
  .text               ro code  0x00009658    0x58  nrf_drv_common.o [1]
  .text               ro code  0x000096b0   0x7a0  nrf24l01+.o [1]
  .text               ro code  0x00009e50   0x2ea  SPI1.o [1]
  .text               ro code  0x0000a13a     0x2  iar_startup_nrf51.o [1]
  .rodata             const    0x0000a13c   0x79c  UserInformation.pb-c.o [1]
  .text               ro code  0x0000a8d8   0x66c  app.o [1]
  .text               ro code  0x0000af44   0x2e8  AT_Proc.o [1]
  .text               ro code  0x0000b22c    0xc0  mystring.o [1]
  .text               ro code  0x0000b2ec    0xd8  xqueue.o [1]
  .text               ro code  0x0000b3c4    0x58  Uart.o [1]
  .text               ro code  0x0000b41c    0x38  strstr.o [3]
  .text               ro code  0x0000b454   0x24c  radio_config.o [1]
  .text               ro code  0x0000b6a0   0x1c0  main.o [1]
  .text               ro code  0x0000b860    0x28  memcmp.o [5]
  .text               ro code  0x0000b888   0x174  nrf_it.o [1]
  .text               ro code  0x0000b9fc   0x14c  UserInformation.pb-c.o [1]
  .rodata             const    0x0000bb48   0x134  AT_Proc.o [1]
  .text               ro code  0x0000bc7c    0x7c  lz77_init_single.o [5]
  .text               ro code  0x0000bcf8    0x3c  zero_init3.o [5]
  .text               ro code  0x0000bd34    0x2c  iar_startup_nrf51.o [1]
  .text               ro code  0x0000bd60    0x28  data_init.o [5]
  .iar.init_table     const    0x0000bd88    0x20  - Linker created -
  .text               ro code  0x0000bda8    0x1c  xsnprout.o [3]
  .text               ro code  0x0000bdc4    0x1a  cmain.o [5]
  .text               ro code  0x0000bdde     0x4  low_level_init.o [3]
  .text               ro code  0x0000bde2     0x8  exit.o [3]
  .text               ro code  0x0000bdea     0x2  iar_startup_nrf51.o [1]
  .text               ro code  0x0000bdec     0xa  cexit.o [5]
  .text               ro code  0x0000bdf6     0x2  iar_startup_nrf51.o [1]
  .rodata             const    0x0000bdf8    0x18  xprintffull_nomb.o [3]
  .text               ro code  0x0000be10     0xc  cstartup_M.o [5]
  .text               ro code  0x0000be1c     0x2  iar_startup_nrf51.o [1]
  .text               ro code  0x0000be1e     0x2  iar_startup_nrf51.o [1]
  .text               ro code  0x0000be20     0x2  iar_startup_nrf51.o [1]
  .text               ro code  0x0000be22     0x2  iar_startup_nrf51.o [1]
  .text               ro code  0x0000be24     0x2  iar_startup_nrf51.o [1]
  .text               ro code  0x0000be26     0x2  iar_startup_nrf51.o [1]
  .text               ro code  0x0000be28     0x2  iar_startup_nrf51.o [1]
  .text               ro code  0x0000be2a     0x2  iar_startup_nrf51.o [1]
  .text               ro code  0x0000be2c     0x2  iar_startup_nrf51.o [1]
  .rodata             const    0x0000be30     0x1  protobuf-c.o [1]
  .rodata             const    0x0000be31     0x0  zero_init3.o [5]
  .rodata             const    0x0000be31     0x0  lz77_init_single.o [5]
  Initializer bytes   const    0x0000be31   0x168  <for P2-1>
                             - 0x0000bf99  0xbed9

"P2", part 1 of 3:                         0x12b3
  P2-1                         0x20000000  0x12b3  <Init block>
    .data             inited   0x20000000    0x2c  app.o [1]
    .data             inited   0x2000002c   0x178  AT_Proc.o [1]
    .data             inited   0x200001a4    0xc0  AT_Proc.o [1]
    .data             inited   0x20000264     0xc  cJSON.o [1]
    .data             inited   0x20000270    0x48  dhcp.o [1]
    .data             inited   0x200002b8    0x30  main.o [1]
    .data             inited   0x200002e8     0x8  main.o [1]
    .data             inited   0x200002f0   0x62c  NetHandler.o [1]
    .data             inited   0x2000091c   0x844  NetHandler.o [1]
    .data             inited   0x20001160    0x20  socket.o [1]
    .data             inited   0x20001180     0x4  system_nrf51.o [1]
    .data             inited   0x20001184    0x2c  wizchip_conf.o [1]
    __DLIB_PERTHREAD  inited   0x200011b0     0x4  errno.o [3]
    __DLIB_PERTHREAD  inited   0x200011b4    0x74  setlocale.o [3]
    __DLIB_PERTHREAD  inited   0x20001228    0x88  localeconv.o [3]
    .data             inited   0x200012b0     0x3  nrf24l01+.o [1]
                             - 0x200012b3  0x12b3

"P2", part 2 of 3:                         0x1000
  CSTACK                       0x200012b8   0x800  <Block>
    CSTACK            uninit   0x200012b8   0x800  <Block tail>
  HEAP                         0x20001ab8   0x800  <Block>
    HEAP              uninit   0x20001ab8   0x800  <Block tail>
                             - 0x200022b8  0x1000

"P2", part 3 of 3:                         0x18cc
  .bss                zero     0x200022b8   0x960  nrf24l01+.o [1]
  .bss                zero     0x20002c18   0x874  NetHandler.o [1]
  .bss                zero     0x2000348c   0x204  NetHandler.o [1]
  .bss                zero     0x20003690   0x1d8  dlmalloc.o [3]
  .bss                zero     0x20003868   0x194  NetHandler.o [1]
  .bss                zero     0x200039fc    0xb8  Uart.o [1]
  .bss                zero     0x20003ab4    0x20  nrf24l01+.o [1]
  .bss                zero     0x20003ad4    0x1c  xqueue.o [1]
  .bss                zero     0x20003af0    0x18  nrf_drv_spi.o [1]
  .bss                zero     0x20003b08    0x18  dlmalloc.o [3]
  .bss                zero     0x20003b20    0x15  radio_config.o [1]
  .bss                zero     0x20003b36     0x2  hal.o [1]
  .bss                zero     0x20003b38     0xc  dns.o [1]
  .bss                zero     0x20003b44     0x8  dhcp.o [1]
  .bss                zero     0x20003b4c     0x8  nrf24l01+.o [1]
  .bss                zero     0x20003b54     0x8  nrf_drv_wdt.o [1]
  .bss                zero     0x20003b5c     0x5  wizchip_conf.o [1]
  .bss                zero     0x20003b62     0x2  hal.o [1]
  .bss                zero     0x20003b64     0x4  hal.o [1]
  .bss                zero     0x20003b68     0x4  hal.o [1]
  .bss                zero     0x20003b6c     0x4  mqtt_interface.o [1]
  .bss                zero     0x20003b70     0x4  MQTTPacket.o [1]
  .bss                zero     0x20003b74     0x4  nrf_drv_wdt.o [1]
  .bss                zero     0x20003b78     0x4  xgetmemchunk.o [3]
  .bss                zero     0x20003b7c     0x2  nrf_it.o [1]
  .bss                zero     0x20003b7e     0x1  radio_config.o [1]
  .bss                zero     0x20003b7f     0x1  SPI1.o [1]
  .bss                zero     0x20003b80     0x1  SPI1.o [1]
  .bss                zero     0x20003b81     0x1  SPI1.o [1]
                             - 0x20003b82  0x18ca


*******************************************************************************
*** INIT TABLE
***

          Address     Size
          -------     ----
Zero (__iar_zero_init3)
    1 destination range, total size 0x18ca:
          0x200022b8  0x18ca

Copy/lz77 (__iar_lz77_init_single3)
    1 source range, total size 0x168 (7% of destination):
          0x0000be31   0x168
    1 destination range, total size 0x12b3:
          0x20000000  0x12b3



*******************************************************************************
*** MODULE SUMMARY
***

    Module                    ro code  ro data  rw data
    ------                    -------  -------  -------
C:\Users\qilai\Desktop\Project\Project5-NewNet\Nrf51800_W5500网关\Nrf51800_W5500网关\Project\Debug\Obj: [1]
    AT_Proc.o                     744      351      568
    MQTTClient.o                1 594
    MQTTConnectClient.o           684
    MQTTDeserializePublish.o      248
    MQTTPacket.o                  526                 4
    MQTTSerializePublish.o        316
    MQTTSubscribeClient.o         312
    NetHandler.o                3 588      278    6 780
    SPI1.o                        746                 3
    Uart.o                         88               184
    UserInformation.pb-c.o        332    1 948
    app.o                       1 644        3       44
    app_error.o                    24
    cJSON.o                     4 852                12
    dhcp.o                      3 120        6       80
    dns.o                         932                12
    hal.o                         852                12
    iar_startup_nrf51.o           280
    main.o                        448        4       56
    mqtt_interface.o              256                 4
    mystring.o                    192
    nrf24l01+.o                 1 952        1    2 443
    nrf_delay.o                    64
    nrf_drv_common.o               88
    nrf_drv_spi.o                 700                24
    nrf_drv_wdt.o                  88                12
    nrf_it.o                      372                 2
    protobuf-c.o                             1
    radio_config.o                588                22
    socket.o                    2 152        2       32
    system_nrf51.o                124        1        4
    w5500.o                       704
    wizchip_conf.o              1 448        3       49
    xqueue.o                      216                28
    ---------------------------------------------------
    Total:                     30 274    2 598   10 375

command line: [2]
    ---------------------------------------------------
    Total:

dl6M_tlf.a: [3]
    abort.o                        10
    div.o                          32
    dlmalloc.o                  5 772               496
    errno.o                        16                 4
    exit.o                          8
    localeconv.o                  104       10      136
    low_level_init.o                4
    setlocale.o                    20        9      116
    sprintf.o                      56
    strcat.o                       28
    strncmp.o                      44
    strstr.o                       56
    tolower.o                      18
    vsnprint.o                     60
    xgetmemchunk.o                 44                 4
    xlocale_c.o                    12
    xprintffull_nomb.o          3 826       24
    xsnprout.o                     28
    xsprout.o                      10
    xtls.o                          2
    ---------------------------------------------------
    Total:                     10 150       43      756

m6M_tl.a: [4]
    DblAddSub.o                   436
    DblCmpEq.o                     36
    DblCmpGe.o                     50
    DblCmpLe.o                     50
    DblDiv.o                      194
    DblMul.o                      388
    DblToI32.o                     82
    I32ToDbl.o                     52
    floor.o                        88
    pow.o                       2 192
    xdint.o                       140
    xdnorm.o                       68
    xdscale.o                     284
    xdtest.o                       60
    xexp.o                        696
    xlog.o                        164
    ---------------------------------------------------
    Total:                      4 980

rt6M_tl.a: [5]
    ABImemcpy.o                    92
    ABImemset.o                   100
    I32DivModFast.o               224
    I64DivMod.o                   106
    I64DivZer.o                     2
    IntDivZer.o                     2
    cexit.o                        10
    cmain.o                        26
    cstartup_M.o                   12
    data_init.o                    40
    lz77_init_single.o            124
    memchr.o                       24
    memcmp.o                       40
    strchr.o                       20
    strcpy.o                       16
    strlen.o                       16
    strncpy.o                      36
    zero_init3.o                   60
    ---------------------------------------------------
    Total:                        950

shb_l.a: [6]
    exit.o                         20
    ---------------------------------------------------
    Total:                         20

    Gaps                                     2        2
    Linker created                          32    4 096
-------------------------------------------------------
    Grand Total:               46 374    2 675   15 229


*******************************************************************************
*** ENTRY LIST
***

Entry                      Address   Size  Type      Object
-----                      -------   ----  ----      ------
.iar.init_table$$Base   0x0000bd88          --   Gb  - Linker created -
.iar.init_table$$Limit  0x0000bda8          --   Gb  - Linker created -
?main                   0x0000bdc5         Code  Gb  cmain.o [5]
ADC_val                 0x20000034    0x2  Data  Gb  AT_Proc.o [1]
ADDR_Save_Data          0x200012b0    0x1  Data  Gb  nrf24l01+.o [1]
ATCmds                  0x200001a4   0xc0  Data  Gb  AT_Proc.o [1]
ATCurrentCmdNum         0x20000030    0x1  Data  Gb  AT_Proc.o [1]
ATNextCmdNum            0x2000002f    0x1  Data  Gb  AT_Proc.o [1]
ATRec                   0x0000b015   0x3c  Code  Gb  AT_Proc.o [1]
ATRecCmdNum             0x2000002d    0x1  Data  Lc  AT_Proc.o [1]
ATSend                  0x0000af45   0x6a  Code  Gb  AT_Proc.o [1]
CSQ_buffer              0x200001a0    0x4  Data  Gb  AT_Proc.o [1]
CSTACK$$Base            0x200012b8          --   Gb  - Linker created -
CSTACK$$Limit           0x20001ab8          --   Gb  - Linker created -
Clear_Buffer_TimeOutTask
                        0x00009abd   0x6a  Code  Gb  nrf24l01+.o [1]
CompareTime             0x0000b1d1   0x1e  Code  Gb  AT_Proc.o [1]
ConnectNetwork          0x00007b8f   0x24  Code  Gb  mqtt_interface.o [1]
Creat_json_MQTT_SendData
                        0x00005b1d   0xf6  Code  Gb  NetHandler.o [1]
CurrentRty              0x2000002c    0x1  Data  Lc  AT_Proc.o [1]
DHCP_CHADDR             0x20000270    0x8  Data  Gb  dhcp.o [1]
DHCP_REAL_SIP           0x2000027c    0x4  Data  Gb  dhcp.o [1]
DHCP_SIP                0x20000278    0x4  Data  Gb  dhcp.o [1]
DHCP_SOCKET             0x2000028c    0x1  Data  Gb  dhcp.o [1]
DHCP_XID                0x200002a4    0x4  Data  Gb  dhcp.o [1]
DHCP_allocated_dns      0x20003b48    0x4  Data  Gb  dhcp.o [1]
DHCP_allocated_gw       0x20000288    0x4  Data  Gb  dhcp.o [1]
DHCP_allocated_ip       0x20000284    0x4  Data  Gb  dhcp.o [1]
DHCP_allocated_sn       0x20003b44    0x4  Data  Gb  dhcp.o [1]
DHCP_init               0x00006d95   0x78  Code  Gb  dhcp.o [1]
DHCP_proc               0x00005331   0x6c  Code  Gb  NetHandler.o [1]
DHCP_run                0x00006b95  0x178  Code  Gb  dhcp.o [1]
DHCP_stop               0x00006d0d   0x10  Code  Gb  dhcp.o [1]
DHCP_time_handler       0x00006e0d    0xa  Code  Gb  dhcp.o [1]
DNS_Analyse             0x000053b1   0x5c  Code  Gb  NetHandler.o [1]
DNS_MSGID               0x20003b3a    0x2  Data  Gb  dns.o [1]
DNS_SOCKET              0x20003b38    0x1  Data  Gb  dns.o [1]
DNS_init                0x0000772f    0xc  Code  Gb  dns.o [1]
DNS_run                 0x0000773b   0x96  Code  Gb  dns.o [1]
DNS_time_handler        0x000077d1    0xa  Code  Gb  dns.o [1]
DataRiver               0x20003868  0x194  Data  Gb  NetHandler.o [1]
DataToSendBuffer        0x200022b8  0x960  Data  Gb  nrf24l01+.o [1]
Find_string             0x0000b289   0x4a  Code  Gb  mystring.o [1]
GPIOTE_IRQHandler       0x0000b889   0x52  Code  Gb  nrf_it.o [1]
GPIO_Spi_init           0x00009e51   0x72  Code  Gb  SPI1.o [1]
GetSystemNowtime        0x000060f9    0x6  Code  Gb  hal.o [1]
HEAP$$Base              0x20001ab8          --   Gb  - Linker created -
HEAP$$Limit             0x200022b8          --   Gb  - Linker created -
HOST_NAME               0x20000290    0x8  Data  Gb  dhcp.o [1]
HeartBeat_lenght        0x2000035c    0x4  Data  Gb  NetHandler.o [1]
HexToStr                0x00009a7d   0x3c  Code  Gb  nrf24l01+.o [1]
IRQ_Flag0               0x20003b7f    0x1  Data  Gb  SPI1.o [1]
IRQ_Flag1               0x20003b80    0x1  Data  Gb  SPI1.o [1]
IRQ_Flag2               0x20003b81    0x1  Data  Gb  SPI1.o [1]
IR_SendByte             0x00006139   0x34  Code  Gb  hal.o [1]
IR_SendData             0x000061e1   0x16  Code  Gb  hal.o [1]
LoadInt                 0x00004467   0x68  Code  Lc  xprintffull_nomb.o [3]
LongIntToStr            0x0000b22d   0x58  Code  Gb  mystring.o [1]
LoopEvents              0x20000002    0x2  Data  Gb  app.o [1]
LoopEventstmp           0x20000004    0x2  Data  Gb  app.o [1]
LoopTimeEvents          0x20000006    0x2  Data  Lc  app.o [1]
LoopTimeEventstmp       0x20000008    0x2  Data  Lc  app.o [1]
MQTTClientInit          0x00007c13   0x32  Code  Gb  MQTTClient.o [1]
MQTTConnect             0x00007f29   0xa8  Code  Gb  MQTTClient.o [1]
MQTTDeserialize_ack     0x00009385   0x58  Code  Gb  MQTTDeserializePublish.o [1]
MQTTDeserialize_connack
                        0x00009219   0x6e  Code  Gb  MQTTConnectClient.o [1]
MQTTDeserialize_publish
                        0x000092ed   0x98  Code  Gb  MQTTDeserializePublish.o [1]
MQTTDeserialize_suback  0x000095c9   0x86  Code  Gb  MQTTSubscribeClient.o [1]
MQTTPacket_decode       0x00008e5b   0x3a  Code  Gb  MQTTPacket.o [1]
MQTTPacket_decodeBuf    0x00008ed9    0xe  Code  Gb  MQTTPacket.o [1]
MQTTPacket_encode       0x00008e31   0x2a  Code  Gb  MQTTPacket.o [1]
MQTTPacket_equals       0x00009003   0x3a  Code  Gb  MQTTPacket.o [1]
MQTTPacket_len          0x00008e95   0x24  Code  Gb  MQTTPacket.o [1]
MQTTPublish             0x00008113   0xf0  Code  Gb  MQTTClient.o [1]
MQTTSerialize_ack       0x000094a9   0x6e  Code  Gb  MQTTSerializePublish.o [1]
MQTTSerialize_connect   0x000090c1  0x156  Code  Gb  MQTTConnectClient.o [1]
MQTTSerialize_connectLength
                        0x00009041   0x7e  Code  Gb  MQTTConnectClient.o [1]
MQTTSerialize_pingreq   0x000092a1   0x28  Code  Gb  MQTTConnectClient.o [1]
MQTTSerialize_publish   0x0000940d   0x9a  Code  Gb  MQTTSerializePublish.o [1]
MQTTSerialize_publishLength
                        0x000093e5   0x26  Code  Gb  MQTTSerializePublish.o [1]
MQTTSerialize_subscribe
                        0x00009541   0x88  Code  Gb  MQTTSubscribeClient.o [1]
MQTTSerialize_subscribeLength
                        0x00009521   0x1e  Code  Gb  MQTTSubscribeClient.o [1]
MQTTSubscribe           0x00008029   0xea  Code  Gb  MQTTClient.o [1]
MQTTYield               0x00007efd   0x2c  Code  Gb  MQTTClient.o [1]
MQTT_Count_SendTimes    0x2000000c    0x4  Data  Gb  app.o [1]
MQTT_HeartBeat          0x00005cd9   0x7e  Code  Gb  NetHandler.o [1]
MQTT_Init               0x000058d1  0x110  Code  Gb  NetHandler.o [1]
MQTT_Relay_AlarmCount   0x20000010    0x4  Data  Gb  app.o [1]
MQTT_Relay_AlarmCount_flag
                        0x20000000    0x1  Data  Gb  app.o [1]
MQTT_Resv_Alarm         0x20000301    0x1  Data  Gb  NetHandler.o [1]
MQTT_Resv_AlarmData     0x20000358    0x4  Data  Gb  NetHandler.o [1]
MQTT_Resv_AlarmTime     0x20000304    0x1  Data  Gb  NetHandler.o [1]
MQTT_Resv_Channel       0x20000305    0x1  Data  Gb  NetHandler.o [1]
MQTT_Resv_Cycle         0x20000303    0x1  Data  Gb  NetHandler.o [1]
MQTT_Resv_Read_data     0x20000302    0x1  Data  Gb  NetHandler.o [1]
MQTT_Resv_SensorCycle   0x20000307    0x1  Data  Gb  NetHandler.o [1]
MQTT_Resv_SensorNum     0x20000306    0x1  Data  Gb  NetHandler.o [1]
MQTT_SendData           0x00005d59   0xc2  Code  Gb  NetHandler.o [1]
MQTT_Working            0x00005e1b   0x18  Code  Gb  NetHandler.o [1]
MQTTstrlen              0x00008ff3   0x10  Code  Gb  MQTTPacket.o [1]
MilliTimer              0x20003b6c    0x4  Data  Gb  mqtt_interface.o [1]
MilliTimer_Handler      0x00007ac9    0xa  Code  Gb  mqtt_interface.o [1]
NB_Init                 0x0000b05d   0x3e  Code  Gb  AT_Proc.o [1]
NB_SendDataBuff         0x20000040  0x160  Data  Gb  AT_Proc.o [1]
NB_TaskStatus           0x2000002e    0x1  Data  Gb  AT_Proc.o [1]
NB_Work                 0x0000b09b   0x1c  Code  Gb  AT_Proc.o [1]
NB_reset_time           0x20000032    0x1  Data  Gb  AT_Proc.o [1]
NRF_Data_Poll           0x00009b29   0x6c  Code  Gb  nrf24l01+.o [1]
NRF_Data_Poll_1         0x20002c18  0x874  Data  Gb  NetHandler.o [1]
NVIC_SetPriority        0x00005f15   0x34  Code  Lc  hal.o [1]
NetworkInitHandler      0x000054a1   0xea  Code  Gb  NetHandler.o [1]
NewNetwork              0x00007b0f   0x10  Code  Gb  mqtt_interface.o [1]
NewTime                 0x200002bc    0x4  Data  Gb  main.o [1]
OLD_allocated_ip        0x20000280    0x4  Data  Gb  dhcp.o [1]
PHY_Status              0x200002e8    0x8  Data  Gb  main.o [1]
RADIO_DATA_LIST_HEAD    0x20003ad4   0x1c  Data  Gb  xqueue.o [1]
RADIO_IRQHandler        0x0000b5d1   0x76  Code  Gb  radio_config.o [1]
Read_ID                 0x200002d0   0x10  Data  Gb  main.o [1]
Rec_WaitAT              0x0000b0dd   0xd2  Code  Gb  AT_Proc.o [1]
RecivePkg               0x2000348c  0x204  Data  Gb  NetHandler.o [1]
Region$$Table$$Base     0x0000bd88          --   Gb  - Linker created -
Region$$Table$$Limit    0x0000bda8          --   Gb  - Linker created -
SPI0_TWI0_IRQHandler    0x000084c9   0x2e  Code  Gb  nrf_drv_spi.o [1]
SPI_CS_Deselect         0x0000512b    0xa  Code  Gb  NetHandler.o [1]
SPI_CS_Select           0x00005121    0xa  Code  Gb  NetHandler.o [1]
SPI_CrisEnter           0x00005111    0x8  Code  Gb  NetHandler.o [1]
SPI_CrisExit            0x00005119    0x8  Code  Gb  NetHandler.o [1]
SPI_ReadByte            0x00006221   0x2a  Code  Gb  hal.o [1]
SPI_WriteByte           0x000061f9   0x26  Code  Gb  hal.o [1]
SendBuffer              0x20000398  0x4b0  Data  Gb  NetHandler.o [1]
SendData_lenght         0x20000360    0x4  Data  Gb  NetHandler.o [1]
SensorNum               0x20000300    0x1  Data  Gb  NetHandler.o [1]
SoftTimeingLoopEvent    0x0000ac0d   0x6c  Code  Gb  app.o [1]
SoftWareEventInLoop     0x0000a91d  0x128  Code  Gb  app.o [1]
SoftWareInit            0x0000a8d9   0x1a  Code  Gb  app.o [1]
SoftWareTimeingEventInLoop
                        0x0000aaa9  0x15a  Code  Gb  app.o [1]
SubTopic                0x2000087c   0x34  Data  Gb  NetHandler.o [1]
SystemCoreClock         0x20001180    0x4  Data  Gb  system_nrf51.o [1]
SystemInit              0x00002e6d   0x66  Code  Gb  system_nrf51.o [1]
SystemNowtime           0x20003b64    0x4  Data  Gb  hal.o [1]
TIMER0_IRQHandler       0x0000b8db   0x2a  Code  Gb  nrf_it.o [1]
TIMER1_IRQHandler       0x0000b905   0x3a  Code  Gb  nrf_it.o [1]
TIMER2_IRQHandler       0x0000b93f   0x66  Code  Gb  nrf_it.o [1]
Temp_Data               0x20003b4c    0x8  Data  Gb  nrf24l01+.o [1]
TimeNB                  0x20000038    0x8  Data  Lc  AT_Proc.o [1]
TimerCountdown          0x00007aef   0x10  Code  Gb  mqtt_interface.o [1]
TimerCountdownMS        0x00007ae5    0xa  Code  Gb  mqtt_interface.o [1]
TimerInit               0x00007ad3    0x6  Code  Gb  mqtt_interface.o [1]
TimerIsExpired          0x00007ad9    0xc  Code  Gb  mqtt_interface.o [1]
TimerLeftMS             0x00007aff   0x10  Code  Gb  mqtt_interface.o [1]
Topic                   0x20000848   0x34  Data  Gb  NetHandler.o [1]
UART0_IRQHandler        0x0000b3e1   0x2e  Code  Gb  Uart.o [1]
UART_Printf             0x000060b1   0x28  Code  Gb  hal.o [1]
Uart_SendStr            0x000060d9   0x20  Code  Gb  hal.o [1]
Unpack_json_MQTT_ResvData
                        0x000055f1  0x152  Code  Gb  NetHandler.o [1]
W5500_Diver_Test        0x0000b789   0x46  Code  Gb  main.o [1]
WDT_IRQHandler          0x00008535   0x1a  Code  Gb  nrf_drv_wdt.o [1]
WIZCHIP                 0x20001184   0x2c  Data  Gb  wizchip_conf.o [1]
WIZCHIP_READ            0x000077e5   0x54  Code  Gb  w5500.o [1]
WIZCHIP_READ_BUF        0x0000788d   0x68  Code  Gb  w5500.o [1]
WIZCHIP_WRITE           0x00007839   0x54  Code  Gb  w5500.o [1]
WIZCHIP_WRITE_BUF       0x000078f5   0x72  Code  Gb  w5500.o [1]
_DHCP_                  0x20003b60    0x1  Data  Lc  wizchip_conf.o [1]
_DNS_                   0x20003b5c    0x4  Data  Lc  wizchip_conf.o [1]
_GenldFullNoMb          0x00004a99  0x2d2  Code  Lc  xprintffull_nomb.o [3]
_IsdstStr               0x200011b8    0x4  Data  Gb  setlocale.o [3]
_LdtobFullNoMb          0x00004601  0x484  Code  Lc  xprintffull_nomb.o [3]
_LitobFullNoMb          0x000044cf  0x12e  Code  Lc  xprintffull_nomb.o [3]
_LocaleC_tolower        0x00004db5    0xc  Code  Gb  xlocale_c.o [3]
_LocaleForCat           0x00004da1   0x10  Code  Gb  setlocale.o [3]
_LocaleReturnString     0x200011d8   0x50  Data  Lc  setlocale.o [3]
_Locale_Profile         0x200011bc   0x1c  Data  Gb  setlocale.o [3]
_Locale_aeabi_lconv     0x20001278   0x38  Data  Gb  localeconv.o [3]
_Locale_lconv           0x20001228   0x50  Data  Gb  localeconv.o [3]
_PrintfFullNoMb         0x00003ead  0x5ba  Code  Gb  xprintffull_nomb.o [3]
_PutcharsFullNoMb       0x00004d6f   0x30  Code  Lc  xprintffull_nomb.o [3]
_SNProut                0x0000bda9   0x1c  Code  Gb  xsnprout.o [3]
_SProut                 0x00001757    0xa  Code  Gb  xsprout.o [3]
_TzoneStr               0x200011b4    0x4  Data  Gb  setlocale.o [3]
__Vectors               0x00000000          --   Gb  iar_startup_nrf51.o [1]
__Vectors_End           0x000000c0         Data  Gb  iar_startup_nrf51.o [1]
__Vectors_Size {Abs}    0x000000c0          --   Gb  iar_startup_nrf51.o [1]
__aeabi_cdcmpeq         0x000037cb         Code  Gb  DblCmpEq.o [4]
__aeabi_cdcmple         0x000037ef         Code  Gb  DblCmpLe.o [4]
__aeabi_cdrcmple        0x00003821         Code  Gb  DblCmpGe.o [4]
__aeabi_d2iz            0x00003779         Code  Gb  DblToI32.o [4]
__aeabi_d2uiz           0x0000379d         Code  Gb  DblToI32.o [4]
__aeabi_dadd            0x00002cb9         Code  Gb  DblAddSub.o [4]
__aeabi_ddiv            0x00003a8d         Code  Gb  DblDiv.o [4]
__aeabi_dmul            0x00002b01         Code  Gb  DblMul.o [4]
__aeabi_dsub            0x00002d7f         Code  Gb  DblAddSub.o [4]
__aeabi_errno_addr      0x00003a7d    0xa  Code  Gb  errno.o [3]
__aeabi_i2d             0x00002c85         Code  Gb  I32ToDbl.o [4]
__aeabi_idiv            0x00004fcb         Code  Gb  I32DivModFast.o [5]
__aeabi_idiv0           0x0000510d         Code  Gb  IntDivZer.o [5]
__aeabi_idivmod         0x00004fcb         Code  Gb  I32DivModFast.o [5]
__aeabi_ldiv0           0x00005109         Code  Gb  I64DivZer.o [5]
__aeabi_memclr          0x00003965         Code  Gb  ABImemset.o [5]
__aeabi_memclr4         0x00003969         Code  Gb  ABImemset.o [5]
__aeabi_memclr8         0x00003969         Code  Gb  ABImemset.o [5]
__aeabi_memcpy          0x0000178d         Code  Gb  ABImemcpy.o [5]
__aeabi_memcpy4         0x000017b5         Code  Wk  ABImemcpy.o [5]
__aeabi_memset          0x00003909         Code  Gb  ABImemset.o [5]
__aeabi_memset4         0x00003929         Code  Gb  ABImemset.o [5]
__aeabi_memset8         0x00003929         Code  Gb  ABImemset.o [5]
__aeabi_ui2d            0x00002c99         Code  Gb  I32ToDbl.o [4]
__aeabi_uidiv           0x00004fd1         Code  Gb  I32DivModFast.o [5]
__aeabi_uidivmod        0x00004fd1         Code  Gb  I32DivModFast.o [5]
__aeabi_uldivmod        0x00004f35         Code  Gb  I64DivMod.o [5]
__cmain                 0x0000bdc5         Code  Gb  cmain.o [5]
__data_GetMemChunk      0x00001761   0x2c  Code  Gb  xgetmemchunk.o [3]
__exit                  0x000017e9   0x14  Code  Gb  exit.o [6]
__iar_Dint              0x000039f1   0x8c  Code  Gb  xdint.o [4]
__iar_Dnorm             0x000039ab   0x44  Code  Gb  xdnorm.o [4]
__iar_Dscale            0x00004e01  0x11c  Code  Gb  xdscale.o [4]
__iar_Dtest             0x00004dc5   0x3c  Code  Gb  xdtest.o [4]
__iar_Errno             0x200011b0    0x4  Data  Gb  errno.o [3]
__iar_Exp               0x00003bf5  0x2b8  Code  Gb  xexp.o [4]
__iar_Locale_lconv_init
                        0x00005081   0x32  Code  Gb  localeconv.o [3]
__iar_Logpoly           0x00003b51   0x6c  Code  Gb  xlog.o [4]
__iar_Memchr            0x00004f1d   0x18  Code  Gb  memchr.o [5]
__iar_Memset4_word      0x00003935         Code  Gb  ABImemset.o [5]
__iar_Memset_word       0x00003915         Code  Gb  ABImemset.o [5]
__iar_Strchr            0x000038f5   0x14  Code  Gb  strchr.o [5]
__iar_Strstr            0x0000b41d   0x38  Code  Gb  strstr.o [3]
__iar_d2uiz             0x000037a1         Code  Gb  DblToI32.o [4]
__iar_data_init3        0x0000bd61   0x28  Code  Gb  data_init.o [5]
__iar_dlfree            0x000011c1  0x584  Code  Gb  dlmalloc.o [3]
__iar_dlib_perthread_access
                        0x00004dc1    0x2  Code  Gb  xtls.o [3]
__iar_dlmalloc          0x00000ec3  0x2f8  Code  Gb  dlmalloc.o [3]
__iar_floor             0x0000388d         Code  Gb  floor.o [4]
__iar_floorl            0x0000388d         Code  Gb  floor.o [4]
__iar_lz77_init_single3
                        0x0000bc7d   0x7c  Code  Gb  lz77_init_single.o [5]
__iar_program_start     0x0000be11         Code  Gb  cstartup_M.o [5]
__iar_ui2d              0x00002c9d         Code  Gb  I32ToDbl.o [4]
__iar_zero_init3        0x0000bcf9   0x3c  Code  Gb  zero_init3.o [5]
__low_level_init        0x0000bddf    0x4  Code  Gb  low_level_init.o [3]
__vector_table          0x00000000         Data  Gb  iar_startup_nrf51.o [1]
_call_main              0x0000bdd1         Code  Gb  cmain.o [5]
_exit                   0x0000bded         Code  Gb  cexit.o [5]
_gm_                    0x20003690  0x1d8  Data  Lc  dlmalloc.o [3]
_main                   0x0000bddb         Code  Gb  cmain.o [5]
abort                   0x0000174d    0xa  Code  Gb  abort.o [3]
app_error_handler       0x0000851d   0x18  Code  Wk  app_error.o [1]
bufchar                 0x00008eb9   0x20  Code  Gb  MQTTPacket.o [1]
bufptr                  0x20003b70    0x4  Data  Lc  MQTTPacket.o [1]
cJSON_AddItemToArray    0x00002a2f   0x1c  Code  Gb  cJSON.o [1]
cJSON_AddItemToObject   0x00002a4b   0x28  Code  Gb  cJSON.o [1]
cJSON_CreateNumber      0x00002a79   0x30  Code  Gb  cJSON.o [1]
cJSON_CreateObject      0x00002acf   0x1c  Code  Gb  cJSON.o [1]
cJSON_CreateString      0x00002aa9   0x26  Code  Gb  cJSON.o [1]
cJSON_Delete            0x00001829   0x52  Code  Gb  cJSON.o [1]
cJSON_GetErrorPtr       0x000017fd    0x6  Code  Gb  cJSON.o [1]
cJSON_GetObjectItem     0x000029e1   0x4e  Code  Gb  cJSON.o [1]
cJSON_Parse             0x00001f99    0xc  Code  Gb  cJSON.o [1]
cJSON_ParseWithOpts     0x00001f15   0x7e  Code  Gb  cJSON.o [1]
cJSON_Print             0x00001fa5    0xe  Code  Gb  cJSON.o [1]
cJSON_free              0x2000026c    0x4  Data  Lc  cJSON.o [1]
cJSON_malloc            0x20000268    0x4  Data  Lc  cJSON.o [1]
cJSON_strdup            0x00001803   0x26  Code  Lc  cJSON.o [1]
cardInfo_p              0x20000364   0x28  Data  Gb  NetHandler.o [1]
card__descriptor        0x0000ba64   0x3c  Data  Gb  UserInformation.pb-c.o [1]
card__field_descriptors
                        0x0000a29c  0x344  Data  Lc  UserInformation.pb-c.o [1]
card__field_indices_by_name
                        0x0000a5e0   0x4c  Data  Lc  UserInformation.pb-c.o [1]
card__init              0x0000b9fd    0xe  Code  Gb  UserInformation.pb-c.o [1]
card__number_ranges     0x0000a62c   0x10  Data  Lc  UserInformation.pb-c.o [1]
check_DHCP_timeout      0x00006d1d   0x72  Code  Gb  dhcp.o [1]
clearUart               0x0000b3c5   0x1c  Code  Gb  Uart.o [1]
close                   0x000086db   0x66  Code  Gb  socket.o [1]
closed_time             0x20003b7c    0x2  Data  Gb  nrf_it.o [1]
comCRC8                 0x00006255   0x14  Code  Gb  hal.o [1]
comCalCRC               0x0000a125   0x16  Code  Gb  SPI1.o [1]
connect                 0x00008741  0x100  Code  Gb  socket.o [1]
count_number_in_double_link
                        0x0000b3b3   0x12  Code  Gb  xqueue.o [1]
create_double_link_node
                        0x0000b2fb   0x30  Code  Gb  xqueue.o [1]
create_list_head        0x0000b2ed    0xe  Code  Gb  xqueue.o [1]
ctlnetwork              0x00007059   0x7c  Code  Gb  wizchip_conf.o [1]
ctlwizchip              0x00006f09  0x132  Code  Gb  wizchip_conf.o [1]
cycle                   0x00007e0f   0xee  Code  Gb  MQTTClient.o [1]
default_ip_assign       0x00006269   0x2c  Code  Gb  dhcp.o [1]
default_ip_conflict     0x000062db   0x1e  Code  Gb  dhcp.o [1]
default_ip_update       0x00006295   0x46  Code  Gb  dhcp.o [1]
delayTicks              0x20003b36    0x2  Data  Gb  hal.o [1]
delay_ms                0x00006091   0x20  Code  Gb  hal.o [1]
delay_us_Ticks          0x20003b62    0x2  Data  Gb  hal.o [1]
deliverMessage          0x00007cf9   0xbc  Code  Gb  MQTTClient.o [1]
dhcp_ip_assign          0x200002ac    0x4  Data  Gb  dhcp.o [1]
dhcp_ip_conflict        0x200002b4    0x4  Data  Gb  dhcp.o [1]
dhcp_ip_update          0x200002b0    0x4  Data  Gb  dhcp.o [1]
dhcp_lease_time         0x20000298    0x4  Data  Gb  dhcp.o [1]
dhcp_retry_count        0x2000028e    0x1  Data  Gb  dhcp.o [1]
dhcp_state              0x2000028d    0x1  Data  Gb  dhcp.o [1]
dhcp_tick_1s            0x2000029c    0x4  Data  Gb  dhcp.o [1]
dhcp_tick_next          0x200002a0    0x4  Data  Gb  dhcp.o [1]
disconnect              0x00008841   0x8a  Code  Gb  socket.o [1]
div                     0x000050e9   0x20  Code  Gb  div.o [3]
dns_1s_tick             0x20003b40    0x4  Data  Gb  dns.o [1]
dns_answer              0x000074bb   0xc6  Code  Gb  dns.o [1]
dns_makequery           0x00007667   0xc8  Code  Gb  dns.o [1]
domain_ip               0x20000934    0x4  Data  Gb  NetHandler.o [1]
domain_name             0x2000094c   0x14  Data  Gb  NetHandler.o [1]
dstAddr                 0x00009a74    0x8  Data  Gb  nrf24l01+.o [1]
ensure                  0x000019bb   0x6a  Code  Lc  cJSON.o [1]
ep                      0x20000264    0x4  Data  Lc  cJSON.o [1]
exit                    0x0000bde3    0x8  Code  Gb  exit.o [3]
find_data_in_double_link
                        0x0000b32b   0x32  Code  Gb  xqueue.o [1]
find_string_flag        0x20000031    0x1  Data  Gb  AT_Proc.o [1]
firstByteMark           0x00001d9c    0x8  Data  Lc  cJSON.o [1]
floor                   0x0000388d         Code  Gb  floor.o [4]
floorl                  0x0000388d         Code  Gb  floor.o [4]
gDATABUF                0x20000960  0x800  Data  Gb  NetHandler.o [1]
gWIZNETINFO             0x2000091c   0x18  Data  Gb  NetHandler.o [1]
getDHCPLeasetime        0x00006e6d    0x6  Code  Gb  dhcp.o [1]
getDNSfromDHCP          0x00006e59   0x14  Code  Gb  dhcp.o [1]
getGWfromDHCP           0x00006e2b   0x14  Code  Gb  dhcp.o [1]
getIPfromDHCP           0x00006e17   0x14  Code  Gb  dhcp.o [1]
getSNfromDHCP           0x00006e45   0x14  Code  Gb  dhcp.o [1]
getSn_RX_RSR            0x00007975    0xc  Code  Gb  w5500.o [1]
getSn_TX_FSR            0x00007967    0xe  Code  Gb  w5500.o [1]
halInit                 0x00005f55  0x12a  Code  Gb  hal.o [1]
halSpiReadBuf           0x00009f27   0x74  Code  Gb  SPI1.o [1]
halSpiReadBuf_2         0x0000a0b5   0x34  Code  Gb  SPI1.o [1]
halSpiReadByte          0x00009eff   0x28  Code  Gb  SPI1.o [1]
halSpiReadByte_2        0x0000a083   0x32  Code  Gb  SPI1.o [1]
halSpiReadWriteByte     0x00009ec3   0x3c  Code  Gb  SPI1.o [1]
halSpiWriteBuf          0x00009fcb   0x40  Code  Gb  SPI1.o [1]
halSpiWriteBuf_2        0x0000a049   0x3a  Code  Gb  SPI1.o [1]
halSpiWriteByte         0x00009f9b   0x30  Code  Gb  SPI1.o [1]
halSpiWriteByte_2       0x0000a00b   0x3e  Code  Gb  SPI1.o [1]
heartbeat               0x2000030c   0x34  Data  Gb  NetHandler.o [1]
heartbeat__descriptor   0x0000a89c   0x3c  Data  Gb  UserInformation.pb-c.o [1]
heartbeat__field_descriptors
                        0x0000a6ac  0x1b8  Data  Lc  UserInformation.pb-c.o [1]
heartbeat__field_indices_by_name
                        0x0000a864   0x28  Data  Lc  UserInformation.pb-c.o [1]
heartbeat__init         0x0000bb05    0xe  Code  Gb  UserInformation.pb-c.o [1]
heartbeat__number_ranges
                        0x0000a88c   0x10  Data  Lc  UserInformation.pb-c.o [1]
id                      0x200002e0    0x8  Data  Gb  main.o [1]
init_mparams            0x000000dd   0x2a  Code  Lc  dlmalloc.o [3]
init_top                0x00000107   0x3a  Code  Lc  dlmalloc.o [3]
insert_data_into_double_link
                        0x0000b35d   0x56  Code  Gb  xqueue.o [1]
internal_Pow            0x00002ee9  0x434  Code  Lc  pow.o [4]
keepalive               0x00007db5   0x5a  Code  Gb  MQTTClient.o [1]
lnbias                  0x00003358  0x420  Data  Lc  pow.o [4]
localeconv              0x000050b3   0x18  Code  Gb  localeconv.o [3]
m_DEVICE_ID             0x200002b8    0x2  Data  Gb  main.o [1]
m_alloc_index           0x20003b74    0x4  Data  Lc  nrf_drv_wdt.o [1]
m_cb                    0x20003af0   0x18  Data  Lc  nrf_drv_spi.o [1]
m_default_config        0x0000850c   0x10  Data  Lc  nrf_drv_spi.o [1]
m_radio_states          0x20003b7e    0x1  Data  Gb  radio_config.o [1]
m_spi_master_0          0x0000624c    0x8  Data  Lc  hal.o [1]
m_state                 0x20003b54    0x1  Data  Lc  nrf_drv_wdt.o [1]
m_wdt_event_handler     0x20003b58    0x4  Data  Lc  nrf_drv_wdt.o [1]
main                    0x0000b6a1   0xe8  Code  Gb  main.o [1]
makeDHCPMSG             0x0000631f  0x100  Code  Gb  dhcp.o [1]
memcmp                  0x0000b861   0x28  Code  Gb  memcmp.o [5]
memsize                 0x2000093c   0x10  Data  Gb  NetHandler.o [1]
messageArrived          0x00005865   0x50  Code  Gb  NetHandler.o [1]
mparams                 0x20003b08   0x18  Data  Lc  dlmalloc.o [3]
mqtt_msg                0x200002f0   0x10  Data  Gb  NetHandler.o [1]
mqttclient              0x200008b0   0x5c  Data  Gb  NetHandler.o [1]
my_ip_assign            0x00005159   0x3c  Code  Lc  NetHandler.o [1]
my_ip_conflict          0x00005135    0xc  Code  Lc  NetHandler.o [1]
nRF24L01_2_Check        0x000098ed   0x4a  Code  Gb  nrf24l01+.o [1]
nRF24L01_2_EnterRxMode  0x000099dd   0x64  Code  Gb  nrf24l01+.o [1]
nRF24L01_2_IRQ          0x00009c59   0xb6  Code  Gb  nrf24l01+.o [1]
nRF24L01_2_Init         0x000097bd   0xda  Code  Gb  nrf24l01+.o [1]
nRF24L01_Check          0x00009899   0x4a  Code  Gb  nrf24l01+.o [1]
nRF24L01_EnterRxMode    0x00009941   0x64  Code  Gb  nrf24l01+.o [1]
nRF24L01_IRQ            0x00009b99   0xba  Code  Gb  nrf24l01+.o [1]
nRF24L01_Init           0x000096b1   0xe4  Code  Gb  nrf24l01+.o [1]
network                 0x2000090c   0x10  Data  Gb  NetHandler.o [1]
network_init            0x000051b5   0x9e  Code  Gb  NetHandler.o [1]
nrf_delay_ms            0x0000823f   0x1c  Code  Gb  nrf_delay.o [1]
nrf_delay_us            0x00008221   0x1e  Code  Lc  nrf_delay.o [1]
nrf_drv_common_irq_enable
                        0x00009659   0x58  Code  Gb  nrf_drv_common.o [1]
nrf_drv_spi_init        0x00008261  0x124  Code  Gb  nrf_drv_spi.o [1]
nrf_drv_spi_transfer    0x000083db   0xee  Code  Gb  nrf_drv_spi.o [1]
nrf_drv_wdt_feed        0x00008551   0x22  Code  Gb  nrf_drv_wdt.o [1]
nrf_gpio_cfg_output     0x00005f49    0xa  Code  Lc  hal.o [1]
nrf_timer_delay_ms      0x000060ff   0x32  Code  Gb  hal.o [1]
num                     0x20003b34    0x1  Data  Gb  radio_config.o [1]
pDHCPMSG                0x200002a8    0x4  Data  Gb  dhcp.o [1]
pDNSMSG                 0x20003b3c    0x4  Data  Gb  dns.o [1]
packet                  0x20003b20   0x14  Data  Gb  radio_config.o [1]
parseDHCPMSG            0x000069fd  0x192  Code  Gb  dhcp.o [1]
parseDNSMSG             0x00007581   0xe6  Code  Gb  dns.o [1]
parse_hex4              0x00001b79   0xa8  Code  Lc  cJSON.o [1]
parse_name              0x00007441   0x7a  Code  Gb  dns.o [1]
parse_number            0x0000187b  0x140  Code  Lc  cJSON.o [1]
parse_object            0x00002481  0x152  Code  Lc  cJSON.o [1]
parse_string            0x00001c21  0x15a  Code  Lc  cJSON.o [1]
parse_value             0x00001fbd  0x146  Code  Lc  cJSON.o [1]
pow                     0x00003349    0xe  Code  Gb  pow.o [4]
prepend_alloc           0x00000151  0x36a  Code  Lc  dlmalloc.o [3]
print_array             0x000021fd  0x27c  Code  Lc  cJSON.o [1]
print_number            0x00001a2d  0x11a  Code  Lc  cJSON.o [1]
print_object            0x000025d9  0x408  Code  Lc  cJSON.o [1]
print_string_ptr        0x00001da5  0x15c  Code  Lc  cJSON.o [1]
print_value             0x00002115   0xce  Code  Lc  cJSON.o [1]
protobuf_c_empty_string
                        0x0000be30    0x1  Data  Gb  protobuf-c.o [1]
radio_configure         0x0000b47b  0x11a  Code  Gb  radio_config.o [1]
readChar                0x00008f07    0xc  Code  Gb  MQTTPacket.o [1]
readInt                 0x00008ef5   0x12  Code  Gb  MQTTPacket.o [1]
readMQTTLenString       0x00008fbf   0x34  Code  Gb  MQTTPacket.o [1]
readPacket              0x00007c45   0xae  Code  Lc  MQTTClient.o [1]
reader_Radio_Rx_Rdy     0x0000b595   0x3a  Code  Gb  radio_config.o [1]
recv                    0x000089f5   0xca  Code  Gb  socket.o [1]
recvfrom                0x00008c29  0x1ee  Code  Gb  socket.o [1]
reg_dhcp_cbfunc         0x000062f9   0x26  Code  Gb  dhcp.o [1]
reg_wizchip_cris_cbfunc
                        0x00006eaf   0x1c  Code  Gb  wizchip_conf.o [1]
reg_wizchip_cs_cbfunc   0x00006ecb   0x1c  Code  Gb  wizchip_conf.o [1]
reg_wizchip_spi_cbfunc  0x00006ee7   0x22  Code  Gb  wizchip_conf.o [1]
retry_count             0x20003b39    0x1  Data  Lc  dns.o [1]
segment_holding         0x000000c1   0x1c  Code  Lc  dlmalloc.o [3]
send                    0x000088d5  0x110  Code  Gb  socket.o [1]
sendPacket              0x00007bc9   0x4a  Code  Lc  MQTTClient.o [1]
send_DHCP_DECLINE       0x000068f3  0x10a  Code  Gb  dhcp.o [1]
send_DHCP_DISCOVER      0x00006429  0x1ec  Code  Gb  dhcp.o [1]
send_DHCP_REQUEST       0x00006625  0x2b8  Code  Gb  dhcp.o [1]
sendto                  0x00008ac9  0x158  Code  Gb  socket.o [1]
sock_any_port           0x20001168    0x2  Data  Lc  socket.o [1]
sock_io_mode            0x2000116a    0x2  Data  Lc  socket.o [1]
sock_is_sending         0x2000116c    0x2  Data  Lc  socket.o [1]
sock_pack_info          0x20001160    0x8  Data  Gb  socket.o [1]
sock_remained_size      0x20001170   0x10  Data  Lc  socket.o [1]
socket                  0x000085c9  0x112  Code  Gb  socket.o [1]
sprintf                 0x00003855   0x38  Code  Gb  sprintf.o [3]
stRf                    0x20003ab4   0x20  Data  Gb  nrf24l01+.o [1]
stUart                  0x200039fc   0xb8  Data  Gb  Uart.o [1]
stbuff                  0x200002c0   0x10  Data  Gb  main.o [1]
strcat                  0x00008203   0x1c  Code  Gb  strcat.o [3]
strcpy                  0x000038e5         Code  Gb  strcpy.o [5]
strlen                  0x00002af1   0x10  Code  Gb  strlen.o [5]
strncmp                 0x0000396d   0x2c  Code  Gb  strncmp.o [3]
strncpy                 0x00007aa5   0x24  Code  Gb  strncpy.o [5]
swap_bits               0x0000b455   0x26  Code  Lc  radio_config.o [1]
sys_alloc               0x000004c5  0x3e2  Code  Lc  dlmalloc.o [3]
tempBuffer              0x2000038c    0xc  Data  Gb  NetHandler.o [1]
tmalloc_large           0x000008b5  0x3da  Code  Lc  dlmalloc.o [3]
tmalloc_small           0x00000c95  0x22e  Code  Lc  dlmalloc.o [3]
tolower                 0x00003999   0x12  Code  Gb  tolower.o [3]
transfer_byte           0x00008385   0x56  Code  Lc  nrf_drv_spi.o [1]
u8RF_2_Init_Num         0x200012b2    0x1  Data  Gb  nrf24l01+.o [1]
u8RF_Init_Num           0x200012b1    0x1  Data  Gb  nrf24l01+.o [1]
uip_timer               0x20003b68    0x4  Data  Gb  hal.o [1]
userInfo                0x20000340   0x18  Data  Gb  NetHandler.o [1]
user_information__descriptor
                        0x0000bac8   0x3c  Data  Gb  UserInformation.pb-c.o [1]
user_information__field_descriptors
                        0x0000a63c   0x58  Data  Lc  UserInformation.pb-c.o [1]
user_information__field_indices_by_name
                        0x0000a694    0x8  Data  Lc  UserInformation.pb-c.o [1]
user_information__init  0x0000baa1    0xe  Code  Gb  UserInformation.pb-c.o [1]
user_information__number_ranges
                        0x0000a69c   0x10  Data  Lc  UserInformation.pb-c.o [1]
vsnprintf               0x0000858d   0x3c  Code  Gb  vsnprint.o [3]
w5x00_disconnect        0x00007b83    0xc  Code  Gb  mqtt_interface.o [1]
w5x00_read              0x00007b1f   0x38  Code  Gb  mqtt_interface.o [1]
w5x00_write             0x00007b57   0x2c  Code  Gb  mqtt_interface.o [1]
wiz_recv_data           0x000079ff   0x4c  Code  Gb  w5500.o [1]
wiz_recv_ignore         0x00007a4b   0x36  Code  Gb  w5500.o [1]
wiz_send_data           0x000079b3   0x4c  Code  Gb  w5500.o [1]
wizchip_bus_readdata    0x00006ea1    0x4  Code  Gb  wizchip_conf.o [1]
wizchip_bus_writedata   0x00006ea5    0x4  Code  Gb  wizchip_conf.o [1]
wizchip_cris_enter      0x00006e99    0x2  Code  Gb  wizchip_conf.o [1]
wizchip_cris_exit       0x00006e9b    0x2  Code  Gb  wizchip_conf.o [1]
wizchip_cs_deselect     0x00006e9f    0x2  Code  Gb  wizchip_conf.o [1]
wizchip_cs_select       0x00006e9d    0x2  Code  Gb  wizchip_conf.o [1]
wizchip_getnetinfo      0x0000739d   0x4e  Code  Gb  wizchip_conf.o [1]
wizchip_init            0x0000714b   0xe0  Code  Gb  wizchip_conf.o [1]
wizchip_setnetinfo      0x00007337   0x4e  Code  Gb  wizchip_conf.o [1]
wizchip_settimeout      0x00007419   0x28  Code  Gb  wizchip_conf.o [1]
wizchip_spi_readbyte    0x00006ea9    0x4  Code  Gb  wizchip_conf.o [1]
wizchip_spi_writebyte   0x00006ead    0x2  Code  Gb  wizchip_conf.o [1]
wizchip_sw_reset        0x000070d5   0x76  Code  Gb  wizchip_conf.o [1]
wizphy_getphyconf       0x0000729d   0x4e  Code  Gb  wizchip_conf.o [1]
wizphy_reset            0x0000722d   0x28  Code  Gb  wizchip_conf.o [1]
wizphy_setphyconf       0x00007255   0x48  Code  Gb  wizchip_conf.o [1]
wizphy_setphypmode      0x000072eb   0x4c  Code  Gb  wizchip_conf.o [1]
writeCString            0x00008f33   0x38  Code  Gb  MQTTPacket.o [1]
writeChar               0x00008f13    0x4  Code  Gb  MQTTPacket.o [1]
writeInt                0x00008f17   0x12  Code  Gb  MQTTPacket.o [1]
writeMQTTString         0x00008f6b   0x54  Code  Gb  MQTTPacket.o [1]


[1] = C:\Users\qilai\Desktop\Project\Project5-NewNet\Nrf51800_W5500网关\Nrf51800_W5500网关\Project\Debug\Obj
[2] = command line
[3] = dl6M_tlf.a
[4] = m6M_tl.a
[5] = rt6M_tl.a
[6] = shb_l.a

  46 374 bytes of readonly  code memory
   2 675 bytes of readonly  data memory
  15 229 bytes of readwrite data memory

Errors: none
Warnings: none
